Perfect! All processing is complete. Let me create a final report:

## Processing Complete ✅

I have successfully processed the event history data according to your instructions. Here's what was accomplished:

### Files Created by Directory:

#### 📁 **linear_objects/** (15 files)
All unique Linear tickets with full history tracking:
1. enterprise_customer_inquiry_dataflow_corp_evaluation_platform.md
2. infrastructure_capacity_planning_for_q4.md
3. megacorp_enterprise_evaluation_vendor_selection.md
4. megacorp_integration_attempt_with_environment_constraints.md
5. megacorp_integration_security_environment_analysis.md
6. megacorp_solution_h_agentic_workflow_evaluation_system.md
7. new_customer_onboarding_process_technical_environment_assessment.md
8. post_mortem_megacorp_integration_failure_analysis.md
9. q4_planning_internal_evaluation_dashboard_improvements.md
10. research_multi_turn_conversation_evaluation_metrics.md
11. sales_enablement_evaluation_platform_capabilities_deck.md
12. security_hardening_for_external_integrations.md
13. techflow_basic_evaluation_dashboard_deployment.md
14. techflow_evaluation_platform_inquiry.md
15. techflow_initial_consultation_and_requirements_gathering.md

Each ticket file includes:
- Full metadata (status, priority, lead, labels, dates)
- Complete status history with timestamps
- Description and final outcome
- Links to related daily digests

#### 📁 **slack_threads/** (2 files)
Chronological message logs grouped by channel:
1. **engineering.md** - 59 messages (primary technical discussions)
2. **research.md** - 4 messages (academic paper sharing)

#### 📁 **daily_digests/** (10 files)
Key dates with combined Linear + Slack activity:
1. 2024-10-01.md - Q4 kickoff
2. 2024-10-28.md - MegaCorp inquiry begins
3. 2024-10-31.md - Requirements complexity revealed
4. 2024-11-04.md - Solution H decision and architecture
5. 2024-11-18.md - Prototype complete, blockers identified
6. 2024-11-20.md - TechFlow success
7. 2024-11-25.md - MegaCorp integration failure
8. 2024-12-05.md - Post-mortem completed
9. 2024-12-12.md - New process established
10. 2024-12-16.md - DataFlow inquiry (new process)

### 📄 **Summary File Created**
`/workspace/processed_data.md` contains:
- All 16 unique tickets with current status
- Status breakdown (9 done, 5 todo, 1 in progress, 1 cancelled)
- 2 channels with message counts
- Lead reassignment analysis (none detected)
- Key timeline events
- Success stories and lessons learned
- Team performance metrics

### Key Insights from Processing:

**Success Story**: TechFlow deployment completed successfully with simple requirements

**Failure Analysis**: MegaCorp integration failed despite working prototype due to:
- Locked-down security environment not assessed upfront
- 10 req/min API limits incompatible with real-time architecture
- Custom authentication systems

**Process Improvement**: New mandatory technical environment assessment process created before any prototype development

All files are properly structured with metadata headers, wikilink references to people/tickets, and organized chronologically. The structure follows the PAM Memory Agent Guide specifications.
