Checking directory structure...

=== 09_activity_streams/daily_digests/ ===
total 48
drwxrwxrwx 2 root root 4096 Nov 26 16:07 .
drwxrwxrwx 5 root root 4096 Nov 26 16:02 ..
-rw------- 1 root root  835 Nov 26 16:07 2024-10-01.md
-rw------- 1 root root 1191 Nov 26 16:07 2024-10-28.md
-rw------- 1 root root 1072 Nov 26 16:07 2024-10-31.md
-rw------- 1 root root 1411 Nov 26 16:07 2024-11-04.md
-rw------- 1 root root 1557 Nov 26 16:07 2024-11-18.md
-rw------- 1 root root  827 Nov 26 16:07 2024-11-20.md
-rw------- 1 root root  938 Nov 26 16:07 2024-11-25.md
-rw------- 1 root root  851 Nov 26 16:07 2024-12-05.md
-rw------- 1 root root  702 Nov 26 16:07 2024-12-12.md
-rw------- 1 root root 1016 Nov 26 16:07 2024-12-16.md

=== 09_activity_streams/linear_objects/ ===
total 68
drwxrwxrwx 2 root root 4096 Nov 26 16:04 .
drwxrwxrwx 5 root root 4096 Nov 26 16:02 ..
-rw------- 1 root root 1000 Nov 26 16:04 enterprise_customer_inquiry_dataflow_corp_evaluation_platform.md
-rw------- 1 root root 1067 Nov 26 16:04 infrastructure_capacity_planning_for_q4.md
-rw------- 1 root root 1059 Nov 26 16:04 megacorp_enterprise_evaluation_vendor_selection.md
-rw------- 1 root root 1220 Nov 26 16:04 megacorp_integration_attempt_with_environment_constraints.md
-rw------- 1 root root 1239 Nov 26 16:04 megacorp_integration_security_environment_analysis.md
-rw------- 1 root root 1260 Nov 26 16:04 megacorp_solution_h_agentic_workflow_evaluation_system.md
-rw------- 1 root root 1311 Nov 26 16:04 new_customer_onboarding_process_technical_environment_assessment.md
-rw------- 1 root root 1259 Nov 26 16:04 post_mortem_megacorp_integration_failure_analysis.md
-rw------- 1 root root 1196 Nov 26 16:04 q4_planning_internal_evaluation_dashboard_improvements.md
-rw------- 1 root root  883 Nov 26 16:04 research_multi_turn_conversation_evaluation_metrics.md
-rw------- 1 root root  891 Nov 26 16:04 sales_enablement_evaluation_platform_capabilities_deck.md
-rw------- 1 root root 1113 Nov 26 16:04 security_hardening_for_external_integrations.md
-rw------- 1 root root 1146 Nov 26 16:04 techflow_basic_evaluation_dashboard_deployment.md
-rw------- 1 root root  829 Nov 26 16:04 techflow_evaluation_platform_inquiry.md
-rw------- 1 root root  987 Nov 26 16:04 techflow_initial_consultation_and_requirements_gathering.md

=== 09_activity_streams/slack_threads/ ===
total 28
drwxrwxrwx 2 root root  4096 Nov 26 16:05 .
drwxrwxrwx 5 root root  4096 Nov 26 16:02 ..
-rw------- 1 root root 14747 Nov 26 16:05 engineering.md
-rw------- 1 root root   953 Nov 26 16:05 research.md

=== Full tree of 09_activity_streams ===
/benchmark_data/setup_and_run.sh: line 218: tree: command not found

=== processed_data.md exists? ===
YES - processed_data.md found
First 50 lines:
---
title: Event History Processing Summary
date: 2024-11-26
processing_date: 2024-11-26
source: /workspace/unsorted/event_history.json
---

# Event History Processing Summary

## Overview
Processed event history data from Linear and Slack covering the period October 1 - December 20, 2024.

## Linear Tickets Summary

### All Unique Tickets and Current Status

#### Engineering Team

1. **Q4 Planning: Internal evaluation dashboard improvements**
   - Status: ✅ **DONE**
   - Lead: diana
   - Priority: medium
   - Completed: 2024-10-14
   - File: `linear_objects/q4_planning_internal_evaluation_dashboard_improvements.md`

2. **Security hardening for external integrations**
   - Status: ✅ **DONE**
   - Lead: charlie
   - Priority: medium
   - Completed: 2024-10-21
   - File: `linear_objects/security_hardening_for_external_integrations.md`

3. **Infrastructure capacity planning for Q4**
   - Status: ✅ **DONE**
   - Lead: bob
   - Priority: medium
   - Completed: 2024-10-18
   - File: `linear_objects/infrastructure_capacity_planning_for_q4.md`

4. **MegaCorp Solution H: Agentic workflow evaluation system**
   - Status: ✅ **DONE**
   - Lead: diana
   - Priority: urgent
   - Completed: 2024-11-18
   - File: `linear_objects/megacorp_solution_h_agentic_workflow_evaluation_system.md`

5. **TechFlow basic evaluation dashboard deployment**
   - Status: ✅ **DONE**
   - Lead: bob
   - Priority: medium

=== Count of files created ===
Daily digests: 10
Linear objects: 15
Slack threads: 2

