## Processing Complete!

I've successfully processed the event history data according to the PAM Memory Agent Guide structure. Here's what was created:

### Files Created Summary

#### 1. Linear Objects (9 files)
**Location**: `/workspace/config_1_company_context/09_activity_streams/linear_objects/`

- `api_rate_limiting_implementation.md`
- `data_pipeline_optimization.md`
- `database_performance_optimization.md`
- `legacy_system_migration_planning.md`
- `machine_learning_model_training_pipeline.md`
- `memory_evaluation_framework.md`
- `monitoring_dashboard_enhancement.md`
- `security_audit_preparation.md`
- `user_interface_redesign.md`

Each file tracks the complete lifecycle of a ticket including status changes, reassignments, and timeline.

#### 2. Slack Threads (2 files)
**Location**: `/workspace/config_1_company_context/09_activity_streams/slack_threads/`

- `engineering.md` (11 messages)
- `ml.md` (2 messages)

Each file contains chronological message logs grouped by channel.

#### 3. Daily Digests (26 files)
**Location**: `/workspace/config_1_company_context/09_activity_streams/daily_digests/`

Created files for all dates from 2024-11-15 through 2024-12-15, combining both Linear and Slack events into daily narratives.

#### 4. Summary Report
**Location**: `/workspace/processed_data.md`

Comprehensive summary including:
- All 10 unique tickets with current status
- 2 reassignments detected (Legacy migration: Alice → Charlie; Security audit: Grace → Alice)
- 2 channels found with message counts
- Key achievements and timeline insights
- Activity patterns and team distribution

### Key Findings
- **5 tickets completed** (50% completion rate)
- **2 reassignments** for expertise optimization
- **1 deadline extension** (Legacy migration)
- **1 cancellation** (UI redesign due to budget)
- **Major achievements**: 300% database performance improvement, full API rate limiting, ML pipeline automation

All data is now organized according to the PAM Memory Agent Guide structure with proper WikiLink formatting for future cross-referencing!
