Now I have a clear picture. Based on the event history timeline (January 6-31, 2025), "week 8" would refer to approximately the week of January 13-17, when the integration crisis occurred. Let me provide the answer:

---

## Answer: Root Cause of Week 8 Technical Debt Crisis

**The root cause of the system integration failures across all three pivot codebases was incompatible architectural decisions made independently by each pivot team.**

### Specific Technical Incompatibilities:

As documented in the event history on **January 16, 2025** (Bob's engineering assessment at event_history.json:316-319):

1. **AI Integration codebase:** Stored workflow metadata in **JSON format**
2. **Performance Optimization codebase:** Used **normalized SQL tables**  
3. **Enterprise Security codebase:** **Encrypted everything with different keys**

### Impact:

This created:
- **Three different data models** for the same entities
- **Database schema conflicts** causing data corruption
- **Data inconsistencies** where workflow executions showed different results between runs
- **Architectural chaos** that was described as "unmaintainable"

### Timeline Context:

The crisis emerged during the week of January 13-17, 2025 (approximately week 8), when:
- January 14: TechCorp pilot reported "integration with existing workflows is broken"
- January 15: DataFlow pilot experienced conflicts between secure AI features and performance optimizations
- January 16: Bob identified the core issue as "completely incompatible database schemas"
- January 17: Both enterprise customers reported major data inconsistencies

**Resolution:** On January 20, 2025, the team abandoned the three parallel efforts and consolidated into a unified AI-first platform with integrated security, essentially starting over with a clean architecture.
