## Processing Complete! ✅

I've successfully processed the event history data according to the PAM Memory Agent Guide structure. Here's what was accomplished:

### **Files Created: 21 total**

#### **1. Linear Objects (10 files)**
Each unique ticket has its own file with complete metadata, timeline, and activity log:
- q4_dashboard_theme_updates.md
- user_profile_api_rate_limiting.md
- monthly_report_template_redesign.md
- december_security_library_updates.md
- urgent_monthly_report_generation_failing_with_json_errors.md
- api_performance_regression_user_profile_endpoints.md
- dashboard_data_inconsistency_metrics_showing_gaps.md
- critical_fast_json_parse_v3_0_null_handling_breaks_multiple_systems.md
- dependency_change_impact_assessment_process.md
- automated_integration_testing_for_library_updates.md

**Note**: Tickets that appeared multiple times (like "December security library updates") were properly updated with their status changes tracked in the activity log.

#### **2. Slack Threads (1 file)**
- engineering.md - Contains all 20 messages chronologically formatted with timestamps and senders

#### **3. Daily Digests (10 files)**
One file per active day combining both Linear and Slack events:
- 2024-11-05.md through 2025-01-10.md
- Special marking for incident days (Dec 3-5)

### **Key Findings**

**Unique Tickets**: 10 tickets across 4 teams
- ✅ Done: 5 tickets
- 🔄 In Progress: 3 tickets  
- 📋 Todo: 2 tickets

**Channels**: 1 channel (engineering) with 20 messages

**Incident Detected**: A 3-day incident (Dec 3-5) caused by a transitive dependency update:
- **Root cause**: fast-json-parse v3.0 breaking change
- **Impact**: Report failures, API performance degradation, dashboard data gaps
- **Resolution**: Emergency rollback
- **Follow-up**: 2 prevention tickets created

**Reassignments**: None detected (no lead changes on same ticket)

### **Summary Report**
Complete processing summary available at: `/workspace/processed_data.md`

All files follow the PAM Memory Agent Guide structure with proper frontmatter, wikilinks for people/tickets, and chronological activity tracking.
