Perfect! I found the file. Now let me count the function definitions. Based on the ticket descriptions, the "conversion method" David mentioned is the `_args_to_dictconfig` function at line 679 (mentioned as "around line 724" in the ticket, which was the problematic line within that function).

Let me count all the function definitions in this file:

1. `lazy_imports` (line 28) - context manager function
2. `lazy_import` (line 32) - nested function inside lazy_imports
3. `__init__` (line 80) - LazyEntrypoint class method
4. `resolve` (line 149) - LazyEntrypoint class method
5. `__getattr__` (line 188) - LazyEntrypoint class method
6. `__setattr__` (line 204) - LazyEntrypoint class method
7. `__add__` (line 222) - LazyEntrypoint class method
8. `__sub__` (line 225) - LazyEntrypoint class method
9. `__mul__` (line 228) - LazyEntrypoint class method
10. `__iadd__` (line 231) - LazyEntrypoint class method
11. `__isub__` (line 234) - LazyEntrypoint class method
12. `__imul__` (line 237) - LazyEntrypoint class method
13. `_record_operation` (line 240) - LazyEntrypoint class method
14. `_add_overwrite` (line 245) - LazyEntrypoint class method
15. `_parse_config` (line 258) - LazyEntrypoint class method
16. `_target_path_` (line 362) - property in LazyEntrypoint
17. `is_lazy` (line 369) - property in LazyEntrypoint
18. `__build__` (line 373) - LazyEntrypoint class method
19. `__flatten__` (line 377) - LazyEntrypoint class method
20. `__unflatten__` (line 384) - LazyEntrypoint class method (classmethod)
21. `__path_elements__` (line 392) - LazyEntrypoint class method
22. `__fn_or_cls__` (line 399) - property in LazyEntrypoint
23. `__arguments__` (line 403) - property in LazyEntrypoint
24. `__signature_info__` (line 411) - property in LazyEntrypoint
25. `__argument_tags__` (line 415) - property in LazyEntrypoint
26. `__argument_history__` (line 419) - property in LazyEntrypoint
27. `__post_init__` (line 429) - LazyTarget class method
28. `__call__` (line 448) - LazyTarget class method
29. `_load_real_object` (line 451) - LazyTarget class method
30. `_load_entrypoint` (line 456) - LazyTarget class method
31. `rekey_entrypoints` (line 474) - nested function inside _load_entrypoint
32. `target` (line 524) - property in LazyTarget
33. `__is_lazy__` (line 533) - property in LazyTarget
34. `__init__` (line 551) - LazyModule class method
35. `__getattr__` (line 556) - LazyModule class method
36. `__call__` (line 565) - LazyModule class method
37. `_import` (line 569) - LazyModule class method
38. `__dir__` (line 572) - LazyModule class method
39. `__signature__` (line 575) - property in LazyModule
40. `__annotations__` (line 579) - property in LazyModule
41. `__getstate__` (line 583) - LazyModule class method
42. `__setstate__` (line 586) - LazyModule class method
43. `__is_lazy__` (line 591) - property in LazyModule
44. `dictconfig_to_dot_list` (line 596) - standalone function
45. `_args_to_dictconfig` (line 679) - standalone function (this is the conversion method!)
46. `_is_config_file_path` (line 736) - standalone function
47. `_dummy_fn` (line 755) - standalone function
48. `_flatten_lazy_entrypoint` (line 760) - standalone function
49. `_unflatten_lazy_entrypoint` (line 764) - standalone function
50. `_flatten_lazy_target` (line 771) - standalone function
51. `_unflatten_lazy_target` (line 775) - standalone function
52. `_load_entrypoint_from_script` (line 788) - standalone function
53. `import_module` (line 863) - standalone function
54. `load_config_from_path` (line 869) - standalone function

**Answer: There are 54 total function definitions in the file `/workspace/NeMo-Run/nemo_run/cli/lazy.py` that contains the conversion method `_args_to_dictconfig` (line 679).**

This includes:
- Regular functions (standalone and nested)
- Class methods (including `__init__`, dunder methods, regular methods)
- Properties (which are technically decorated functions)
