Perfect! I found the answer. Based on the event history data, specifically the post-mortem analysis discussion on April 20, 2025, I can now provide you with the answer.

---

**Answer:**

During the post-mortem analysis, the team identified three specific systemic issues that allowed the problem to go undetected for weeks: (1) a complete monitoring blind spot for external integrations, with all monitoring focused only on internal service health; (2) aggressive timeout settings optimized solely for internal sub-second microservice responses that were inappropriately applied to external third-party webhooks requiring 5-10 second response windows; and (3) inadequate integration testing scope that failed to cover third-party webhook workflows and external service interactions.

---

## Post-Mortem Analysis Report

### Executive Summary
A database optimization initiative deployed on March 11, 2025, caused a 15% drop in customer satisfaction that went undetected for over 5 weeks. The optimization broke external webhook deliveries to critical services (Stripe, email providers, notification systems) while all internal monitoring showed perfect performance.

### Three Systemic Issues Identified

#### 1. **Monitoring Blind Spot for External Integrations**
- **Problem**: Complete absence of monitoring for external service health and webhook delivery status
- **Impact**: Failed deliveries to Stripe, email providers, and notification services were invisible to the engineering team
- **Evidence**: Internal monitoring showed "all metrics green" and "zero errors" while customers experienced payment failures, missing notifications, and delayed email campaigns
- **Quote**: "Classic case of optimizing what we measure, not what matters to customers" (Charlie, 2025-04-19)

#### 2. **Inappropriate Timeout Configuration Applied Globally**
- **Problem**: Aggressive timeout settings (optimized for sub-second internal microservice responses) were applied universally to all connections, including external third-party services
- **Impact**: External webhooks requiring 5-10 second response windows were prematurely terminated, causing silent failures
- **Evidence**: Internal APIs responded in milliseconds and worked perfectly, but Stripe callbacks, email webhook confirmations, and third-party notification deliveries all failed
- **Quote**: "We optimized for internal speed but killed external integrations" (Bob, 2025-04-19)

#### 3. **Inadequate Integration Testing Scope**
- **Problem**: Testing protocols did not include third-party webhook workflows or external service interaction patterns
- **Impact**: The optimization passed "all internal tests perfectly" but broke customer-facing external integrations
- **Evidence**: Bob's concern about "broader integration testing" and "third-party webhooks" was dismissed with "changes are mostly internal connection management - shouldn't affect external APIs"
- **Root Cause**: Testing focused exclusively on internal system performance rather than end-to-end customer workflows

### Timeline of the Crisis
- **March 3-10**: Database optimization developed under pressure for Q4 performance reviews
- **March 11**: Deployment celebrated as "flawless execution" with 40% CPU reduction and 60% faster response times
- **March 18-25**: Gradual increase in support tickets dismissed as "busy season"
- **April 2**: Customer satisfaction scores showed concerning decline
- **April 15**: 15% satisfaction drop formally recognized, investigation initiated
- **April 18**: Root cause discovered after 5+ weeks of customer impact
- **April 20**: Post-mortem analysis conducted
- **April 21**: Critical fix ticket created

### Resolution Requirements
1. Implement separate timeout configurations for internal vs. external services
2. Add comprehensive monitoring for third-party integration health
3. Expand integration testing to include external webhook workflows
4. Establish customer-impact metrics as primary success indicators, not just internal performance metrics

---

**Time Saved Estimate**: This analysis and report would have taken approximately 45-60 minutes to manually extract from the event history, analyze the timeline, and compile into a structured format. With delegation overhead (5-10 minutes), the net time saved is approximately 35-50 minutes.
