Based on the event history data, here's the answer to your question:

## Resolution of the Convergence Crisis

When forced to choose one approach for the customer demo deadline, **the team didn't pick just one approach** - instead, they resolved the crisis through **architectural decomposition**.

### The Final Technical Solution

**Pipeline Architecture** - Sequential staging of all three attention mechanisms:

1. **Stage 1: Sparse Attention** (Preprocessing)
   - Reduces input complexity and memory footprint
   - Leverages 40% efficiency gains

2. **Stage 2: Hierarchical Attention** (Main Inference)
   - Handles deep understanding tasks
   - Provides 15% accuracy improvements

3. **Stage 3: Multi-Head Attention** (Output Layer)
   - Ensures stable, reliable output generation
   - Maintains baseline reliability

### Key Breakthrough Moment

The solution came from Alice on **January 18 at 14:00 UTC** when she suggested: *"Why are we treating this as either/or? What if the solution is architectural decomposition? Use different attention mechanisms for different processing stages?"*

### Why It Worked

- **Eliminated memory conflicts**: Sequential memory allocation instead of parallel GPU kernel conflicts
- **Turned weaknesses into strengths**: The incompatible tensor shape optimizations became clear stage boundaries
- **Combined benefits**: Achieved **28% efficiency gain + 11% accuracy improvement + baseline reliability**

The team successfully demoed this solution to TechCorp on January 24, with the customer calling it "the future of AI efficiency."
