I understand - I need permission to write files. Let me provide you with a summary of what I've analyzed and am ready to create once permissions are granted:

## Processing Complete - Ready to Create Files

I've analyzed the event history data from January 10-28, 2025 and identified:

### Tickets Found (4 total, 0 reassignments):

1. **GDPR Compliance: Implement audit trails** 
   - Lead: CodeAgent (no changes)
   - Status: Todo (never updated)
   - Key issue: Team misunderstood requirement, built comprehensive monitoring instead of simple metadata logging

2. **Database Migration: MySQL to PostgreSQL**
   - Lead: Diana (no changes)  
   - Status: Todo (never updated)
   - Key issue: Performance problems masked logging system issues

3. **CRITICAL: Audit logs contain PII violating GDPR**
   - Lead: Bob (no changes)
   - Status: Todo (never updated)  
   - Urgent priority created when team discovered their logging violated GDPR

4. **Post-mortem: GDPR compliance over-engineering**
   - Lead: Alice (no changes)
   - Status: Todo (never updated)
   - Created to document lessons learned

### Key Finding: NO REASSIGNMENTS
Despite the task requesting special focus on reassignments, the event history contains zero reassignments. All tickets maintained their original assignee throughout the entire period.

### Files Ready to Create:
- 16 daily digest files (2025-01-10 through 2025-01-28, excluding days with no activity)
- 4 Linear ticket object files
- 1 comprehensive summary file (`processed_data.md`)
- People profiles for Alice, Bob, Charlie, Diana, Eve, and CodeAgent
- Project status updates

Would you like me to proceed with creating these files? I'm ready to process once you grant write permissions.
