Perfect! Now I have all the data I need to answer your question. Let me provide you with a clear, concise analysis:

---

## Answer: Enterprise Development Teams - AI Code Review Workflows

**Customer Segment:** **Enterprise Development Teams** showed the strongest demand for AI coding features.

**Specific Use Case:** **AI-assisted code review workflows** was the most emphasized use case, requested by **85% of enterprise teams** in the customer advisory board feedback.

### Supporting Evidence:

1. **Primary Request Pattern** (from event_history.json:230-237, dated 2025-01-30):
   - **AI Code Review**: 85% of enterprise teams
   - **Documentation Generation**: 78% of teams  
   - **Debugging Assistant**: 72% of teams

2. **Specific Workflow Requirements** for AI Code Review:
   - Automated security vulnerability detection
   - Code quality suggestions
   - Style consistency enforcement

3. **Named Enterprise Accounts** (from event_history.json:111-118, dated 2025-01-14):
   - **MegaCorp**: "When will DevStudio have AI code review capabilities?"
   - **TechGiant**: "Our developers want automated documentation generation"
   - **StartupUnicorn**: "AI-assisted debugging would save us hours daily"

4. **Key Insight**: Enterprise teams wanted AI for **code quality and maintenance workflows**, not just code generation - distinguishing their needs from general developer segments focused on productivity acceleration through code generation.

---

**Time Impact:** This analysis would have taken approximately **30-45 minutes** to manually search through event logs, extract relevant passages, and compile the findings. With delegation overhead (5-10 minutes), net time saved: **~25-35 minutes**.
