Perfect! All processing is complete. Here's the final summary:

## ✅ Processing Complete

I've successfully processed the event history data and organized it according to the PAM Memory Agent Guide structure.

### Files Created

#### **09_activity_streams/linear_objects/** (9 files)
- `scale_pretraining_pipeline_to_512_node_a100_cluster.md`
- `optimize_minhash_deduplication_cpu_bottleneck.md`
- `implement_llm_based_data_quality_classifier_pipeline.md`
- `parallel_pipeline_comparison_volume_vs_quality_filtering.md`
- `urgent_prototype_synthetic_data_generation_pipeline.md`
- `storage_capacity_crisis_shutdown_parallel_pipelines.md` ✓ (done)
- `pivot_to_multi_epoch_training_strategy.md`
- `critical_epoch_training_inconsistency_analysis.md`
- `pytorch_dataloader_shuffling_bug___epoch_iteration_fix.md` ✓ (done)

#### **09_activity_streams/slack_threads/** (5 files)
- `engineering.md` (28 messages)
- `post_training.md` (5 messages)
- `competition.md` (2 messages)
- `research.md` (3 messages)
- `random.md` (2 messages)

#### **09_activity_streams/daily_digests/** (24 files)
- One file per day from `2024-10-01.md` through `2024-10-25.md`

#### **Summary Document**
- `/workspace/processed_data.md` - Complete processing summary with statistics

### Key Statistics
- **Total Events**: 49 (9 Linear, 40 Slack)
- **Date Range**: October 1-25, 2024 (24 days)
- **Tickets**: 2 completed, 6 in-progress, 1 todo
- **Active Participants**: alice, bob, charlie, diana, eve
- **Most Active Channel**: #engineering (28 messages)

### Project Narrative Summary
The event history tracks a month-long ML infrastructure optimization project that evolved through several strategic pivots:
1. Initial scaling from 128 to 512 nodes
2. Discovery of MinHash deduplication bottleneck
3. Shift to quality-based filtering approach
4. Storage crisis from parallel experiments
5. Critical PyTorch DataLoader bug discovery and fix
6. Final resolution with multi-epoch training strategy

All files follow the PAM Memory Agent Guide format with proper metadata, wikilinks to people/tickets, and chronological organization.
