Perfect! All tasks are completed. Let me provide you with a summary of what's been processed:

---

## ✅ Event History Processing Complete

I've successfully processed the event history data and organized it according to the PAM Memory Agent Guide structure. Here's what was created:

### 📊 Data Summary

**Timeline**: January 6-31, 2025
**Total Events**: 47 (Slack messages + Linear tickets)
**Unique Tickets**: 6 Linear tickets
**People**: Alice, Bob, Charlie, Diana

### 📁 Files Created

#### 1. **Daily Digests** (16 files in `09_activity_streams/daily_digests/`)
- 2025-01-06 through 2025-01-31
- Narrative format with timestamps, people, and context
- Organized by channel and platform

#### 2. **Linear Ticket Objects** (6 files in `09_activity_streams/linear_objects/`)
- Emergency: Competitive response to AutomateFlow disruption
- AI Integration Strategy - Natural Language Workflow Builder
- Performance Superiority Campaign - 10x Speed Initiative
- Enterprise Security & Compliance AI Platform
- CRITICAL: Integration failures across pivot implementations
- Unified AI-First Platform Strategy

#### 3. **People Profiles** (4 files in `02_people/`)
- Alice (Product Leadership)
- Bob (Engineering Leadership)
- Diana (Research & Enterprise Focus)
- Charlie (Security & Research)

#### 4. **Project Milestone** (1 file in `06_projects/active/`)
- Market Response Q1 2025 (comprehensive milestone tracking)

#### 5. **Summary Report** (`/workspace/processed_data.md`)
- Complete ticket tracking with status history
- **Reassignment analysis** (KEY FINDING: Zero reassignments detected)
- Customer impact timeline
- Technical debt assessment
- Lessons learned

### 🎯 Key Findings on Reassignments

**CRITICAL INSIGHT**: Throughout the entire crisis period (Jan 6-31), **NO tickets changed leads**:

| Ticket | Lead | Status |
|--------|------|--------|
| Emergency Response | Alice | No reassignment |
| AI Integration | Alice | No reassignment |
| Performance Campaign | Bob | No reassignment |
| Enterprise Security | Diana | No reassignment |
| Integration Failures | Bob | No reassignment |
| Unified Platform | Alice | No reassignment |

**Interpretation**: 
- Stable ownership despite strategic conflicts
- Clear functional boundaries maintained
- Consolidation occurred at ticket level (superseding/integrating) rather than reassignment
- Leadership tensions were collaborative rather than requiring authority transfers

### 📈 Story Arc Captured

1. **Crisis** (Jan 6): AutomateFlow disruption
2. **Fragmentation** (Jan 6-13): Three parallel strategies
3. **Conflict** (Jan 7-10): Resource debates, customer loss
4. **Breakdown** (Jan 14-19): Integration failures, talent loss
5. **Consolidation** (Jan 20): Strategic pivot decision
6. **Recovery** (Jan 21-31): Unified rebuild, alpha stability

---

## Ready to Answer Questions

I'm now ready to answer questions about:
- Any specific ticket's history
- Status changes and timeline
- People's activities and contributions
- Customer relationships and outcomes
- Technical decisions and architecture evolution
- Strategic pivots and lessons learned

**The data is fully processed and cross-linked with wikilinks for easy navigation through the PAM structure.**

What would you like to know about the event history?
