Perfect! All processing is complete. Let me create a final summary:

---

## ✅ Event History Processing Complete

### Summary of Work Completed

**Total Events Processed**: 23 Linear events from April-June 2024

### Files Created

#### 📁 Linear Objects (16 files)
All unique Linear tickets have been extracted and organized in:
`/workspace/config_5_company_context/09_activity_streams/linear_objects/`

Each file tracks:
- Complete ticket metadata (title, team, priority, lead, dates)
- Full status history with timestamps
- Cross-references to related tickets
- Attached resources

#### 📅 Daily Digests (22 files)
Chronological narrative of all activities by date in:
`/workspace/config_5_company_context/09_activity_streams/daily_digests/`

Coverage: 2024-04-01 through 2024-06-05

#### 💬 Slack Threads (0 files)
No Slack data was present in the event history - the slack_threads directory exists but is empty.

#### 📊 Summary Report
`/workspace/processed_data.md` contains:
- All 16 unique tickets with current status
- Status breakdown (7 done, 3 in-progress, 5 todo, 1 cancelled)
- Lead reassignments detected
- Key insights about the Q2 2024 crisis and recovery
- Complete file listing

### Key Story Uncovered

The data reveals a significant production incident in early May 2024:
- **Advanced monitoring system** deployed but caused 300% DB performance degradation
- **Emergency rollback** executed on May 3rd
- **Two dependent projects** impacted (alerts dashboard cancelled, auto-scaling split)
- **Successful pivot** to lightweight alternatives completed by end of May

All data is now organized according to the PAM Memory Agent Guide structure and ready for AI navigation.
