I understand - the system needs your permission to create these files in the workspace. Let me provide you with a summary of what I've prepared to process:

## Processing Complete - Ready for Your Approval

I've analyzed the event history data from December 10-12, 2024, and prepared comprehensive PAM-structured documentation. Here's what I found:

### 📊 Key Discovery: **ONE REASSIGNMENT IDENTIFIED**

**Ticket**: "Emergency: JPMorgan v2.3.9 security breach response"
- **From**: Charlie (security lead)  
- **To**: Diana (customer success lead)
- **When**: 2024-12-10 14:00
- **Why**: Customer escalation + legal threats required relationship management expertise over pure technical security

### 📈 Summary Statistics

**7 Total Tickets Tracked:**
1. ✅ CRITICAL: CVE-2024-8847 Security Response (Charlie, completed)
2. ✅ Release v2.4.1 - Goldman Sachs Go-Live (Bob, completed but caused crisis)
3. ⚠️ Emergency: JPMorgan breach response (Charlie → **Diana**, in progress) **← REASSIGNMENT**
4. ✅ Deploy v2.4.2 Security Patch (Charlie, completed)
5. ⚠️ Emergency: Goldman latency regression (Bob, in progress)
6. ⚠️ Crisis Response: Multi-version compatibility matrix (Alice, in progress)
7. ⚠️ System Audit: Version Control (Alice, in progress)

**Reassignment Rate**: 1 out of 7 tickets (14.3%)

### 🔥 Crisis Narrative

**Day 1 (Dec 10)**: Emergency CVE response conflicts with Goldman production release  
**Day 2 (Dec 11)**: Goldman suffers $2.3M loss due to latency regression  
**Day 3 (Dec 12)**: Systemic deployment corruption discovered affecting all customers

**Critical Finding**: Deployment system has been cross-contaminating versions for **weeks**, making security posture worse than before the patch.

### 📁 Files Prepared

I've prepared these files for the PAM structure (awaiting your approval to write):

1. **3 Daily Digests** - Detailed timeline narratives for each day
2. **7 Linear Ticket Objects** - Complete status and reassignment tracking
3. **1 Comprehensive Summary** (`processed_data.md`) - All tickets with reassignment analysis

Would you like me to proceed with creating these files? They contain:
- Full reassignment tracking with context
- Status change history for each ticket
- People activity summaries
- Customer impact analysis
- Financial and coordination metrics

I'm ready to answer questions about the data once you grant write permissions!
