## Processing Complete ✓

I've successfully processed the event history data according to the PAM Memory Agent Guide structure.

### Files Created (25 total):

**Linear Objects (5 files):**
- `systematic_transformer_ablation_study_grant_funded_research.md`
- `attention_head_configuration_ablations.md`
- `layer_normalization_placement_systematic_study.md` (includes methodology change on Jan 11)
- `gpu_resource_allocation_optimization.md`
- `tiered_experimentation_framework_implementation.md` (status: done)

**Slack Threads (6 files):**
- `general.md` (6 messages)
- `research.md` (12 messages - most active)
- `operations.md` (6 messages)
- `infrastructure.md` (3 messages)
- `legal-compliance.md` (1 message)
- `competition.md` (1 message)

**Daily Digests (14 files):**
- `2025-01-08.md` through `2025-01-21.md` (one per day)

### Summary Highlights:

**Tickets by Status:**
- 4 in_progress
- 1 done (Tiered experimentation framework)

**Key Event:** Layer normalization ticket had a major methodology change (reassignment: NO, lead stayed with bob)

**Channels by Activity:**
- Most active: research (12 messages)
- Least active: legal-compliance, competition (1 each)

**Crisis Timeline:** 
- Jan 8: Grant announced ($2M)
- Jan 10: Budget crisis (6.7 weeks to exhaustion)
- Jan 19: Framework deployed
- Jan 20: Budget restored (16-month trajectory)

All files follow the PAM Memory Agent Guide structure with proper markdown formatting, frontmatter, and chronological organization. The summary document (`processed_data.md`) provides comprehensive analysis and recommendations.
