Checking directory structure...

=== 09_activity_streams/daily_digests/ ===
total 64
drwxrwxrwx 2 root root 4096 Nov 26 14:39 .
drwxrwxrwx 5 root root 4096 Nov 26 14:35 ..
-rw------- 1 root root 1824 Nov 26 14:39 2025-01-08.md
-rw------- 1 root root 2349 Nov 26 14:39 2025-01-09.md
-rw------- 1 root root 2144 Nov 26 14:39 2025-01-10.md
-rw------- 1 root root 1023 Nov 26 14:39 2025-01-11.md
-rw------- 1 root root  682 Nov 26 14:39 2025-01-12.md
-rw------- 1 root root  881 Nov 26 14:39 2025-01-13.md
-rw------- 1 root root  627 Nov 26 14:39 2025-01-14.md
-rw------- 1 root root  683 Nov 26 14:39 2025-01-15.md
-rw------- 1 root root  637 Nov 26 14:39 2025-01-16.md
-rw------- 1 root root 1072 Nov 26 14:39 2025-01-17.md
-rw------- 1 root root 1239 Nov 26 14:39 2025-01-18.md
-rw------- 1 root root 1176 Nov 26 14:39 2025-01-19.md
-rw------- 1 root root  963 Nov 26 14:39 2025-01-20.md
-rw------- 1 root root  716 Nov 26 14:39 2025-01-21.md

=== 09_activity_streams/linear_objects/ ===
total 28
drwxrwxrwx 2 root root 4096 Nov 26 14:37 .
drwxrwxrwx 5 root root 4096 Nov 26 14:35 ..
-rw------- 1 root root 1047 Nov 26 14:37 attention_head_configuration_ablations.md
-rw------- 1 root root 1128 Nov 26 14:37 gpu_resource_allocation_optimization.md
-rw------- 1 root root 1509 Nov 26 14:37 layer_normalization_placement_systematic_study.md
-rw------- 1 root root 1228 Nov 26 14:37 systematic_transformer_ablation_study_grant_funded_research.md
-rw------- 1 root root 1536 Nov 26 14:37 tiered_experimentation_framework_implementation.md

=== 09_activity_streams/slack_threads/ ===
total 32
drwxrwxrwx 2 root root 4096 Nov 26 14:37 .
drwxrwxrwx 5 root root 4096 Nov 26 14:35 ..
-rw------- 1 root root  233 Nov 26 14:37 competition.md
-rw------- 1 root root 1212 Nov 26 14:37 general.md
-rw------- 1 root root  622 Nov 26 14:37 infrastructure.md
-rw------- 1 root root  243 Nov 26 14:37 legal-compliance.md
-rw------- 1 root root 1201 Nov 26 14:37 operations.md
-rw------- 1 root root 2507 Nov 26 14:37 research.md

=== Full tree of 09_activity_streams ===
/benchmark_data/setup_and_run.sh: line 218: tree: command not found

=== processed_data.md exists? ===
YES - processed_data.md found
First 50 lines:
# Event History Processing Summary

**Processing Date**: 2025-01-26
**Data Source**: `/workspace/unsorted/event_history.json`
**Date Range**: January 8-21, 2025 (14 days)

---

## Overview

Processed 34 total events from Linear and Slack during a critical period where a research team navigated from grant funding to near-crisis to successful framework implementation.

---

## Linear Tickets Summary

### All Unique Tickets (5 Total)

| Ticket | Team | Priority | Lead | Status | Created | Last Updated |
|--------|------|----------|------|--------|---------|--------------|
| Systematic transformer ablation study | research | high | bob | in_progress | 2025-01-08 | 2025-01-08 |
| Attention head configuration ablations | research | high | diana | in_progress | 2025-01-09 | 2025-01-09 |
| Layer normalization placement systematic study | research | high | bob | in_progress | 2025-01-09 | 2025-01-11 |
| GPU resource allocation optimization | operations | urgent | charlie | in_progress | 2025-01-10 | 2025-01-10 |
| Tiered experimentation framework implementation | operations | urgent | alice | **done** | 2025-01-17 | 2025-01-19 |

### Current Status Breakdown
- **In Progress**: 4 tickets
- **Done**: 1 ticket
- **Total**: 5 unique tickets

### Critical Updates Detected

#### Layer normalization placement systematic study
- **Reassignment**: NO (remained with bob)
- **Major Update**: 2025-01-11 - Methodology changed from systematic controlled study to rapid parallel iteration due to GPU queue conflicts

#### Tiered experimentation framework implementation
- **Reassignment**: NO (remained with alice)
- **Major Update**: 2025-01-19 - Moved from in_progress to **done** (successfully deployed)

---

## Slack Channels Summary

### All Channels Found (6 Total)

| Channel | Message Count | First Activity | Last Activity | Primary Topics |
|---------|---------------|----------------|---------------|----------------|
| general | 6 | 2025-01-08 | 2025-01-21 | Grant announcement, coordination, framework |

=== Count of files created ===
Daily digests: 14
Linear objects: 5
Slack threads: 6

