Based on the event history data, here's the answer to your question:

## Alice's Final Business Model Strategy

After the team debates and customer feedback analysis, **Alice proposed an "Open Core" business model strategy** to respond to the Apache StreamFlow open-source threat.

### Specific Licensing and Monetization Approach:

**Community Edition (MIT License - Open Source):**
- Visual pipeline builder
- Basic data transformations
- Standard monitoring
- Community support

**Enterprise Edition (Proprietary - Paid):**
- Advanced governance & compliance
- Enterprise security features
- Premium connectors
- SLA-backed support
- Professional services

### Key Context:

Alice initially disagreed with Bob's "ignore and compete" strategy (Option 1), arguing that it was like "how Blackberry responded to iPhone." She advocated for the open core model after:

1. **Customer pressure**: All top 5 enterprise accounts brought up StreamFlow unprompted within days of its announcement
2. **Market reality**: Recognition that they "can't compete with 'free' on price"
3. **Developer influence**: Understanding that "developer adoption drives enterprise decisions now"

The decision was announced on **January 20, 2025**, with a target Q1 2025 release timeline. This represented the company's "biggest strategic pivot ever" - transforming from a fully proprietary model to an open core approach that would allow them to participate in the open-source community while monetizing enterprise-specific features like governance, compliance, and premium support.
