Based on the processed data from /workspace/config_vg_4_company_context/09_activity_streams/daily_digests/2025-04-20.md, the team identified three systemic issues: complete monitoring blind spots for external integrations, timeout optimizations that were too aggressive for external services requiring longer response windows, and integration testing scope that failed to cover third-party webhook workflows.

---

## Post-Mortem Analysis: Systemic Issues Identified

### Three Critical Systemic Failures

1. **Complete Monitoring Blind Spot for External Integrations**
   - Internal monitoring showed perfect performance metrics while customer-facing external integrations were failing
   - No visibility into external integration health
   - Team relied solely on internal metrics that didn't reflect actual customer experience

2. **Aggressive Timeout Optimization Incompatible with External Services**
   - Timeout settings optimized for internal microservices (sub-second response times)
   - External services required 5-10 second response windows
   - One-size-fits-all approach killed external webhook deliveries while improving internal performance

3. **Integration Testing Scope Gaps**
   - Testing didn't cover third-party webhook workflows
   - External dependencies not included in test scenarios
   - Validation focused on internal systems only

### Impact Timeline
- **Duration Undetected**: 5+ weeks (March 11 - April 16, 2025)
- **Customer Satisfaction Impact**: 15% decline
- **Affected Systems**: Payment processing, notifications, email campaigns—all external-facing integrations

### Resolution Requirements
- Separate timeout configurations for internal vs. external systems
- Comprehensive external integration monitoring
- Expanded testing scope to include third-party webhook workflows
- Holistic optimization approach that considers customer-facing dependencies
