Based on the event history data processed and organized in the PAM folder structure, here's the answer:

## Regulatory Requirement and Misunderstanding

**Triggering Requirement:** GDPR compliance for audit trails of customer data access, mandatory for enterprise contract renewals (announced Jan 10, 2025).

**What the Team Built (Misunderstanding):**
- Comprehensive request/response logging with full payloads
- Encrypted storage for all log data
- Distributed tracing with correlation IDs
- PII anonymization layer with field-level redaction
- Capturing every database query, API call, and cache hit

**Impact of Misunderstanding:**
- 200-300ms initial overhead per request
- Additional 400ms+ with PII anonymization
- Created GDPR violations by logging PII in the first place
- Severe performance degradation and timeouts
- Weeks of wasted engineering time

**What Legal Actually Wanted (Simple Solution):**
Just four simple metadata fields:
1. Timestamp
2. User ID
3. Action type (create/read/update/delete)
4. Customer ID affected

**NO request payloads, NO response data, NO encryption, NO complex infrastructure needed.**

**Root Cause:** The team interpreted "comprehensive audit trail" as full application monitoring/logging, when legal only needed basic compliance breadcrumbs—think "database audit trail, not application monitoring" (alice's words from 2025-01-25 15:45).

The solution could have been 10x simpler and would have been compliant from day one if they had clarified requirements with legal upfront instead of making assumptions.
