## Processing Complete! 

I've successfully processed the event history data according to the PAM Memory Agent Guide structure. Here's what was accomplished:

### **Files Created: 32 total**

#### **09_activity_streams/linear_objects/** (6 files)
- `current_beam_search_performance_baseline.md`
- `priority_implement_tree_search_optimization.md`
- `implement_intelligent_search_tree_pruning.md`
- `experimental_multi_agent_adversarial_search_system.md`
- `critical_search_system_non_convergence_crisis.md`
- `post_mortem_search_optimization_cascade_failure_analysis.md`

Each ticket file tracks title, description, status, priority, lead, dates, and includes timeline updates and related activity links.

#### **09_activity_streams/slack_threads/** (5 files)
- `research.md` (8 messages)
- `competition.md` (1 message)
- `engineering.md` (10 messages)
- `algorithms.md` (10 messages)
- `random.md` (1 message)

Each channel file contains chronological messages with timestamps and sender information.

#### **09_activity_streams/daily_digests/** (21 files)
Created 20 digest files (2025-01-02 through 2025-02-02) plus the summary. Each digest combines both Linear ticket updates and Slack messages for that day, with metadata tags and contextual summaries.

#### **Summary Report**
`/workspace/processed_data.md` contains:
- Complete list of all 6 tickets with current status
- All 5 channels with message counts
- Lead reassignment detection (diana → alice → diana across crisis)
- Timeline of the cascade failure from working baseline to system collapse
- Key lessons learned and critical issues identified

### **Key Insights from Processing**

The data documents a cautionary tale of optimization gone wrong:
1. Started with working 5-step beam search (3s latency)
2. Tree search increased depth to 50+ steps → 8^50 branching explosion (45s latency)
3. Pruning added ML classifiers → recursive search loops + non-determinism
4. Multi-agent search → infinite exploration with no convergence
5. Complete system failure → emergency post-mortem

All events properly linked with [[wikilinks]] for cross-referencing between tickets, people, and daily digests.
