Checking directory structure...

=== 09_activity_streams/daily_digests/ ===
total 92
drwxrwxrwx 2 root root 4096 Nov 26 15:38 .
drwxrwxrwx 5 root root 4096 Nov 26 15:35 ..
-rw------- 1 root root 1316 Nov 26 15:38 2025-01-02.md
-rw------- 1 root root  907 Nov 26 15:38 2025-01-03.md
-rw------- 1 root root  722 Nov 26 15:38 2025-01-06.md
-rw------- 1 root root  611 Nov 26 15:38 2025-01-08.md
-rw------- 1 root root  917 Nov 26 15:38 2025-01-09.md
-rw------- 1 root root  575 Nov 26 15:38 2025-01-10.md
-rw------- 1 root root  847 Nov 26 15:38 2025-01-12.md
-rw------- 1 root root  633 Nov 26 15:38 2025-01-14.md
-rw------- 1 root root  512 Nov 26 15:38 2025-01-17.md
-rw------- 1 root root  851 Nov 26 15:38 2025-01-18.md
-rw------- 1 root root  581 Nov 26 15:38 2025-01-19.md
-rw------- 1 root root  853 Nov 26 15:38 2025-01-21.md
-rw------- 1 root root  608 Nov 26 15:38 2025-01-22.md
-rw------- 1 root root  854 Nov 26 15:38 2025-01-23.md
-rw------- 1 root root  824 Nov 26 15:38 2025-01-25.md
-rw------- 1 root root  604 Nov 26 15:38 2025-01-28.md
-rw------- 1 root root 1097 Nov 26 15:38 2025-01-29.md
-rw------- 1 root root 1121 Nov 26 15:38 2025-01-30.md
-rw------- 1 root root 1847 Nov 26 15:38 2025-01-31.md
-rw------- 1 root root  868 Nov 26 15:38 2025-02-01.md
-rw------- 1 root root  689 Nov 26 15:38 2025-02-02.md

=== 09_activity_streams/linear_objects/ ===
total 32
drwxrwxrwx 2 root root 4096 Nov 26 15:36 .
drwxrwxrwx 5 root root 4096 Nov 26 15:35 ..
-rw------- 1 root root 1374 Nov 26 15:36 critical_search_system_non_convergence_crisis.md
-rw------- 1 root root  820 Nov 26 15:36 current_beam_search_performance_baseline.md
-rw------- 1 root root 1349 Nov 26 15:36 experimental_multi_agent_adversarial_search_system.md
-rw------- 1 root root 1058 Nov 26 15:36 implement_intelligent_search_tree_pruning.md
-rw------- 1 root root 1768 Nov 26 15:36 post_mortem_search_optimization_cascade_failure_analysis.md
-rw------- 1 root root 1093 Nov 26 15:36 priority_implement_tree_search_optimization.md

=== 09_activity_streams/slack_threads/ ===
total 28
drwxrwxrwx 2 root root 4096 Nov 26 15:37 .
drwxrwxrwx 5 root root 4096 Nov 26 15:35 ..
-rw------- 1 root root 2317 Nov 26 15:37 algorithms.md
-rw------- 1 root root  293 Nov 26 15:37 competition.md
-rw------- 1 root root 2302 Nov 26 15:37 engineering.md
-rw------- 1 root root  297 Nov 26 15:37 random.md
-rw------- 1 root root 2032 Nov 26 15:37 research.md

=== Full tree of 09_activity_streams ===
/benchmark_data/setup_and_run.sh: line 218: tree: command not found

=== processed_data.md exists? ===
YES - processed_data.md found
First 50 lines:
---
processing_date: 2025-11-26
source_file: /workspace/unsorted/event_history.json
date_range: 2025-01-02 to 2025-02-02
total_events: 29
---

# Event History Processing Summary

## Overview
Processed 29 events spanning 32 days (January 2 - February 2, 2025) from the Q1 2025 Search Optimization Initiative. Events document a cascade failure in search algorithm optimization that progressed from a working baseline to complete system failure.

## Linear Tickets Summary

### All Tickets (6 total)

1. **current_beam_search_performance_baseline**
   - **Created**: 2025-01-02
   - **Team**: algorithms
   - **Priority**: low
   - **Lead**: bob
   - **Status**: Created (no updates)
   - **Description**: Baseline documentation of 5-step beam search (3s latency, consistent quality)

2. **priority_implement_tree_search_optimization**
   - **Created**: 2025-01-06
   - **Team**: algorithms
   - **Priority**: urgent
   - **Lead**: CodeAgent
   - **Status**: Created (no updates)
   - **Description**: Replace beam search with tree search (67% quality improvement target)

3. **implement_intelligent_search_tree_pruning**
   - **Created**: 2025-01-14
   - **Team**: algorithms
   - **Priority**: high
   - **Lead**: charlie
   - **Status**: Created (no updates)
   - **Description**: ML classifier-based pruning to reduce search space (target: 90% reduction)

4. **experimental_multi_agent_adversarial_search_system**
   - **Created**: 2025-01-25
   - **Team**: algorithms
   - **Priority**: high
   - **Lead**: diana
   - **Status**: In Progress
   - **Milestone**: Q1 2025 Search Optimization Initiative
   - **Description**: Multiple competing agents for global optimization

5. **critical_search_system_non_convergence_crisis**

=== Count of files created ===
Daily digests: 21
Linear objects: 6
Slack threads: 5

