Perfect! Now I have all the evidence I need. Let me provide a clear answer based on the data:

---

## Evidence of Teams Believing They Built the Correct Solution

Based on the processed event history data, here's how each team genuinely believed they were building the right solution:

### **Team Confidence Indicators**

**Bob (Backend Team) - April 7, 2025:**
> "User activity tracking implementation is going smoothly! The event logging system is capturing all the user interactions perfectly. Database audit trail will give us complete visibility into user behavior patterns."

**Diana (Frontend Team) - April 7, 2025:**
> "Same here! User activity tracking dashboard is looking great. The event visualization and user behavior monitoring features are really intuitive. Love how we can track user engagement patterns in real-time!"

**Charlie (Security Team) - April 7, 2025:**
> "User activity tracking from security side is solid too! Event monitoring and user behavior analysis tools are working perfectly. The tracking capabilities will meet all our compliance requirements."

### **Shared Terminology with Different Implementations**

The data reveals three key terms used by all teams, each meaning something completely different:

#### **1. "User Activity Tracking"**
- **Bob's interpretation:** SQL database audit logging
- **Diana's interpretation:** Behavioral analytics dashboard with heatmaps
- **Charlie's interpretation:** GDPR-compliant session recording

#### **2. "Event Monitoring"**
- **Bob's meaning:** Database change events and SQL audit logs
- **Diana's meaning:** User interaction events (clicks, navigation patterns)
- **Charlie's meaning:** Security events and compliance monitoring

#### **3. "Tracking Capabilities"**
- **Bob's implementation:** Comprehensive SQL event logging
- **Diana's implementation:** Heatmaps and user journey visualization
- **Charlie's implementation:** Privacy-safe session recording

### **The Smoking Gun Evidence (May 6, 2025 Crisis)**

During the emergency meeting 2 hours before the demo, the teams discovered their divergent interpretations:

**Bob (09:30):** "I don't understand the problem. The database audit trail system is complete and working perfectly. It tracks every user action with comprehensive SQL logging. Isn't that what TechCorp wanted?"

**Diana (09:45):** "Wait, I built the user analytics dashboard with heatmaps and behavioral tracking. That's the user activity system - beautiful visualizations of user interactions and engagement patterns!"

**Charlie (10:00):** "I'm confused too. The privacy-compliant session recording system is done - full user activity monitoring with security analysis and audit capabilities. All three of our systems track user activity?!"

**Bob's realization (10:15):** "When we all talked about 'tracking user activity' and 'monitoring events', I thought we meant the same thing!"

**Diana's realization (10:30):** "We were using the same words but meaning completely different systems!"

**Charlie's realization (10:45):** "Same terminology, three totally different interpretations."

### **Root Cause**

Alice (Product Lead) acknowledged on May 6: "I wrote the specification too quickly under pressure. 'User activity tracking' was ambiguous enough that you each interpreted it through your domain expertise - database, analytics, security. All valid, but incompatible!"

All three implementations were technically correct from each team's perspective—they just solved three completely different problems using identical language.
