Excellent! Processing complete. Here's the final verification:

## ✅ Processing Complete

### Files Created by Directory:

#### **09_activity_streams/linear_objects/** (7 files)
- `evaluation_system_status_quo_assessment.md`
- `research_multi_turn_agentic_evaluation_implementation.md`
- `critical_evaluation_system_modernization.md`
- `implement_dockerized_evaluation_environment.md`
- `implement_conversation_context_isolation.md`
- `urgent_evaluation_system_resource_crisis.md`
- `post_mortem_evaluation_system_cascade_failure_analysis.md`

#### **09_activity_streams/slack_threads/** (5 files)
- `research.md` - 7 messages from diana
- `competition.md` - 1 message from alice
- `engineering.md` - 15 messages (bob, alice, diana)
- `infrastructure.md` - 7 messages from charlie
- `random.md` - 1 message from alice

#### **09_activity_streams/daily_digests/** (23 files)
- Daily digests from `2025-01-03.md` through `2025-02-01.md`
- Each file contains both Linear ticket updates AND Slack messages for that day

### Summary File
- **/workspace/processed_data.md** - Comprehensive summary with:
  - All 7 tickets and their current status
  - All 5 channels with message counts
  - No reassignments detected
  - Timeline analysis showing the cascade failure from multi-turn → dockerization → context isolation → infrastructure collapse
  - Key insight: Context isolation caused 16x memory explosion (2GB → 32GB)

All data has been successfully organized according to the PAM Memory Agent Guide structure!
