Checking directory structure...

=== 09_activity_streams/daily_digests/ ===
total 100
drwxrwxrwx 2 root root 4096 Nov 26 15:32 .
drwxrwxrwx 5 root root 4096 Nov 26 15:28 ..
-rw------- 1 root root 1182 Nov 26 15:32 2025-01-03.md
-rw------- 1 root root  405 Nov 26 15:32 2025-01-04.md
-rw------- 1 root root  440 Nov 26 15:32 2025-01-06.md
-rw------- 1 root root  272 Nov 26 15:32 2025-01-08.md
-rw------- 1 root root  498 Nov 26 15:32 2025-01-09.md
-rw------- 1 root root  285 Nov 26 15:32 2025-01-10.md
-rw------- 1 root root  272 Nov 26 15:32 2025-01-12.md
-rw------- 1 root root  518 Nov 26 15:32 2025-01-14.md
-rw------- 1 root root  446 Nov 26 15:32 2025-01-15.md
-rw------- 1 root root  264 Nov 26 15:32 2025-01-18.md
-rw------- 1 root root  471 Nov 26 15:32 2025-01-19.md
-rw------- 1 root root  266 Nov 26 15:32 2025-01-20.md
-rw------- 1 root root  313 Nov 26 15:32 2025-01-21.md
-rw------- 1 root root  480 Nov 26 15:32 2025-01-22.md
-rw------- 1 root root  418 Nov 26 15:32 2025-01-23.md
-rw------- 1 root root  309 Nov 26 15:32 2025-01-25.md
-rw------- 1 root root  439 Nov 26 15:32 2025-01-26.md
-rw------- 1 root root  485 Nov 26 15:32 2025-01-27.md
-rw------- 1 root root  439 Nov 26 15:32 2025-01-28.md
-rw------- 1 root root  625 Nov 26 15:32 2025-01-29.md
-rw------- 1 root root 1240 Nov 26 15:32 2025-01-30.md
-rw------- 1 root root  502 Nov 26 15:32 2025-01-31.md
-rw------- 1 root root  295 Nov 26 15:32 2025-02-01.md

=== 09_activity_streams/linear_objects/ ===
total 36
drwxrwxrwx 2 root root 4096 Nov 26 15:29 .
drwxrwxrwx 5 root root 4096 Nov 26 15:28 ..
-rw------- 1 root root  934 Nov 26 15:29 critical_evaluation_system_modernization.md
-rw------- 1 root root  912 Nov 26 15:29 evaluation_system_status_quo_assessment.md
-rw------- 1 root root  924 Nov 26 15:29 implement_conversation_context_isolation.md
-rw------- 1 root root  956 Nov 26 15:29 implement_dockerized_evaluation_environment.md
-rw------- 1 root root 1036 Nov 26 15:29 post_mortem_evaluation_system_cascade_failure_analysis.md
-rw------- 1 root root  862 Nov 26 15:29 research_multi_turn_agentic_evaluation_implementation.md
-rw------- 1 root root  943 Nov 26 15:29 urgent_evaluation_system_resource_crisis.md

=== 09_activity_streams/slack_threads/ ===
total 28
drwxrwxrwx 2 root root 4096 Nov 26 15:30 .
drwxrwxrwx 5 root root 4096 Nov 26 15:28 ..
-rw------- 1 root root  252 Nov 26 15:30 competition.md
-rw------- 1 root root 3212 Nov 26 15:30 engineering.md
-rw------- 1 root root 1587 Nov 26 15:30 infrastructure.md
-rw------- 1 root root  271 Nov 26 15:30 random.md
-rw------- 1 root root 1601 Nov 26 15:30 research.md

=== Full tree of 09_activity_streams ===
/benchmark_data/setup_and_run.sh: line 218: tree: command not found

=== processed_data.md exists? ===
YES - processed_data.md found
First 50 lines:
# Event History Processing Summary

**Processing Date**: 2025-11-26
**Source File**: /workspace/unsorted/event_history.json
**Date Range**: 2025-01-03 to 2025-02-01

---

## Overview

This document summarizes the processed event history data from Linear and Slack, organized into the PAM Memory Agent structure.

---

## Linear Tickets (7 Total)

### Ticket Status Summary

| Ticket | Status | Priority | Lead | Team | Start Date | Expected End |
|--------|--------|----------|------|------|------------|--------------|
| Evaluation System Status Quo Assessment | todo | medium | alice | engineering | 2025-01-03 | 2025-01-10 |
| Research: Multi-turn agentic evaluation implementation | todo | high | diana | research | 2025-01-04 | 2025-01-18 |
| CRITICAL: Evaluation system modernization | in_progress | urgent | CodeAgent | engineering | 2025-01-06 | 2025-02-15 |
| Implement dockerized evaluation environment | in_progress | high | charlie | infrastructure | 2025-01-15 | 2025-01-25 |
| Implement conversation context isolation | in_progress | high | bob | engineering | 2025-01-23 | 2025-02-01 |
| URGENT: Evaluation system resource crisis | in_progress | urgent | charlie | infrastructure | 2025-01-28 | 2025-02-05 |
| Post-mortem: Evaluation system cascade failure analysis | in_progress | urgent | alice | engineering | 2025-01-31 | 2025-02-07 |

### Current Status Breakdown
- **Todo**: 2 tickets
- **In Progress**: 5 tickets
- **Completed**: 0 tickets

### Priority Distribution
- **Urgent**: 3 tickets
- **High**: 3 tickets
- **Medium**: 1 ticket

### Lead Assignments
- **alice**: 2 tickets
- **charlie**: 2 tickets
- **diana**: 1 ticket
- **bob**: 1 ticket
- **CodeAgent**: 1 ticket

### Team Distribution
- **engineering**: 4 tickets
- **infrastructure**: 2 tickets
- **research**: 1 ticket


=== Count of files created ===
Daily digests: 23
Linear objects: 7
Slack threads: 5

