## ✅ Processing Complete

I've successfully processed the event history data and organized it according to the PAM Memory Agent Guide structure. Here's what was created:

### 📁 Files Created by Directory:

#### **09_activity_streams/linear_objects/** (4 files)
- `explore_sparse_attention_mechanisms_for_model_efficiency.md`
- `investigate_hierarchical_attention_for_accuracy_improvements.md`
- `multi_head_attention_baseline_comparison_study.md`
- `urgent_attention_mechanism_integration_for_techcorp_demo.md`

#### **09_activity_streams/slack_threads/** (6 files)
- `attention_experiments.md` (13 messages)
- `competition.md` (1 message)
- `general.md` (8 messages)
- `infrastructure.md` (2 messages)
- `research.md` (9 messages)
- `sales.md` (2 messages)

#### **09_activity_streams/daily_digests/** (7 files)
- `2025-01-15.md` - Discovery day: dual research tracks launched
- `2025-01-16.md` - Early results + third approach added
- `2025-01-17.md` - Infrastructure issues + customer acceleration
- `2025-01-18.md` - **CRISIS & BREAKTHROUGH** (pipeline architecture insight)
- `2025-01-19.md` - Success validation
- `2025-01-20.md` - Team reflection
- `2025-01-24.md` - Demo day success

### 📊 Summary Statistics:

**Processed:** 40 total events (5 Linear, 35 Slack)

**Unique Tickets:** 4 Linear tickets
- ✓ 1 completed (URGENT integration ticket)
- ⏳ 2 in progress (sparse & hierarchical research)
- 📋 1 todo (multi-head baseline)

**Reassignments Detected:** None (the URGENT ticket had 2 status updates but same lead)

**Channels Found:** 6 Slack channels tracked

### 📄 Summary Report:
Created `/workspace/processed_data.md` with complete analysis including:
- All ticket statuses and current state
- Message counts per channel
- Technical breakthrough narrative
- People activity summary
- Complete file inventory

The data tells a compelling 10-day story from paper discovery to customer demo success, with a critical architectural breakthrough on day 4 that solved GPU memory conflicts through pipeline decomposition.
