Based on the Slack #engineering channel discussions, here's the evidence showing how each team genuinely believed they were building the correct solution:

## Evidence of Genuine Belief in Correctness

### **Bob (Database Team) - April 7-18:**
- **Confidence indicators:** "going smoothly!" "perfectly" "incredibly comprehensive" 🎉
- **His understanding:** "Database audit trail is capturing every user action with full SQL event logging"
- **Post-discovery reaction (May 6):** "I don't understand the problem. The database audit trail system is complete and working perfectly... Isn't that what TechCorp wanted?"

### **Diana (Analytics Team) - April 7-18:**
- **Confidence indicators:** "looking great" "really intuitive" "beautiful" "exceeded my expectations" 🚀
- **Her understanding:** "User activity analytics with heatmaps and user journey visualizations... track user engagement patterns in real-time"
- **Post-discovery reaction:** "I built the user analytics dashboard with heatmaps and behavioral tracking. That's the user activity system"

### **Charlie (Security Team) - April 7-18:**
- **Confidence indicators:** "solid too!" "working perfectly" "meet all regulatory requirements" ✅
- **His understanding:** "Privacy-compliant session recording system with security analysis capabilities"
- **Post-discovery reaction:** "The privacy-compliant session recording system is done - full user activity monitoring"

## The Terminology Confusion

All three teams used **identical terminology** but meant **completely different implementations**:

| **Shared Term** | **Bob's Meaning** | **Diana's Meaning** | **Charlie's Meaning** |
|-----------------|-------------------|---------------------|----------------------|
| "user activity tracking" | SQL database audit logging | Behavioral analytics dashboard | Privacy-safe session recording |
| "event monitoring" | Database event capture | Click patterns & heatmaps | Compliance monitoring |
| "user behavior analysis" | SQL audit trail | User journey visualization | Security analysis |
| "tracking capabilities" | Comprehensive logging | Real-time engagement metrics | Regulatory compliance features |

## Key Moment of Realization

**Bob (May 6, 10:15):** "When we all talked about 'tracking user activity' and 'monitoring events', I thought we meant the same thing!"

**Diana (May 6, 10:30):** "We were using the same words but meaning completely different systems!"

**Charlie (May 6, 10:45):** "Same terminology, three totally different interpretations. How did we miss this?"

**Bob's retrospective (May 6, 11:30):** "Our Slack discussions should have been a red flag. We were all using the same words - 'tracking', 'events', 'user activity' - but meaning completely different technical implementations. Classic case of specification ambiguity."

Each team interpreted the ambiguous requirement through their domain expertise lens, and Alice's rushed specification allowed all three interpretations to seem valid simultaneously.
