Excellent! All files have been created successfully. Let me now create a final verification summary:

## Processing Complete

I've successfully processed the event history data according to the PAM Memory Agent Guide structure. Here's what was accomplished:

### Files Created by Directory:

#### **09_activity_streams/linear_objects/** (9 files)
1. `api_rate_limiting_implementation.md`
2. `data_pipeline_optimization.md`
3. `database_performance_optimization.md`
4. `legacy_system_migration_planning.md`
5. `machine_learning_model_training_pipeline.md`
6. `memory_evaluation_framework.md`
7. `monitoring_dashboard_enhancement.md`
8. `security_audit_preparation.md`
9. `user_interface_redesign.md`

Each file tracks the complete lifecycle of the ticket including status changes, lead reassignments, and timeline updates.

#### **09_activity_streams/slack_threads/** (2 files)
1. `engineering.md` (11 messages from 6 users)
2. `ml.md` (2 messages from 2 users)

Each file contains chronologically ordered messages grouped by channel.

#### **09_activity_streams/daily_digests/** (26 files)
Daily digests created for dates: 2024-11-15, 2024-11-18, 2024-11-20, 2024-11-21, 2024-11-22, 2024-11-25, 2024-11-26, 2024-11-27, 2024-11-28, 2024-11-29, 2024-11-30, 2024-12-01 through 2024-12-15

Each daily digest combines both Linear ticket updates and Slack messages for that specific day.

### Summary File Created:
**`/workspace/processed_data.md`** - Comprehensive summary including:
- All 9 unique tickets with current status
- 2 Slack channels with message counts
- 2 detected reassignments
- Team activity analysis
- Timeline analysis
- Key insights and recommendations

### Key Statistics:
- **Total Events Processed**: 30 (20 Linear + 10 Slack)
- **Date Range**: November 15 - December 15, 2024
- **Tickets Completed**: 5
- **Tickets In Progress**: 2
- **Tickets Todo**: 1
- **Tickets Cancelled**: 1
- **Reassignments Detected**: 2

All data has been structured according to the PAM Memory Agent Guide with proper frontmatter, wikilink formatting, and chronological organization.
