Checking directory structure...

=== 09_activity_streams/daily_digests/ ===
total 112
drwxrwxrwx 2 root root 4096 Nov 26 11:58 .
drwxrwxrwx 5 root root 4096 Nov 26 11:55 ..
-rw------- 1 root root  658 Nov 26 11:58 2024-11-15.md
-rw------- 1 root root  486 Nov 26 11:58 2024-11-18.md
-rw------- 1 root root  444 Nov 26 11:58 2024-11-20.md
-rw------- 1 root root  652 Nov 26 11:58 2024-11-21.md
-rw------- 1 root root  468 Nov 26 11:58 2024-11-22.md
-rw------- 1 root root  372 Nov 26 11:58 2024-11-25.md
-rw------- 1 root root  379 Nov 26 11:58 2024-11-26.md
-rw------- 1 root root  458 Nov 26 11:58 2024-11-27.md
-rw------- 1 root root  356 Nov 26 11:58 2024-11-28.md
-rw------- 1 root root  383 Nov 26 11:58 2024-11-29.md
-rw------- 1 root root  595 Nov 26 11:58 2024-11-30.md
-rw------- 1 root root  455 Nov 26 11:58 2024-12-01.md
-rw------- 1 root root  617 Nov 26 11:58 2024-12-02.md
-rw------- 1 root root  581 Nov 26 11:58 2024-12-03.md
-rw------- 1 root root  376 Nov 26 11:58 2024-12-04.md
-rw------- 1 root root  458 Nov 26 11:58 2024-12-05.md
-rw------- 1 root root  608 Nov 26 11:58 2024-12-06.md
-rw------- 1 root root  634 Nov 26 11:58 2024-12-07.md
-rw------- 1 root root  429 Nov 26 11:58 2024-12-08.md
-rw------- 1 root root  341 Nov 26 11:58 2024-12-09.md
-rw------- 1 root root  612 Nov 26 11:58 2024-12-10.md
-rw------- 1 root root  473 Nov 26 11:58 2024-12-11.md
-rw------- 1 root root  342 Nov 26 11:58 2024-12-12.md
-rw------- 1 root root  359 Nov 26 11:58 2024-12-13.md
-rw------- 1 root root  657 Nov 26 11:58 2024-12-14.md
-rw------- 1 root root  594 Nov 26 11:58 2024-12-15.md

=== 09_activity_streams/linear_objects/ ===
total 44
drwxrwxrwx 2 root root 4096 Nov 26 11:56 .
drwxrwxrwx 5 root root 4096 Nov 26 11:55 ..
-rw------- 1 root root  867 Nov 26 11:56 api_rate_limiting_implementation.md
-rw------- 1 root root  739 Nov 26 11:56 data_pipeline_optimization.md
-rw------- 1 root root  869 Nov 26 11:56 database_performance_optimization.md
-rw------- 1 root root 1281 Nov 26 11:56 legacy_system_migration_planning.md
-rw------- 1 root root  890 Nov 26 11:56 machine_learning_model_training_pipeline.md
-rw------- 1 root root  697 Nov 26 11:56 memory_evaluation_framework.md
-rw------- 1 root root  676 Nov 26 11:56 monitoring_dashboard_enhancement.md
-rw------- 1 root root 1026 Nov 26 11:56 security_audit_preparation.md
-rw------- 1 root root  821 Nov 26 11:56 user_interface_redesign.md

=== 09_activity_streams/slack_threads/ ===
total 16
drwxrwxrwx 2 root root 4096 Nov 26 11:57 .
drwxrwxrwx 5 root root 4096 Nov 26 11:55 ..
-rw------- 1 root root 1466 Nov 26 11:57 engineering.md
-rw------- 1 root root  284 Nov 26 11:57 ml.md

=== Full tree of 09_activity_streams ===
/benchmark_data/setup_and_run.sh: line 218: tree: command not found

=== processed_data.md exists? ===
YES - processed_data.md found
First 50 lines:
---
title: Event History Processing Summary
date: 2025-11-26
type: processing-report
tags: [summary, linear, slack, activity-streams]
---

# Event History Processing Summary

## Processing Overview

**Source File**: `/workspace/unsorted/event_history.json`
**Date Range**: 2024-11-15 to 2024-12-15
**Total Events**: 30
- Linear Events: 20
- Slack Messages: 10

## Linear Tickets Summary

### All Unique Tickets (9 total)

#### Completed Tickets (5)

1. **Legacy system migration planning**
   - **Current Status**: DONE (Completed 2024-12-14)
   - **Team**: engineering
   - **Priority**: urgent
   - **Lead**: charlie (reassigned from alice on 2024-11-21)
   - **Duration**: 29 days (2024-11-15 to 2024-12-14)
   - **Notes**: Deadline extended due to missed dependencies

2. **Database performance optimization**
   - **Current Status**: DONE (Completed 2024-11-30)
   - **Team**: engineering
   - **Priority**: high
   - **Lead**: bob
   - **Duration**: 12 days (2024-11-18 to 2024-11-30)
   - **Result**: 300% query performance improvement

3. **Machine learning model training pipeline**
   - **Current Status**: DONE (Completed 2024-12-15)
   - **Team**: ml
   - **Priority**: high
   - **Lead**: diana
   - **Duration**: 25 days (2024-11-20 to 2024-12-15)
   - **Result**: Automated training and deployment operational

4. **API rate limiting implementation**
   - **Current Status**: DONE (Completed 2024-12-06)
   - **Team**: engineering

=== Count of files created ===
Daily digests: 26
Linear objects: 9
Slack threads: 2

