Perfect! I now have all the information needed to answer the question. Let me provide a clear, concise answer:

---

## Answer

**Regulatory Requirement:**
GDPR compliance - the company received a GDPR audit notification requiring implementation of audit trails for all customer data access by March 31st, which was mandatory for enterprise contract renewals.

**The Misunderstanding:**
The engineering team interpreted "comprehensive audit trails" to mean:
- Full request/response logging with complete payloads
- Encrypted storage of all customer data interactions
- Comprehensive monitoring system capturing every API call, database query, and cache hit
- Complex PII anonymization and field-level redaction

This implementation caused:
- 400ms performance degradation per request
- Accidental GDPR violation by storing customer PII in the logs themselves
- Significant engineering complexity and overhead

**What Legal Actually Intended (The Simple Solution):**
Legal only needed basic metadata for compliance:
- **Timestamp**
- **User ID** 
- **Action type** (create/read/update/delete)
- **Affected customer ID**

As Alice clarified: "Think database audit trail, not application monitoring." Legal wanted simple compliance breadcrumbs showing who-did-what-when, not comprehensive technical monitoring.

The root cause was a terminology mismatch - "audit trail" meant monitoring/debugging to engineering but meant compliance tracking to legal. The team should have gotten written requirements from legal before implementation to avoid this costly over-engineering.
