Perfect! Processing complete. Here's a summary of what I've accomplished:

## Processing Complete

### Files Created by Directory:

#### **09_activity_streams/linear_objects/** (6 files)
- `ab_testing_capability_for_new_dashboard_ui.md`
- `user_segment_targeting_for_enterprise_features.md`
- `critical_techcorp_compliance_audit_logging_disabled.md`
- `feature_flag_system_complexity_audit_and_simplification.md`
- `senior_engineer_onboarding_eve_joins_engineering_team.md`
- `flag_system_architecture_redesign_explicit_business_logic.md`

#### **09_activity_streams/slack_threads/** (5 files)
- `engineering.md` - 42 messages
- `product.md` - 3 messages
- `qa.md` - 6 messages
- `sales.md` - 5 messages
- `research.md` - 5 messages

#### **09_activity_streams/daily_digests/** (51 files)
Daily digest files from 2024-12-01 through 2025-02-03, capturing the complete narrative of:
- The evolution from 3 to 21 feature flags
- The emergence of system complexity
- Production incidents and their root causes
- The team's recognition and response to the crisis
- Expert intervention and redesign initiation

### Summary Report: `/workspace/processed_data.md`

Contains:
- **6 Linear tickets** with current status (4 todo, 2 in progress)
- **66 Slack messages** across 5 channels
- **Timeline analysis** in 5 phases from initial implementation to redesign
- **Key insights** about emergent complexity
- **1 lead reassignment** (to new hire eve)
- Complete file manifest

### Key Narrative Arc Captured:

This event history tells a compelling story about **emergent complexity in software systems**:

1. Simple A/B testing requirement (3 flags)
2. Reasonable incremental additions (user segmentation, time-based, ML personalization)
3. Introduction of conditional dependencies (the critical turning point)
4. Growth to 21 flags with business logic encoded in interactions
5. Multiple production incidents from unpredictable flag combinations
6. Team recognition: "we've created a monster"
7. Expert diagnosis: distributed state machine with implicit business logic
8. Architecture redesign with explicit business rules

All data has been organized according to the PAM Memory Agent Guide structure and is ready for AI agent navigation.
