Checking directory structure...

=== 09_activity_streams/daily_digests/ ===
total 212
drwxrwxrwx 2 root root 4096 Nov 26 15:14 .
drwxrwxrwx 5 root root 4096 Nov 26 15:08 ..
-rw------- 1 root root  418 Nov 26 15:14 2024-12-01.md
-rw------- 1 root root  557 Nov 26 15:14 2024-12-02.md
-rw------- 1 root root  369 Nov 26 15:14 2024-12-03.md
-rw------- 1 root root  338 Nov 26 15:14 2024-12-04.md
-rw------- 1 root root  467 Nov 26 15:14 2024-12-05.md
-rw------- 1 root root  307 Nov 26 15:14 2024-12-06.md
-rw------- 1 root root  341 Nov 26 15:14 2024-12-07.md
-rw------- 1 root root  381 Nov 26 15:14 2024-12-08.md
-rw------- 1 root root  438 Nov 26 15:14 2024-12-09.md
-rw------- 1 root root  297 Nov 26 15:14 2024-12-10.md
-rw------- 1 root root  288 Nov 26 15:14 2024-12-11.md
-rw------- 1 root root  348 Nov 26 15:14 2024-12-12.md
-rw------- 1 root root  352 Nov 26 15:14 2024-12-13.md
-rw------- 1 root root  294 Nov 26 15:14 2024-12-14.md
-rw------- 1 root root  370 Nov 26 15:14 2024-12-15.md
-rw------- 1 root root  300 Nov 26 15:14 2024-12-16.md
-rw------- 1 root root  340 Nov 26 15:14 2024-12-17.md
-rw------- 1 root root  323 Nov 26 15:14 2024-12-18.md
-rw------- 1 root root  331 Nov 26 15:14 2024-12-19.md
-rw------- 1 root root  327 Nov 26 15:14 2024-12-20.md
-rw------- 1 root root  328 Nov 26 15:14 2024-12-21.md
-rw------- 1 root root  376 Nov 26 15:14 2024-12-22.md
-rw------- 1 root root  361 Nov 26 15:14 2025-01-02.md
-rw------- 1 root root  524 Nov 26 15:14 2025-01-03.md
-rw------- 1 root root  339 Nov 26 15:14 2025-01-04.md
-rw------- 1 root root  302 Nov 26 15:14 2025-01-05.md
-rw------- 1 root root  337 Nov 26 15:14 2025-01-06.md
-rw------- 1 root root  364 Nov 26 15:14 2025-01-07.md
-rw------- 1 root root  381 Nov 26 15:14 2025-01-08.md
-rw------- 1 root root  598 Nov 26 15:14 2025-01-09.md
-rw------- 1 root root  350 Nov 26 15:14 2025-01-10.md
-rw------- 1 root root  331 Nov 26 15:14 2025-01-11.md
-rw------- 1 root root 1331 Nov 26 15:14 2025-01-12.md
-rw------- 1 root root  340 Nov 26 15:14 2025-01-13.md
-rw------- 1 root root  327 Nov 26 15:14 2025-01-14.md
-rw------- 1 root root  335 Nov 26 15:14 2025-01-15.md
-rw------- 1 root root  345 Nov 26 15:14 2025-01-16.md
-rw------- 1 root root  349 Nov 26 15:14 2025-01-17.md
-rw------- 1 root root  348 Nov 26 15:14 2025-01-18.md
-rw------- 1 root root  342 Nov 26 15:14 2025-01-19.md
-rw------- 1 root root  662 Nov 26 15:14 2025-01-20.md
-rw------- 1 root root  396 Nov 26 15:14 2025-01-21.md
-rw------- 1 root root  419 Nov 26 15:14 2025-01-22.md
-rw------- 1 root root 1355 Nov 26 15:14 2025-01-27.md
-rw------- 1 root root 1021 Nov 26 15:14 2025-01-28.md
-rw------- 1 root root  598 Nov 26 15:14 2025-01-29.md
-rw------- 1 root root  482 Nov 26 15:14 2025-01-30.md
-rw------- 1 root root  388 Nov 26 15:14 2025-01-31.md
-rw------- 1 root root  362 Nov 26 15:14 2025-02-01.md
-rw------- 1 root root  324 Nov 26 15:14 2025-02-02.md
-rw------- 1 root root  352 Nov 26 15:14 2025-02-03.md

=== 09_activity_streams/linear_objects/ ===
total 32
drwxrwxrwx 2 root root 4096 Nov 26 15:09 .
drwxrwxrwx 5 root root 4096 Nov 26 15:08 ..
-rw------- 1 root root  741 Nov 26 15:09 ab_testing_capability_for_new_dashboard_ui.md
-rw------- 1 root root  867 Nov 26 15:09 critical_techcorp_compliance_audit_logging_disabled.md
-rw------- 1 root root  870 Nov 26 15:09 feature_flag_system_complexity_audit_and_simplification.md
-rw------- 1 root root 1073 Nov 26 15:09 flag_system_architecture_redesign_explicit_business_logic.md
-rw------- 1 root root  762 Nov 26 15:09 senior_engineer_onboarding_eve_joins_engineering_team.md
-rw------- 1 root root  769 Nov 26 15:09 user_segment_targeting_for_enterprise_features.md

=== 09_activity_streams/slack_threads/ ===
total 32
drwxrwxrwx 2 root root 4096 Nov 26 15:11 .
drwxrwxrwx 5 root root 4096 Nov 26 15:08 ..
-rw------- 1 root root 8009 Nov 26 15:11 engineering.md
-rw------- 1 root root  546 Nov 26 15:11 product.md
-rw------- 1 root root 1110 Nov 26 15:11 qa.md
-rw------- 1 root root 1016 Nov 26 15:11 research.md
-rw------- 1 root root  904 Nov 26 15:11 sales.md

=== Full tree of 09_activity_streams ===
/benchmark_data/setup_and_run.sh: line 218: tree: command not found

=== processed_data.md exists? ===
YES - processed_data.md found
First 50 lines:
# Event History Processing Summary

**Processing Date**: 2025-11-26
**Data Source**: /workspace/unsorted/event_history.json
**Date Range**: 2024-12-01 to 2025-02-03

---

## Overview

Processed 72 total events:
- **Linear Events**: 6 tickets
- **Slack Events**: 66 messages across 5 channels

---

## Linear Tickets Summary

### All Tickets with Current Status

| Ticket ID | Title | Team | Priority | Status | Lead | Created |
|-----------|-------|------|----------|--------|------|---------|
| ENG-001 | A/B testing capability for new dashboard UI | product | medium | todo | alice | 2024-12-01 |
| ENG-002 | User segment targeting for enterprise features | engineering | medium | todo | charlie | 2024-12-05 |
| ENG-003 | CRITICAL: TechCorp compliance audit logging disabled | engineering | urgent | in_progress | charlie | 2025-01-12 |
| ENG-004 | Feature flag system complexity audit and simplification | engineering | urgent | todo | alice | 2025-01-20 |
| ENG-005 | Senior engineer onboarding - eve joins engineering team | engineering | low | todo | alice | 2025-01-22 |
| ENG-006 | Flag system architecture redesign - explicit business logic | engineering | urgent | in_progress | eve | 2025-01-30 |

### Ticket Status Breakdown
- **Todo**: 4 tickets
- **In Progress**: 2 tickets
- **Completed**: 0 tickets

### Lead Reassignments Detected
- **ENG-006**: Assigned to eve (newly hired systems architect)
  - Previous work (ENG-004) was assigned to alice
  - Represents shift in responsibility after eve joined team

---

## Slack Activity Summary

### Channels Found

1. **engineering** (42 messages)
   - Primary technical discussion channel
   - Covers feature flag implementation, debugging, and architecture discussions

2. **product** (3 messages)

=== Count of files created ===
Daily digests: 51
Linear objects: 6
Slack threads: 5

