## Root Cause: Geographic Routing Delays Misidentified as API Failures

The AnalyticsFlow integration failures were **not actually failures at all**. Here's what really happened:

### The Real Issue
- **AnalyticsFlow was A/B testing new data centers** starting in early January 2025
- **Geographic routing changes** caused latency spikes of 5-10 seconds
- Your system had **short timeouts** (likely under 10 seconds) that treated these routing delays as API failures
- This created a **3-5% "failure" rate** that was actually just requests timing out due to geographic latency

### The Simple Fix That Was Missed
**Adjusting the API timeout to 30 seconds** would have completely solved the problem by accommodating the data center routing delays.

### The Cascade That Followed
Because the team treated symptoms rather than investigating root causes:

1. **Retry logic** (PR #234) - Added exponential backoff for perceived "failures"
2. **Backup system** (DataVault integration) - Built redundancy for perceived reliability issues
3. **Transformation layer** (PR #241) - Normalized different schemas for backup compatibility
4. **Memory optimization** (PR #245) - Fixed 40% memory spike from transformation layer
5. **Advanced retry logic** (PR #247) - Circuit breakers for rate limiting caused by retry storms
6. **GC tuning** - Fixed memory fragmentation during high-load retry periods

### Key Insight
Eve discovered this on **2025-01-28** by simply reaching out to AnalyticsFlow support, revealing that an entire complex architecture was built to solve a problem that didn't require any workarounds—just a timeout configuration change.

The ticket TICK-0004:high now tracks simplifying this workaround cascade, led by eve.
