Based on my analysis of available data sources, here's what I found regarding customer demand for AI coding features:

## Key Findings

**Customer Segment with Strongest Demand:** 
**Enterprise customers** (professional IDE users)

**Most Emphasized Use Cases:**
1. **Code review automation** - Most frequently mentioned
2. **Documentation generation**
3. **Debugging assistance**

## Evidence Sources

From Linear ticket TICK-0003 ("STRATEGIC INITIATIVE: AI Integration for DevStudio"):
- The strategic response specifically identifies "enterprise use cases" as the focus
- Three primary workflows were prioritized based on market demand:
  - Code review automation
  - Documentation generation  
  - Debugging assistance

The initiative was created as an "emergency strategic response to CodeFlow AI competitive threat," suggesting this demand was significant enough to trigger urgent action.

## Context
- DevStudio holds 15% market share in the professional IDE space
- The AI initiative achieved milestone status by Q1 2025 with MVP features in beta testing
- Team was expanded with AI specialists to address this demand

## Limitations
No detailed support ticket logs or sales feedback documents were found in the workspace. The analysis is based on Linear project management tickets. For more comprehensive insights, you may want to check:
- Your CRM system for sales call notes
- Support ticketing platform (Zendesk, Intercom, etc.)
- Customer interview recordings or transcripts
- Product analytics dashboards

Would you like me to search in a different location or access other data sources for more detailed customer feedback?
