Excellent! All files have been created successfully. Let me provide you with a final summary:

---

## Processing Complete ✓

I've successfully processed the event history data and organized it according to the PAM Memory Agent Guide structure.

### Files Created by Directory:

**📁 09_activity_streams/linear_objects/ (9 files)**
- database_agnostic_connection_pooling_architecture.md
- database_security_hardening_connection_limits_and_access_controls.md
- distributed_consensus_reliability_analysis_for_techflow_sla.md
- emergency_production_database_connection_bottleneck_resolution.md
- evaluate_distributed_database_options_security_first_approach.md
- high_performance_distributed_consensus_database_evaluation.md
- hybrid_database_scaling_architecture_multiplexing_replication.md
- master_slave_replication_with_read_scaling_architecture.md
- user_database_migration_for_horizontal_scaling.md

**📁 09_activity_streams/slack_threads/ (3 files)**
- architecture.md (3 messages)
- engineering.md (8 messages)
- infrastructure.md (12 messages)

**📁 09_activity_streams/daily_digests/ (23 files)**
- Daily digests from 2024-02-05 through 2024-03-18
- Each combines both Linear ticket updates and Slack messages for that day

### Summary Report
**📄 /workspace/processed_data.md** - Complete analysis including:
- 9 unique Linear tickets tracked
- 23 Slack messages across 3 channels
- Status breakdown: 1 done, 5 in_progress, 3 todo
- Key insights about the project evolution
- No lead reassignments detected

### Key Findings:
- The main ticket "User database migration for horizontal scaling" was completed on 2024-03-18
- The solution evolved from attempting distributed databases to implementing a hybrid architecture with connection multiplexing
- Diana's architectural vision (connection multiplexing) ultimately solved the production crisis on 2024-03-08
- All events properly linked with WikiLinks for navigation between related tickets, people, and discussions
