Perfect! Let me create a final verification report:

## ✅ Processing Complete!

I've successfully processed the event history data according to the PAM Memory Agent Guide structure. Here's what was created:

### 📊 Summary Statistics

**Total Files Created**: 42 files
- **7 Linear ticket files** in `09_activity_streams/linear_objects/`
- **3 Slack channel logs** in `09_activity_streams/slack_threads/`
- **32 Daily digest files** in `09_activity_streams/daily_digests/`

---

### 📁 Files Created by Directory

#### **09_activity_streams/linear_objects/** (7 files)
1. `legacy_sparse_search_performance_degradation.md`
2. `evaluate_dense_embedding_search_architecture.md`
3. `dense_embedding_precision_issues_on_exact_queries.md`
4. `implement_hybrid_sparse_dense_retrieval_architecture.md`
5. `memory_scaling_issues_with_dense_embeddings_at_enterprise_scale.md`
6. `evaluate_matryoshka_embedding_architecture_for_memory_optimization.md` ✅ DONE
7. `search_architecture_evolution_post_mortem_analysis.md` ✅ DONE

#### **09_activity_streams/slack_threads/** (3 files)
1. `search.md` - 17 messages
2. `research.md` - 4 messages
3. `infrastructure.md` - 2 messages

#### **09_activity_streams/daily_digests/** (32 files)
All dates from 2024-10-01 through 2025-02-05 with activity

---

### 🎯 Key Findings

**Ticket Status Breakdown**:
- ✅ Completed: 2 tickets (SEARCH-005, SEARCH-006)
- 🔄 In Progress: 3 tickets
- 📋 Todo: 2 tickets

**Team Distribution**:
- Search Team: 6 tickets
- Infrastructure Team: 1 ticket

**Lead Distribution**:
- alice: 2 tickets
- bob: 2 tickets
- diana: 2 tickets
- charlie: 1 ticket

**No Lead Reassignments**: All tickets maintained the same lead from creation to completion.

---

### 📝 Summary Document

Created `/workspace/processed_data.md` with:
- Complete list of all unique tickets and their current status
- All channels found with message counts
- Reassignment analysis
- Timeline statistics
- Key milestones
- Complete file inventory

All files follow the PAM Memory Agent Guide structure with proper wiki-style links, metadata headers, and chronological tracking!
