Checking directory structure...

=== 09_activity_streams/daily_digests/ ===
total 140
drwxrwxrwx 2 root root 4096 Nov 26 15:52 .
drwxrwxrwx 5 root root 4096 Nov 26 15:48 ..
-rw------- 1 root root  555 Nov 26 15:52 2024-10-01.md
-rw------- 1 root root  382 Nov 26 15:52 2024-10-03.md
-rw------- 1 root root  380 Nov 26 15:52 2024-10-05.md
-rw------- 1 root root  367 Nov 26 15:52 2024-10-07.md
-rw------- 1 root root  550 Nov 26 15:52 2024-10-10.md
-rw------- 1 root root  363 Nov 26 15:52 2024-10-12.md
-rw------- 1 root root  370 Nov 26 15:52 2024-10-15.md
-rw------- 1 root root  338 Nov 26 15:52 2024-10-20.md
-rw------- 1 root root  422 Nov 26 15:52 2024-10-25.md
-rw------- 1 root root  379 Nov 26 15:52 2024-10-27.md
-rw------- 1 root root  557 Nov 26 15:52 2024-10-30.md
-rw------- 1 root root  337 Nov 26 15:52 2024-11-01.md
-rw------- 1 root root  557 Nov 26 15:52 2024-11-05.md
-rw------- 1 root root  357 Nov 26 15:52 2024-11-10.md
-rw------- 1 root root  346 Nov 26 15:52 2024-11-15.md
-rw------- 1 root root  363 Nov 26 15:52 2024-11-20.md
-rw------- 1 root root  514 Nov 26 15:52 2024-12-01.md
-rw------- 1 root root  368 Nov 26 15:52 2024-12-05.md
-rw------- 1 root root  397 Nov 26 15:52 2024-12-08.md
-rw------- 1 root root  408 Nov 26 15:52 2024-12-12.md
-rw------- 1 root root  403 Nov 26 15:52 2024-12-15.md
-rw------- 1 root root  552 Nov 26 15:52 2024-12-18.md
-rw------- 1 root root  386 Nov 26 15:52 2024-12-22.md
-rw------- 1 root root  360 Nov 26 15:52 2025-01-02.md
-rw------- 1 root root  375 Nov 26 15:52 2025-01-08.md
-rw------- 1 root root  598 Nov 26 15:52 2025-01-15.md
-rw------- 1 root root  529 Nov 26 15:52 2025-01-20.md
-rw------- 1 root root  426 Nov 26 15:52 2025-01-22.md
-rw------- 1 root root  392 Nov 26 15:52 2025-01-25.md
-rw------- 1 root root  422 Nov 26 15:52 2025-01-28.md
-rw------- 1 root root  418 Nov 26 15:52 2025-01-30.md
-rw------- 1 root root  538 Nov 26 15:52 2025-02-01.md
-rw------- 1 root root  424 Nov 26 15:52 2025-02-05.md

=== 09_activity_streams/linear_objects/ ===
total 36
drwxrwxrwx 2 root root 4096 Nov 26 15:49 .
drwxrwxrwx 5 root root 4096 Nov 26 15:48 ..
-rw------- 1 root root 1026 Nov 26 15:49 dense_embedding_precision_issues_on_exact_queries.md
-rw------- 1 root root 1087 Nov 26 15:49 evaluate_dense_embedding_search_architecture.md
-rw------- 1 root root 1737 Nov 26 15:49 evaluate_matryoshka_embedding_architecture_for_memory_optimization.md
-rw------- 1 root root 1002 Nov 26 15:49 implement_hybrid_sparse_dense_retrieval_architecture.md
-rw------- 1 root root  968 Nov 26 15:49 legacy_sparse_search_performance_degradation.md
-rw------- 1 root root  974 Nov 26 15:49 memory_scaling_issues_with_dense_embeddings_at_enterprise_scale.md
-rw------- 1 root root 1848 Nov 26 15:49 search_architecture_evolution_post_mortem_analysis.md

=== 09_activity_streams/slack_threads/ ===
total 20
drwxrwxrwx 2 root root 4096 Nov 26 15:50 .
drwxrwxrwx 5 root root 4096 Nov 26 15:48 ..
-rw------- 1 root root  449 Nov 26 15:50 infrastructure.md
-rw------- 1 root root  964 Nov 26 15:50 research.md
-rw------- 1 root root 3979 Nov 26 15:50 search.md

=== Full tree of 09_activity_streams ===
/benchmark_data/setup_and_run.sh: line 218: tree: command not found

=== processed_data.md exists? ===
YES - processed_data.md found
First 50 lines:
# Event History Processing Summary

**Processing Date**: 2025-11-26
**Source**: /workspace/unsorted/event_history.json

---

## Linear Tickets Processed

### Unique Tickets and Current Status

1. **Legacy sparse search performance degradation** (SEARCH-001)
   - **Team**: search
   - **Lead**: alice
   - **Priority**: medium
   - **Current Status**: todo
   - **Created**: 2024-10-01
   - **File**: `linear_objects/legacy_sparse_search_performance_degradation.md`

2. **Evaluate dense embedding search architecture** (SEARCH-002)
   - **Team**: search
   - **Lead**: diana
   - **Priority**: high
   - **Current Status**: in_progress
   - **Created**: 2024-10-10
   - **File**: `linear_objects/evaluate_dense_embedding_search_architecture.md`

3. **Dense embedding precision issues on exact queries** (SEARCH-003)
   - **Team**: search
   - **Lead**: bob
   - **Priority**: urgent
   - **Current Status**: in_progress
   - **Created**: 2024-10-30
   - **File**: `linear_objects/dense_embedding_precision_issues_on_exact_queries.md`

4. **Implement hybrid sparse-dense retrieval architecture** (SEARCH-004)
   - **Team**: search
   - **Lead**: diana
   - **Priority**: high
   - **Current Status**: in_progress
   - **Created**: 2024-11-05
   - **File**: `linear_objects/implement_hybrid_sparse_dense_retrieval_architecture.md`

5. **Memory scaling issues with dense embeddings at enterprise scale** (INFRA-001)
   - **Team**: infrastructure
   - **Lead**: bob
   - **Priority**: high
   - **Current Status**: todo
   - **Created**: 2024-12-01
   - **File**: `linear_objects/memory_scaling_issues_with_dense_embeddings_at_enterprise_scale.md`

=== Count of files created ===
Daily digests: 33
Linear objects: 7
Slack threads: 3

