Perfect! Processing complete. Here's the summary:

---

## ✅ PROCESSING COMPLETE

I've successfully processed the event history data and organized it according to the PAM Memory Agent Guide structure.

### 📊 Files Created

**09_activity_streams/linear_objects/** (6 files)
- `devstudio_q4_2024_market_position_review.md`
- `ui_ux_refresh_for_devstudio_sidebar_navigation.md`
- `server_infrastructure_database_connection_pooling_optimization.md`
- `strategic_initiative_ai_integration_for_devstudio.md` ⭐
- `hiring_senior_ai_ml_engineer_for_devstudio_ai_initiative.md`
- `theme_system_dark_mode_improvements_for_devstudio.md`

**09_activity_streams/slack_threads/** (3 files)
- `product-strategy.md` (11 messages)
- `company-wide.md` (3 messages)
- `engineering.md` (2 messages)

**09_activity_streams/daily_digests/** (14 files)
- Spanning from 2024-12-01 to 2025-03-15
- Each combining both Linear ticket updates and Slack conversations
- Key dates: Jan 13 (crisis), Jan 15 (launch), Feb 10 (milestone)

**Summary Report:**
- `/workspace/processed_data.md` - Comprehensive analysis including:
  - All unique tickets and current status
  - All channels found with message counts
  - Reassignment detection (none found)
  - Strategic timeline analysis
  - Team member roles and activities

### 🎯 Key Findings

**Event Statistics:**
- 25 total events processed (8 Linear, 17 Slack)
- 6 unique Linear tickets tracked
- 3 Slack channels identified
- 13 days with activity

**Strategic Insight:**
This dataset captures a remarkable 60-day strategic pivot where the company responded to a competitive AI threat (CodeFlow AI) by launching their own AI initiative, successfully hiring key talent, and achieving MVP milestone status.

**Status Tracking:**
- 1 ticket in_progress (the strategic AI initiative)
- 5 tickets in todo (including 1 filled position)
- No lead reassignments detected

All files follow proper naming conventions, include wikilink references to team members and related activities, and maintain chronological integrity.
