Excellent! Let me provide a summary of the completed processing:

---

## ✅ Processing Complete

I have successfully processed the event history data and organized it according to the PAM Memory Agent Guide structure.

### **Files Created by Directory:**

#### **09_activity_streams/linear_objects/** (3 files)
1. `customer_support_dashboard_performance_complaints.md` - Initial complaint ticket (VG-001, Todo)
2. `urgent_dashboard_performance_optimization.md` - Implementation ticket (VG-002, Done)
3. `critical_cache_ttl_causing_customer_churn_via_stale_real_time_data.md` - Follow-up critical issue (VG-003, In Progress)

#### **09_activity_streams/slack_threads/** (1 file)
1. `engineering.md` - Complete chronological log of 32 messages in #engineering channel (Dec 2, 2024 - Jan 9, 2025)

#### **09_activity_streams/daily_digests/** (7 files)
1. `2024-12-02.md` - Crisis escalation and solution design
2. `2024-12-03.md` - Implementation deployment
3. `2024-12-04.md` - Security review and completion
4. `2024-12-20.md` - Holiday break status
5. `2025-01-07.md` - Churn discovery and root cause identification
6. `2025-01-08.md` - Critical ticket creation and post-mortem start
7. `2025-01-09.md` - Post-mortem conclusions and process improvements

### **Summary Report:**
- `/workspace/processed_data.md` - Comprehensive analysis including:
  - All unique tickets with current status
  - Channel activity summary (engineering: 32 messages)
  - Reassignment detection (alice → CodeAgent for VG-002)
  - Key metrics, team activity, and unresolved issues
  - Complete event timeline narrative

### **Key Findings:**
- **3 Linear tickets** tracked across lifecycle changes
- **1 Slack channel** with 32 messages from 5 participants
- **1 ticket reassignment** detected (delegation from alice to CodeAgent)
- **Critical business issue** documented: 14-point renewal rate drop due to caching strategy
- **Process improvements** captured from post-mortem analysis

All files include proper metadata, wikilink references, and maintain chronological integrity according to the PAM Memory Agent Guide specifications.
