Checking directory structure...

=== 09_activity_streams/daily_digests/ ===
total 36
drwxrwxrwx 2 root root 4096 Nov 26 13:46 .
drwxrwxrwx 5 root root 4096 Nov 26 13:41 ..
-rw------- 1 root root 2580 Nov 26 13:44 2024-12-02.md
-rw------- 1 root root 2234 Nov 26 13:44 2024-12-03.md
-rw------- 1 root root 1791 Nov 26 13:45 2024-12-04.md
-rw------- 1 root root  887 Nov 26 13:45 2024-12-20.md
-rw------- 1 root root 3641 Nov 26 13:45 2025-01-07.md
-rw------- 1 root root 3182 Nov 26 13:46 2025-01-08.md
-rw------- 1 root root 3659 Nov 26 13:46 2025-01-09.md

=== 09_activity_streams/linear_objects/ ===
total 20
drwxrwxrwx 2 root root 4096 Nov 26 13:43 .
drwxrwxrwx 5 root root 4096 Nov 26 13:41 ..
-rw------- 1 root root 3551 Nov 26 13:43 critical_cache_ttl_causing_customer_churn_via_stale_real_time_data.md
-rw------- 1 root root 1040 Nov 26 13:42 customer_support_dashboard_performance_complaints.md
-rw------- 1 root root 2515 Nov 26 13:43 urgent_dashboard_performance_optimization.md

=== 09_activity_streams/slack_threads/ ===
total 16
drwxrwxrwx 2 root root 4096 Nov 26 13:44 .
drwxrwxrwx 5 root root 4096 Nov 26 13:41 ..
-rw------- 1 root root 6351 Nov 26 13:44 engineering.md

=== Full tree of 09_activity_streams ===
/benchmark_data/setup_and_run.sh: line 218: tree: command not found

=== processed_data.md exists? ===
YES - processed_data.md found
First 50 lines:
# Event History Processing Summary

## Processing Completed
**Date**: 2025-11-26
**Source**: /workspace/unsorted/event_history.json
**Events Processed**: 35 total (3 Linear events, 32 Slack messages)

---

## Linear Tickets Summary

### 1. Customer Support: Dashboard performance complaints
- **File**: `customer_support_dashboard_performance_complaints.md`
- **Ticket ID**: VG-001
- **Team**: Engineering
- **Lead**: alice
- **Status**: Todo (No updates)
- **Created**: 2024-12-02
- **Priority**: Urgent
- **Milestone**: Q4 2024 Performance Initiative
- **Issue**: Enterprise clients threatening churn over 15+ second dashboard load times
- **Affected Clients**: FlashRetail, QuickMart, InstaBuy

### 2. URGENT: Dashboard performance optimization
- **File**: `urgent_dashboard_performance_optimization.md`
- **Ticket ID**: VG-002
- **Team**: Engineering
- **Lead**: CodeAgent
- **Status**: Done ✅
- **Created**: 2024-12-02 (In Progress)
- **Completed**: 2024-12-04
- **Priority**: Urgent
- **Milestone**: Q4 2024 Performance Initiative
- **Solution**: Redis caching with 2-hour TTL
- **Results**:
  - Load time: 15+ seconds → 2 seconds (60% improvement)
  - Cache hit rate: 85-87%
  - Security review passed
- **Code Changes**: 3 PRs (#156, #157, #158)

### 3. CRITICAL: Cache TTL causing customer churn via stale real-time data
- **File**: `critical_cache_ttl_causing_customer_churn_via_stale_real_time_data.md`
- **Ticket ID**: VG-003
- **Team**: Engineering
- **Lead**: alice
- **Status**: In Progress 🔄
- **Created**: 2025-01-08
- **Expected Finish**: 2025-01-15
- **Priority**: Urgent (Critical)
- **Root Cause**: 2-hour cache TTL from VG-002 optimization causing stale data

=== Count of files created ===
Daily digests: 7
Linear objects: 3
Slack threads: 1

