Excellent! All files have been created successfully. Let me provide you with a final summary:

---

## Processing Complete

I've successfully processed the event history data according to the PAM Memory Agent Guide structure. Here's what was created:

### **09_activity_streams/linear_objects/** (8 files)
1. `integrate_real_time_inventory_checks_in_checkout_flow.md`
2. `expose_inventory_reservation_api_for_payment_system.md`
3. `database_migration_upgrade_user_sessions_table_schema.md`
4. `urgent_third_party_payment_processor_random_failures.md`
5. `load_balancer_configuration_update_for_checkout_servers.md`
6. `checkout_ui_responsiveness_issues_on_mobile_safari.md`
7. `security_audit_user_authentication_token_validation.md`
8. `critical_race_condition_in_payment_inventory_integration_causing_data_corruption.md`

### **09_activity_streams/slack_threads/** (1 file)
1. `engineering.md` - Chronological log of 23 messages from 4 team members

### **09_activity_streams/daily_digests/** (18 files)
Daily digests covering all activity from 2024-11-01 to 2025-02-05, combining both Linear ticket updates and Slack conversations in chronological narrative format.

### **Summary Report**
`/workspace/processed_data.md` - Comprehensive analysis including:
- All 8 unique tickets with current status
- Channel activity breakdown (23 messages in #engineering)
- Lead assignments (no reassignments detected)
- Timeline highlights showing the arc from success to critical failure
- Key insights about the race condition issue
- Business impact metrics ($47K data corruption vs 15% cart abandonment reduction)

### Key Findings
The data tells a compelling story of a payment-inventory integration that initially appeared successful (40% faster checkout, 15% cart abandonment reduction, successful Black Friday) but contained a critical race condition that only manifested during high-concurrency periods, ultimately causing $47K in data discrepancies discovered in the Q1 2025 audit.

All files are now organized and ready for AI agent navigation following the PAM Memory Agent Guide structure.
