Checking directory structure...

=== 09_activity_streams/daily_digests/ ===
total 84
drwxrwxrwx 2 root root 4096 Nov 26 16:27 .
drwxrwxrwx 5 root root 4096 Nov 26 16:24 ..
-rw------- 1 root root 1386 Nov 26 16:27 2024-11-01.md
-rw------- 1 root root  522 Nov 26 16:27 2024-11-02.md
-rw------- 1 root root  806 Nov 26 16:27 2024-11-03.md
-rw------- 1 root root  518 Nov 26 16:27 2024-11-05.md
-rw------- 1 root root  672 Nov 26 16:27 2024-11-08.md
-rw------- 1 root root  592 Nov 26 16:27 2024-11-12.md
-rw------- 1 root root  424 Nov 26 16:27 2024-11-13.md
-rw------- 1 root root  490 Nov 26 16:27 2024-11-15.md
-rw------- 1 root root  423 Nov 26 16:27 2024-11-18.md
-rw------- 1 root root  799 Nov 26 16:27 2024-11-20.md
-rw------- 1 root root  392 Nov 26 16:27 2024-11-27.md
-rw------- 1 root root  481 Nov 26 16:27 2024-12-05.md
-rw------- 1 root root  380 Nov 26 16:27 2024-12-15.md
-rw------- 1 root root  479 Nov 26 16:27 2024-12-18.md
-rw------- 1 root root  437 Nov 26 16:27 2025-01-03.md
-rw------- 1 root root  397 Nov 26 16:27 2025-01-10.md
-rw------- 1 root root 1876 Nov 26 16:27 2025-02-03.md
-rw------- 1 root root  551 Nov 26 16:27 2025-02-04.md
-rw------- 1 root root 1151 Nov 26 16:27 2025-02-05.md

=== 09_activity_streams/linear_objects/ ===
total 40
drwxrwxrwx 2 root root 4096 Nov 26 16:25 .
drwxrwxrwx 5 root root 4096 Nov 26 16:24 ..
-rw------- 1 root root  710 Nov 26 16:25 checkout_ui_responsiveness_issues_on_mobile_safari.md
-rw------- 1 root root  933 Nov 26 16:25 critical_race_condition_in_payment_inventory_integration_causing_data_corruption.md
-rw------- 1 root root  738 Nov 26 16:25 database_migration_upgrade_user_sessions_table_schema.md
-rw------- 1 root root 1025 Nov 26 16:25 expose_inventory_reservation_api_for_payment_system.md
-rw------- 1 root root 1100 Nov 26 16:25 integrate_real_time_inventory_checks_in_checkout_flow.md
-rw------- 1 root root  736 Nov 26 16:25 load_balancer_configuration_update_for_checkout_servers.md
-rw------- 1 root root  718 Nov 26 16:25 security_audit_user_authentication_token_validation.md
-rw------- 1 root root  786 Nov 26 16:25 urgent_third_party_payment_processor_random_failures.md

=== 09_activity_streams/slack_threads/ ===
total 16
drwxrwxrwx 2 root root 4096 Nov 26 16:26 .
drwxrwxrwx 5 root root 4096 Nov 26 16:24 ..
-rw------- 1 root root 5626 Nov 26 16:26 engineering.md

=== Full tree of 09_activity_streams ===
/benchmark_data/setup_and_run.sh: line 218: tree: command not found

=== processed_data.md exists? ===
YES - processed_data.md found
First 50 lines:
# Event History Processing Summary

**Processing Date**: 2025-11-26
**Source**: /workspace/unsorted/event_history.json

---

## Overview

Successfully processed event history data spanning from **2024-11-01** to **2025-02-05** (96 days with activity).

**Total Events Processed**: 31 events
- **Linear Events**: 10 events (8 unique tickets)
- **Slack Events**: 23 messages (1 channel)

---

## Linear Tickets Summary

### Unique Tickets: 8

| Ticket | Team | Lead | Priority | Current Status | Created | Completed |
|--------|------|------|----------|----------------|---------|-----------|
| Integrate real-time inventory checks in checkout flow | payments | alice | high | **done** | 2024-11-01 | 2024-11-20 |
| Expose inventory reservation API for payment system | inventory | bob | high | **done** | 2024-11-01 | 2024-11-20 |
| DATABASE MIGRATION: Upgrade user sessions table schema | infrastructure | charlie | medium | todo | 2024-11-02 | - |
| URGENT: Third-party payment processor random failures | payments | alice | urgent | in_progress | 2024-11-05 | - |
| Load balancer configuration update for checkout servers | infrastructure | bob | medium | todo | 2024-11-15 | - |
| Checkout UI responsiveness issues on mobile Safari | payments | diana | medium | todo | 2024-12-05 | - |
| Security audit: User authentication token validation | security | charlie | medium | todo | 2024-12-18 | - |
| CRITICAL: Race condition in payment-inventory integration causing data corruption | payments | alice | urgent | in_progress | 2025-02-04 | - |

### Status Breakdown
- ✅ **Done**: 2 tickets
- 🔄 **In Progress**: 2 tickets
- 📋 **Todo**: 4 tickets

### Priority Breakdown
- 🔴 **Urgent**: 2 tickets
- 🟠 **High**: 2 tickets (both completed)
- 🟡 **Medium**: 4 tickets

### Team Distribution
- **Payments**: 4 tickets
- **Infrastructure**: 2 tickets
- **Inventory**: 1 ticket
- **Security**: 1 ticket

---


=== Count of files created ===
Daily digests: 19
Linear objects: 8
Slack threads: 1

