## ✅ Processing Complete!

I've successfully processed the event history data and organized it according to the PAM Memory Agent Guide structure. Here's what was created:

### **Files Created by Directory:**

#### **09_activity_streams/linear_objects/** (4 files)
- `gdpr_compliance_implement_audit_trails_for_customer_data_access.md`
- `database_migration_mysql_to_postgresql.md`
- `critical_audit_logs_contain_pii_violating_gdpr.md`
- `post_mortem_gdpr_compliance_over_engineering.md`

#### **09_activity_streams/slack_threads/** (1 file)
- `engineering.md` - Complete chronological log of 44 messages from #engineering channel

#### **09_activity_streams/daily_digests/** (16 files)
Daily digests for: Jan 10, 11, 13, 14, 15, 16, 17, 20, 21, 22, 23, 24, 25, 26, 27, 28

Each daily digest combines both Linear ticket updates and Slack conversations for that day, providing a narrative "what happened today" view.

---

### **Summary Highlights:**

**Event Statistics:**
- 59 total events processed (15 Linear, 44 Slack)
- 18-day timeline (2025-01-10 to 2025-01-28)
- 4 Linear tickets tracked
- 1 Slack channel (#engineering)
- 5 team members active

**Key Story Arc:**
1. **Week 1**: GDPR compliance launched with overly complex implementation
2. **Week 2**: Critical PII violation discovered, performance crisis emerges  
3. **Week 3**: Legal clarifies simple requirements, post-mortem identifies over-engineering

**Process Improvements Identified:**
- Upfront requirements clarification with legal
- Minimal viable solution approach
- Sequential deployment of complex systems

All files include proper metadata headers, WikiLinks for cross-referencing, and follow the PAM Memory Agent Guide formatting conventions. The complete summary is available in `/workspace/processed_data.md`.
