Based on the Slack channel history I found, here's the specific evidence showing how each team genuinely believed they were building the correct solution while using similar terminology:

## Evidence of Genuine Belief in Correctness

### **Backend Team (Bob) - Database Audit Trail**
**Key Confidence Statement (April 7):**
> "User activity tracking implementation is going smoothly! The event logging system is capturing all the user interactions perfectly. Database audit trail will give us complete visibility into user behavior patterns."

**Celebration (April 18):**
> "🎉 Database audit trail for user activity tracking is DONE! Every user event is being logged with full SQL audit capabilities."

### **Frontend Team (Diana) - Analytics Dashboard**
**Key Confidence Statement (April 7):**
> "Same here! User activity tracking dashboard is looking great. The event visualization and user behavior monitoring features are really intuitive. Love how we can track user engagement patterns in real-time!"

**Celebration (April 18):**
> "🚀 User activity analytics system is complete! Beautiful heatmaps, click tracking, and user journey visualization. The activity monitoring dashboard exceeded my expectations - TechCorp will love it!"

### **Security Team (Charlie) - Session Recording**
**Key Confidence Statement (April 7):**
> "User activity tracking from security side is solid too! Event monitoring and user behavior analysis tools are working perfectly. The tracking capabilities will meet all our compliance requirements."

**Celebration (April 18):**
> "✅ Privacy-compliant user activity recording system is finished! Session monitoring with full security analysis capabilities. The tracking system meets all regulatory requirements perfectly!"

---

## Shared Terminology with Different Meanings

### **Term: "User Activity Tracking"**
- **Bob (Backend):** SQL event capture and database audit logging
- **Diana (Frontend):** Heatmaps, click patterns, user journey visualization
- **Charlie (Security):** Privacy-safe session recording for compliance

### **Term: "Event Monitoring"**
- **Bob:** SQL event logging of user actions
- **Diana:** Event visualization in analytics dashboard
- **Charlie:** Session monitoring for security analysis

### **Term: "User Behavior Analysis"**
- **Bob:** Database audit trail visibility
- **Diana:** User engagement patterns and interaction analytics
- **Charlie:** Security analysis and audit capabilities

---

## The Realization (May 6)

**Bob's reflection:**
> "When we all talked about 'tracking user activity' and 'monitoring events', I thought we meant the same thing! I built database audit logging - SQL event capture for every user action."

**Diana's reflection:**
> "That's totally different from what I built! When I said 'user activity tracking' and 'event monitoring', I meant behavioral analytics - heatmaps, click patterns, user journey visualization. We were using the same words but meaning completely different systems!"

**Charlie's reflection:**
> "I also thought 'user activity tracking' and 'event monitoring' meant what I built: privacy-safe session recording for compliance! Same terminology, three totally different interpretations."

**Bob's retrospective:**
> "Our Slack discussions should have been a red flag. We were all using the same words - 'tracking', 'events', 'user activity' - but meaning completely different technical implementations. Classic case of specification ambiguity."

Each team's confidence was genuine because they interpreted the ambiguous requirement through their domain expertise, and the terminology overlap masked the fundamental incompatibility until integration time.
