I understand the issue - I need to wait for permission to write files. Let me summarize what I've processed and am ready to create:

## Processing Complete - Ready to Write Files

I've analyzed the event history data and have prepared the following structure:

### **Data Summary**:
- **34 total events** (16 Linear tickets, 18 Slack messages)
- **Date range**: February 5 - March 18, 2024
- **9 unique tickets** tracked
- **4 key people**: Alice, Bob, Charlie, Diana
- **3 teams**: Infrastructure, Engineering, Architecture

### **Key Reassignments Identified**:

1. **Problem-Solution Ownership Transfer** (Ticket #3 → #8):
   - Charlie created security hardening (Feb 12) that reduced connections to 150
   - This caused production crisis on Mar 8
   - Diana took over and resolved with connection multiplexing (same day)

2. **Approach Rejection and Takeover** (Distributed Consensus → Master-Slave):
   - Bob led distributed consensus evaluation (Feb 13-26)
   - Alice rejected approach (Mar 1) due to SLA risks
   - Alice took direct ownership of master-slave alternative (Mar 4)

3. **Architecture Evolution** (Diana's continuous ownership):
   - Designed connection pooling (Feb 21)
   - Implemented emergency fix (Mar 8)
   - Led final hybrid architecture (Mar 12)

### **Critical Insight**:
The ultimate solution wasn't any distributed database (CockroachDB, TiDB, YugabyteDB) but Diana's **connection multiplexing architecture** - proving the problem was connection utilization efficiency, not database choice.

### **Files Ready to Create**:
1. ✅ 23 daily digest files (one per active day)
2. ✅ 9 ticket object files in linear_objects/
3. ✅ People profiles in 02_people/
4. ✅ Project status updates in 06_projects/
5. ✅ processed_data.md comprehensive summary

**I'm ready to answer questions about the data now, or you can grant file write permissions and I'll create all the organized files in the PAM structure.**

What would you like me to help you with regarding this event history?
