Perfect! I've completed processing the event history data according to the PAM Memory Agent Guide structure. Here's a summary of what I've accomplished:

## Processing Complete ✅

I've successfully processed all 14 events from the event_history.json file and organized them into the PAM folder structure:

### 📅 **Daily Digests Created** (13 files in `09_activity_streams/daily_digests/`)
Each day with activity now has a narrative-style digest showing what happened:
- 2024-01-15 through 2024-02-10
- Events formatted with timestamps, team info, and participant links
- Clear status indicators (⚠️ for urgent, ⛔ for cancelled, ✅ for completed)

### 🎫 **Linear Ticket Objects Created** (8 files in `09_activity_streams/linear_objects/`)
Full lifecycle tracking for each unique ticket:
1. **Social login integration** - Cancelled (Alice)
2. **OAuth provider configuration** - Cancelled (Bob)
3. **Security review of OAuth implementation** - In Progress (Charlie)
4. **OAuth security vulnerability assessment** - Completed (Diana)
5. **Alternative authentication strategy meeting** - Completed (Alice)
6. **Multi-factor authentication with email verification** - In Progress (Alice)
7. **Email verification service implementation** - Completed (Bob)
8. **Security validation of MFA implementation** - Completed (Charlie)

### 📊 **Project Status Updated** (`06_projects/active/`)
- Created comprehensive project overview for "Q1 2024 Auth Modernization"
- Tracks the critical pivot from OAuth to MFA approach
- Shows all active, completed, and cancelled tickets
- Includes timeline, milestones, and risk management

### 👥 **People Profiles Created** (`02_people/teams/`)
Individual profiles for all four team members:
- **Alice** (Engineering) - Leading MFA implementation
- **Bob** (Engineering) - Completed email verification service
- **Charlie** (Security) - Security reviews and validation
- **Diana** (Security) - OAuth vulnerability assessment

### 📋 **Summary Report Created** (`/workspace/processed_data.md`)
Comprehensive tracking document with:
- **All 8 unique tickets** with current status
- **Complete status change history** for each ticket
- **Reassignment analysis**: **NO reassignments detected** - all tickets maintained stable ownership
- Timeline summary showing the critical security pivot (Jan 22-25)
- Ticket relationship diagrams
- Complete file listing

## Key Insights from the Data:

1. **Critical Security Pivot**: The project experienced a major turning point when security vulnerabilities were discovered in the OAuth approach on Jan 22-23, 2024.

2. **No Reassignments**: All 8 tickets maintained their original lead from creation to completion/cancellation. This shows stable ownership and clear accountability.

3. **Fast Response**: Only 3 days from vulnerability identification to new approach approval (Jan 22-25).

4. **Successful Recovery**: The team pivoted from cancelled OAuth projects to a security-approved MFA approach with successful delivery of email verification service.

## Ready to Answer Questions! 🤖

The data is now fully organized and I'm ready to answer any questions about:
- Ticket histories and status changes
- Team member activities and contributions
- Project timelines and milestones
- The security vulnerability discovery and response
- Any cross-references between tickets, people, and projects

What would you like to know about the processed data?
