## Processing Complete!

I've successfully processed the event history data according to the PAM Memory Agent Guide structure. Here's what was created:

### **Files Created by Directory:**

#### **09_activity_streams/linear_objects/** (5 files)
1. `datapipelinestudio_q4_2024_performance_review.md`
2. `maintenance_update_ssl_certificates_for_staging_environment.md`
3. `urgent_apache_streamflow_competitive_threat_analysis.md`
4. `user_feedback_mobile_app_notification_preferences.md`
5. `strategic_initiative_open_core_architecture_implementation.md`

#### **09_activity_streams/slack_threads/** (3 files)
1. `company-all.md` - 3 messages
2. `leadership.md` - 10 messages
3. `engineering.md` - 1 message

#### **09_activity_streams/daily_digests/** (15 files)
All dates from 2024-12-01 through 2025-02-20 with activity

### **Key Insights from Processing:**

**The Story:** DataPipelineStudio faced an existential crisis when Apache StreamFlow launched on Jan 15, 2025. The leadership team rapidly pivoted from "ignore and compete" to an "open core" strategy within 4 days, driven by immediate customer pressure. Implementation began Jan 21 and reached 75% completion by Feb 10.

**Unique Tickets:** 5 distinct tickets (one had a progress update)
- **Status:** 2 done, 2 in progress, 1 todo
- **Priority:** 2 urgent (open-core related), 1 medium, 2 low

**Channel Activity:**
- `#leadership` was the crisis command center (10 messages)
- `#company-all` for major announcements (3 messages)
- `#engineering` for technical updates (1 message)

**People Referenced:** alice, bob, charlie, diana (wikilinks created for future profile linking)

**Summary report available at:** `/workspace/processed_data.md`
