Checking directory structure...

=== 09_activity_streams/daily_digests/ ===
total 68
drwxrwxrwx 2 root root 4096 Nov 26 16:48 .
drwxrwxrwx 5 root root 4096 Nov 26 16:45 ..
-rw------- 1 root root  609 Nov 26 16:48 2024-12-01.md
-rw------- 1 root root  491 Nov 26 16:48 2024-12-05.md
-rw------- 1 root root  538 Nov 26 16:48 2024-12-10.md
-rw------- 1 root root 1233 Nov 26 16:48 2025-01-15.md
-rw------- 1 root root 1314 Nov 26 16:48 2025-01-16.md
-rw------- 1 root root  905 Nov 26 16:48 2025-01-17.md
-rw------- 1 root root 1099 Nov 26 16:48 2025-01-18.md
-rw------- 1 root root  612 Nov 26 16:48 2025-01-19.md
-rw------- 1 root root 1006 Nov 26 16:48 2025-01-20.md
-rw------- 1 root root  733 Nov 26 16:48 2025-01-21.md
-rw------- 1 root root  621 Nov 26 16:48 2025-01-25.md
-rw------- 1 root root  849 Nov 26 16:48 2025-01-30.md
-rw------- 1 root root  935 Nov 26 16:48 2025-02-05.md
-rw------- 1 root root  590 Nov 26 16:48 2025-02-10.md
-rw------- 1 root root 1074 Nov 26 16:48 2025-02-20.md

=== 09_activity_streams/linear_objects/ ===
total 28
drwxrwxrwx 2 root root 4096 Nov 26 16:46 .
drwxrwxrwx 5 root root 4096 Nov 26 16:45 ..
-rw------- 1 root root 1057 Nov 26 16:46 datapipelinestudio_q4_2024_performance_review.md
-rw------- 1 root root  950 Nov 26 16:46 maintenance_update_ssl_certificates_for_staging_environment.md
-rw------- 1 root root 1836 Nov 26 16:46 strategic_initiative_open_core_architecture_implementation.md
-rw------- 1 root root 1402 Nov 26 16:46 urgent_apache_streamflow_competitive_threat_analysis.md
-rw------- 1 root root  933 Nov 26 16:46 user_feedback_mobile_app_notification_preferences.md

=== 09_activity_streams/slack_threads/ ===
total 24
drwxrwxrwx 2 root root 4096 Nov 26 16:47 .
drwxrwxrwx 5 root root 4096 Nov 26 16:45 ..
-rw------- 1 root root 2176 Nov 26 16:47 company-all.md
-rw------- 1 root root  819 Nov 26 16:47 engineering.md
-rw------- 1 root root 6533 Nov 26 16:47 leadership.md

=== Full tree of 09_activity_streams ===
/benchmark_data/setup_and_run.sh: line 218: tree: command not found

=== processed_data.md exists? ===
YES - processed_data.md found
First 50 lines:
# Event History Processing Summary

## Processing Date
2025-11-26

## Source Data
- **Source File**: `/workspace/unsorted/event_history.json`
- **Total Events**: 20 events
- **Date Range**: 2024-12-01 to 2025-02-20

## Event Breakdown

### Linear Events (6 tickets)
| Ticket | Team | Priority | Status | Lead | Dates |
|--------|------|----------|--------|------|-------|
| DataPipelineStudio Q4 2024 Performance Review | business | low | done | alice | 2024-12-01 → 2024-12-05 |
| MAINTENANCE: Update SSL certificates for staging environment | engineering | medium | done | diana | 2024-12-10 → 2024-12-12 |
| URGENT: Apache StreamFlow competitive threat analysis | business | urgent | in_progress | alice | 2025-01-16 → 2025-01-18 |
| USER FEEDBACK: Mobile app notification preferences | product | low | todo | diana | 2025-01-19 → 2025-01-25 |
| STRATEGIC INITIATIVE: Open Core Architecture Implementation | engineering | urgent | in_progress | diana | 2025-01-21 → 2025-03-31 |
| Open Core Architecture Implementation - Milestone Review | engineering | urgent | in_progress | diana | 2025-02-10 (75% complete) |

### Slack Events (14 messages)
| Channel | Message Count | Date Range |
|---------|---------------|------------|
| company-all | 3 | 2024-12-05 to 2025-02-20 |
| leadership | 10 | 2025-01-15 to 2025-02-05 |
| engineering | 1 | 2025-01-25 |

## Ticket Status Summary

### Current Status
- **Done**: 2 tickets
  - DataPipelineStudio Q4 2024 Performance Review
  - MAINTENANCE: Update SSL certificates for staging environment
- **In Progress**: 2 tickets (note: ticket #5 had a progress update creating entry #6)
  - URGENT: Apache StreamFlow competitive threat analysis
  - STRATEGIC INITIATIVE: Open Core Architecture Implementation (75% complete)
- **Todo**: 1 ticket
  - USER FEEDBACK: Mobile app notification preferences

### Priority Distribution
- **Urgent**: 2 tickets (both open-core related)
- **Medium**: 1 ticket (maintenance, completed)
- **Low**: 2 tickets (business review, user feedback)

## Key Events & Timeline

### Q4 2024 - Business as Usual
- **2024-12-01**: Q4 performance review completed showing strong metrics ($2.8M ARR, 95% retention)

=== Count of files created ===
Daily digests: 15
Linear objects: 5
Slack threads: 3

