## ✅ Processing Complete!

I've successfully processed the event history data and organized it according to the PAM Memory Agent Guide structure. Here's what was created:

### **Files Created by Directory:**

#### **09_activity_streams/linear_objects/** (5 files)
1. `database_performance_optimization_initiative.md`
2. `soc2_compliance_audit_system_security_review.md`
3. `customer_support_increase_in_payment_processing_issues.md`
4. `customer_satisfaction_investigation_march_decline_analysis.md`
5. `critical_fix_external_integration_timeouts_and_implement_monitoring.md`

#### **09_activity_streams/slack_threads/** (1 file)
1. `engineering.md` - Complete chronological log of all 26 messages

#### **09_activity_streams/daily_digests/** (18 files)
Daily digest files from March 3 to April 22, 2025:
- 2025-03-03.md through 2025-04-22.md
- Each file groups all Linear and Slack events for that day

### **Summary Report:**
`/workspace/processed_data.md` contains:
- All unique tickets with current status
- Channel analysis with message counts
- Lead reassignment tracking (none detected)
- Complete narrative arc of the incident
- Processing statistics

### **Key Story:**
The event history documents a critical incident where a database optimization (deployed March 11) that showed perfect internal metrics actually broke external webhook integrations, causing a 15% customer satisfaction drop that took 5+ weeks to discover due to monitoring blind spots.

All files follow the PAM Memory Agent Guide structure with proper metadata, wikilinks, and chronological tracking!
