Checking directory structure...

=== 09_activity_streams/daily_digests/ ===
total 80
drwxrwxrwx 2 root root 4096 Nov 26 16:14 .
drwxrwxrwx 5 root root 4096 Nov 26 16:10 ..
-rw------- 1 root root  847 Nov 26 16:14 2025-03-03.md
-rw------- 1 root root  837 Nov 26 16:14 2025-03-04.md
-rw------- 1 root root 1116 Nov 26 16:14 2025-03-05.md
-rw------- 1 root root  762 Nov 26 16:14 2025-03-06.md
-rw------- 1 root root  572 Nov 26 16:14 2025-03-10.md
-rw------- 1 root root  967 Nov 26 16:14 2025-03-11.md
-rw------- 1 root root  974 Nov 26 16:14 2025-03-12.md
-rw------- 1 root root  640 Nov 26 16:14 2025-03-18.md
-rw------- 1 root root  805 Nov 26 16:14 2025-03-25.md
-rw------- 1 root root  557 Nov 26 16:14 2025-04-02.md
-rw------- 1 root root  818 Nov 26 16:14 2025-04-15.md
-rw------- 1 root root 1111 Nov 26 16:14 2025-04-16.md
-rw------- 1 root root  606 Nov 26 16:14 2025-04-17.md
-rw------- 1 root root 1676 Nov 26 16:14 2025-04-18.md
-rw------- 1 root root 1730 Nov 26 16:14 2025-04-19.md
-rw------- 1 root root 2119 Nov 26 16:14 2025-04-20.md
-rw------- 1 root root  932 Nov 26 16:14 2025-04-21.md
-rw------- 1 root root 1439 Nov 26 16:14 2025-04-22.md

=== 09_activity_streams/linear_objects/ ===
total 28
drwxrwxrwx 2 root root 4096 Nov 26 16:11 .
drwxrwxrwx 5 root root 4096 Nov 26 16:10 ..
-rw------- 1 root root 1575 Nov 26 16:11 critical_fix_external_integration_timeouts_and_implement_monitoring.md
-rw------- 1 root root 2186 Nov 26 16:11 customer_satisfaction_investigation_march_decline_analysis.md
-rw------- 1 root root  981 Nov 26 16:11 customer_support_increase_in_payment_processing_issues.md
-rw------- 1 root root 1013 Nov 26 16:11 database_performance_optimization_initiative.md
-rw------- 1 root root  877 Nov 26 16:11 soc2_compliance_audit_system_security_review.md

=== 09_activity_streams/slack_threads/ ===
total 16
drwxrwxrwx 2 root root 4096 Nov 26 16:12 .
drwxrwxrwx 5 root root 4096 Nov 26 16:10 ..
-rw------- 1 root root 6223 Nov 26 16:12 engineering.md

=== Full tree of 09_activity_streams ===
/benchmark_data/setup_and_run.sh: line 218: tree: command not found

=== processed_data.md exists? ===
YES - processed_data.md found
First 50 lines:
# Event History Processing Summary

## Processing Completed: 2025-11-26

This document summarizes the processing of event_history.json from the /workspace/unsorted/ directory.

---

## Overview

- **Total Events Processed**: 31
  - Linear Events: 5
  - Slack Events: 26
- **Date Range**: March 3, 2025 - April 22, 2025
- **Teams Involved**: infrastructure, customer-success, engineering
- **Channels Found**: engineering (1 channel)

---

## Linear Tickets Summary

### All Unique Tickets and Current Status

1. **Database Performance Optimization Initiative**
   - **Status**: in_progress
   - **Team**: infrastructure
   - **Lead**: diana
   - **Priority**: high
   - **Created**: 2025-03-04
   - **Expected Finish**: 2025-03-15
   - **File**: `09_activity_streams/linear_objects/database_performance_optimization_initiative.md`

2. **SOC2 Compliance Audit - System Security Review**
   - **Status**: in_progress
   - **Team**: infrastructure
   - **Lead**: charlie
   - **Priority**: high
   - **Created**: 2025-03-06
   - **Expected Finish**: 2025-03-20
   - **File**: `09_activity_streams/linear_objects/soc2_compliance_audit_system_security_review.md`

3. **Customer Support - Increase in payment processing issues**
   - **Status**: in_progress
   - **Team**: customer-success
   - **Lead**: alice
   - **Priority**: medium
   - **Created**: 2025-03-25
   - **Expected Finish**: 2025-03-30
   - **File**: `09_activity_streams/linear_objects/customer_support_increase_in_payment_processing_issues.md`


=== Count of files created ===
Daily digests: 18
Linear objects: 5
Slack threads: 1

