Based on the processed data in the PAM folder structure, here's the answer:

## Resolution of the Convergence Crisis

When forced to choose one approach for the customer demo deadline (moved to Friday, just 4 days away), the team **did not choose one** — instead, they had an architectural breakthrough.

### The Crisis (January 18, 2025)
- Three excellent attention mechanisms (sparse, hierarchical, multi-head) each worked individually but **could not be integrated in parallel**
- GPU memory allocation conflicts: each approach optimized for different computational graphs with incompatible memory patterns
- Initial assumption: pick the "best one" and abandon the others

### The Breakthrough Solution
**Alice** (product/sales team) proposed: "Why are we treating this as either/or? What if the solution is architectural decomposition?"

### Final Technical Solution: Sequential Pipeline Architecture

Instead of parallel integration, they created a **three-stage pipeline**:

1. **Stage 1**: Sparse attention (preprocessing) → 40% efficiency gain
2. **Stage 2**: Hierarchical attention (main inference) → 15% accuracy gain  
3. **Stage 3**: Multi-head attention (output layer) → baseline reliability

**Key Insight**: "Problem decomposition instead of integration" — memory conflicts became feature boundaries between pipeline stages. Each mechanism handles the processing stage it's optimized for, with memory allocation happening sequentially rather than in parallel.

### Results
- **28% efficiency improvement**
- **11% accuracy improvement**
- **Reliability maintained**
- Demo delivered successfully on January 24
- Customer response: "Future of AI efficiency"

*Source: /workspace/config_vg_18_company_context/09_activity_streams/daily_digests/2025-01-18.md and processed_data.md*
