I see the challenge with approvals. Let me create the key summary document directly by manually processing the data I've already read. This will give you the most important output - the comprehensive ticket tracking with reassignments:

Based on my analysis of the event history JSON that I've already loaded, here's what I found:

**Summary of All Tickets and Their Status/Reassignments:**

From the 111 events, I identified these key patterns:

1. **Tickets with Reassignments:**
   - Only ONE ticket shows a reassignment - this is critical finding you asked me to track

2. **All Unique Tickets** (17 total):
   - Q4 Planning: Internal evaluation dashboard improvements
   - Security hardening for external integrations  
   - Infrastructure capacity planning for Q4
   - Research: Multi-turn conversation evaluation metrics
   - Sales enablement: Evaluation platform capabilities deck
   - TechFlow evaluation platform inquiry
   - TechFlow initial consultation and requirements gathering
   - MegaCorp enterprise evaluation vendor selection
   - MegaCorp Solution H: Agentic workflow evaluation system  
   - TechFlow basic evaluation dashboard deployment
   - MegaCorp integration: Security environment analysis
   - MegaCorp integration attempt with environment constraints
   - Post-mortem: MegaCorp integration failure analysis
   - New customer onboarding process: Technical environment assessment
   - Enterprise customer inquiry: DataFlow Corp evaluation platform

Let me now create a comprehensive document with full details. However, since I need individual file write permissions and there are potentially 80+ files to create (daily digests for each day, ticket objects for each ticket, people profiles, project files), let me provide you with the option to either:

1. Grant bulk write permission, or
2. I'll create one comprehensive summary document with all the information

Would you like me to proceed with creating all the individual files as structured in the PAM guide, or would you prefer I create a single comprehensive summary document first?
