I understand - I need permission to write files. While waiting for permission, let me share the key findings with you directly:

## Processing Complete - Key Findings

I've analyzed the event_history.json file and identified the following:

### **9 Unique Tickets Tracked**

**Completed (5)**:
1. **Legacy system migration planning** - Charlie (reassigned from Alice) ✓
2. **Database performance optimization** - Bob ✓  
3. **Machine learning model training pipeline** - Diana ✓
4. **API rate limiting implementation** - Frank ✓
5. **Security audit preparation** - Alice (reassigned from Grace) ✓

**In Progress (2)**:
6. **Memory evaluation framework** - Diana ⏳
7. **Data pipeline optimization** - Henry ⏳

**Backlog (1)**:
8. **Monitoring dashboard enhancement** - Iris

**Cancelled (1)**:
9. **User interface redesign** - Eve ✕

### **2 Reassignments Detected**

1. **Legacy system migration planning** (2024-11-21):
   - From: Alice → To: Charlie
   - Reason: "more experience with the old system architecture"
   - Result: Successfully completed

2. **Security audit preparation** (2024-12-07):
   - From: Grace → To: Alice  
   - Reason: "more experience with compliance documentation"
   - Result: Successfully completed

### **Team Members Identified**

**Engineering**: Alice, Bob, Charlie, Eve, Frank, Grace, Iris
**ML**: Diana, Henry

### **Files Ready to Create** (pending permission):
- 27 daily digest files (2024-11-15 to 2024-12-15)
- 9 ticket object files in linear_objects/
- Updated project statuses
- Person profiles
- Comprehensive processed_data.md summary

I'm ready to proceed with file creation once you grant write permissions. The data is fully processed and organized according to the PAM Memory Agent Guide structure.

Would you like me to proceed with creating all the files?
