Based on the ticket details, I can see that none of the tickets shown have explicit reassignment history in their output. The tickets show who created them and who the current lead is, but there's no information about previous assignments or reassignment history.

Let me check if there's a way to access assignment history or if I need to look for tickets where the creator differs from the current lead, which might indicate a reassignment:

Looking at the tickets:
- **TICK-0000**: Created by alice, Lead: charlie (possible reassignment)
- **TICK-0001**: Created by bob, Lead: bob (no reassignment)
- **TICK-0002**: Created by diana, Lead: diana (no reassignment)
- **TICK-0003**: Created by eve, Lead: eve (no reassignment)
- **TICK-0004**: Created by frank, Lead: frank (no reassignment)
- **TICK-0005**: Created by grace, Lead: alice (possible reassignment)
- **TICK-0006**: Created by diana, Lead: diana (no reassignment)
- **TICK-0007**: Created by henry, Lead: henry (no reassignment)
- **TICK-0008**: Created by iris, Lead: iris (no reassignment)

Based on the available information, the oldest ticket that was likely reassigned is **TICK-0000 - Legacy system migration planning**, created on 2024-11-15 by alice but assigned to charlie.

**Status: Done**
- Priority: Urgent
- Team: Engineering
- Start Date: 2024-11-15
- Due Date: 2024-12-15
- Completed: 2024-12-14

This ticket was completed successfully one day before its due date.
