Excellent! All processing complete. Here's the verification summary:

## ✅ Processing Complete - Output Verification

### 📁 Files Created by Directory:

**09_activity_streams/linear_objects/** (5 tickets)
1. `database_query_optimization_for_enterprise_dashboards.md`
2. `emergency_competitive_response_to_dataflow_ai_gradient_compression_prototype.md`
3. `enterprise_customer_dashboard_customization.md`
4. `soc2_compliance_audit_preparation_detailed_logging_requirements.md`
5. `soc2_compliance_audit_preparation_rework_logging_with_intent_context.md`

**09_activity_streams/slack_threads/** (4 channels)
1. `competition.md` (3 messages)
2. `engineering.md` (15 messages)
3. `random.md` (2 messages)
4. `research.md` (2 messages)

**09_activity_streams/daily_digests/** (21 daily digest files)
- Date range: 2024-01-05 through 2024-03-10
- 21 files covering all days with activity

**Summary file:** `/workspace/processed_data.md`

---

## 📊 Key Insights from Processing:

### Tickets
- **5 unique Linear tickets** processed
- **1 completed** (Enterprise dashboard - $2.1M contract secured)
- **2 in progress** (SOC2 work and gradient compression prototype)
- **1 reassignment detected**: SOC2 work split into two tickets (original + rework)

### Channels
- **4 Slack channels** with 22 total messages
- **#engineering** most active (15 messages)
- **#competition** spike on 2024-02-12 (DataFlow AI crisis)

### Critical Events
- **Feb 12**: Competitive crisis triggered emergency response
- **Feb 15**: Breakthrough prototype (87% bandwidth reduction)
- **Feb 16**: Priority shift from innovation to survival ($2.1M at stake)
- **Feb 28**: Enterprise dashboard delivered successfully
- **Mar 1**: Contract renewal secured

All data has been organized according to the PAM Memory Agent Guide structure with proper cross-linking and wikilink formatting.
