Checking directory structure...

=== 09_activity_streams/daily_digests/ ===
total 92
drwxrwxrwx 2 root root 4096 Nov 26 14:52 .
drwxrwxrwx 5 root root 4096 Nov 26 14:49 ..
-rw------- 1 root root  508 Nov 26 14:52 2024-01-05.md
-rw------- 1 root root  417 Nov 26 14:52 2024-01-08.md
-rw------- 1 root root  433 Nov 26 14:52 2024-01-10.md
-rw------- 1 root root  542 Nov 26 14:52 2024-01-12.md
-rw------- 1 root root  314 Nov 26 14:52 2024-01-15.md
-rw------- 1 root root  429 Nov 26 14:52 2024-01-18.md
-rw------- 1 root root  424 Nov 26 14:52 2024-01-20.md
-rw------- 1 root root  418 Nov 26 14:52 2024-01-22.md
-rw------- 1 root root  437 Nov 26 14:52 2024-01-25.md
-rw------- 1 root root  561 Nov 26 14:52 2024-01-30.md
-rw------- 1 root root  467 Nov 26 14:52 2024-02-05.md
-rw------- 1 root root 1156 Nov 26 14:52 2024-02-12.md
-rw------- 1 root root 1066 Nov 26 14:52 2024-02-14.md
-rw------- 1 root root  500 Nov 26 14:52 2024-02-15.md
-rw------- 1 root root 1046 Nov 26 14:52 2024-02-16.md
-rw------- 1 root root  417 Nov 26 14:52 2024-02-20.md
-rw------- 1 root root  445 Nov 26 14:52 2024-02-25.md
-rw------- 1 root root  588 Nov 26 14:52 2024-02-28.md
-rw------- 1 root root  431 Nov 26 14:52 2024-03-01.md
-rw------- 1 root root 1092 Nov 26 14:52 2024-03-05.md
-rw------- 1 root root  674 Nov 26 14:52 2024-03-10.md

=== 09_activity_streams/linear_objects/ ===
total 28
drwxrwxrwx 2 root root 4096 Nov 26 14:50 .
drwxrwxrwx 5 root root 4096 Nov 26 14:49 ..
-rw------- 1 root root 1021 Nov 26 14:50 database_query_optimization_for_enterprise_dashboards.md
-rw------- 1 root root 2305 Nov 26 14:50 emergency_competitive_response_to_dataflow_ai_gradient_compression_prototype.md
-rw------- 1 root root 1700 Nov 26 14:50 enterprise_customer_dashboard_customization.md
-rw------- 1 root root 1405 Nov 26 14:50 soc2_compliance_audit_preparation_detailed_logging_requirements.md
-rw------- 1 root root 2066 Nov 26 14:50 soc2_compliance_audit_preparation_rework_logging_with_intent_context.md

=== 09_activity_streams/slack_threads/ ===
total 24
drwxrwxrwx 2 root root 4096 Nov 26 14:50 .
drwxrwxrwx 5 root root 4096 Nov 26 14:49 ..
-rw------- 1 root root  714 Nov 26 14:50 competition.md
-rw------- 1 root root 3438 Nov 26 14:50 engineering.md
-rw------- 1 root root  537 Nov 26 14:50 random.md
-rw------- 1 root root  517 Nov 26 14:50 research.md

=== Full tree of 09_activity_streams ===
/benchmark_data/setup_and_run.sh: line 218: tree: command not found

=== processed_data.md exists? ===
YES - processed_data.md found
First 50 lines:
# Event History Processing Summary

**Processing Date**: 2024-11-26
**Source**: /workspace/unsorted/event_history.json
**Configuration**: /workspace/unsorted/linear_config.yaml

---

## Linear Tickets Overview

### All Unique Tickets and Current Status

1. **SOC2 compliance audit preparation - detailed logging requirements**
   - **Ticket ID**: SOC2_AUDIT_LOG_001
   - **Final Status**: in_progress (as of 2024-01-15)
   - **Team**: compliance
   - **Lead**: Charlie
   - **Priority**: medium
   - **Timeline**: 2024-01-05 to 2024-02-15
   - **Milestone**: Q1 2024 Enterprise Compliance
   - **Note**: Implementation had issues - missing "user intent context" requirement

2. **Enterprise customer dashboard customization**
   - **Ticket ID**: ENTERPRISE_DASHBOARD_001
   - **Final Status**: done ✅ (completed 2024-02-28)
   - **Team**: engineering
   - **Lead**: Alice
   - **Priority**: urgent (escalated from high)
   - **Timeline**: 2024-01-12 to 2024-02-28
   - **Business Impact**: $2.1M annual contract renewal secured
   - **Deliverables**: Live training metrics, resource utilization tracking, model performance monitoring

3. **Database query optimization for enterprise dashboards**
   - **Ticket ID**: DB_OPTIMIZATION_001
   - **Final Status**: todo (as of 2024-01-30)
   - **Team**: engineering
   - **Lead**: Bob
   - **Priority**: medium
   - **Timeline**: 2024-01-30 to 2024-02-10
   - **Technical Details**: PostgreSQL queries averaging 8 seconds response time

4. **EMERGENCY: Competitive response to DataFlow AI - gradient compression prototype**
   - **Ticket ID**: EMERGENCY_DATAFLOW_001
   - **Final Status**: in_progress (as of 2024-02-14)
   - **Team**: engineering
   - **Lead**: Bob
   - **Priority**: urgent
   - **Timeline**: 2024-02-14 to 2024-02-16 (48-hour sprint)
   - **Achievement**: 87% bandwidth reduction (target: 90%)
   - **Note**: Work paused on 2024-02-16 to prioritize TechCorp contract

=== Count of files created ===
Daily digests: 21
Linear objects: 5
Slack threads: 4

