Perfect! All files have been created successfully. Let me provide you with the final summary:

## Processing Complete

I've successfully processed the event history data according to the PAM Memory Agent Guide structure. Here's what was created:

### Files Created by Directory:

#### 09_activity_streams/linear_objects/ (6 files)
1. emergency_competitive_response_to_automateflow_disruption.md
2. ai_integration_strategy_natural_language_workflow_builder.md
3. performance_superiority_campaign_10x_speed_initiative.md
4. enterprise_security_and_compliance_ai_platform.md
5. critical_integration_failures_across_pivot_implementations.md
6. unified_ai_first_platform_strategy.md

#### 09_activity_streams/slack_threads/ (6 files)
1. general.md (15 messages)
2. competition.md (3 messages)
3. engineering.md (10 messages)
4. research.md (4 messages)
5. pivot-ai.md (2 messages)
6. enterprise-focus.md (4 messages)

#### 09_activity_streams/daily_digests/ (18 files)
Daily digests for all active dates from 2025-01-06 through 2025-01-31, combining both Linear ticket updates and Slack messages chronologically.

### Key Summary Statistics:

**Linear Tickets:**
- 6 unique tickets created
- 3 in progress (PROD-001, ENG-002, PROD-003)
- 3 in todo status
- No reassignments detected

**Slack Activity:**
- 38 total messages across 6 channels
- 4 active participants (alice, bob, diana, charlie)
- Most active channel: #general (15 messages)

**Narrative Arc:**
The data tells the story of a company responding to competitive disruption (AutomateFlow) by launching three parallel strategic initiatives, encountering severe technical debt and integration issues, and ultimately pivoting to a unified AI-first platform strategy. The period covers the crisis, the technical debt discovery, and the beginning of the recovery through architectural consolidation.

A comprehensive summary has been created at `/workspace/processed_data.md` with detailed breakdowns, insights, and links to all generated files.
