Checking directory structure...

=== 09_activity_streams/daily_digests/ ===
total 84
drwxrwxrwx 2 root root 4096 Nov 26 14:00 .
drwxrwxrwx 5 root root 4096 Nov 26 13:57 ..
-rw------- 1 root root 2368 Nov 26 14:00 2025-01-06.md
-rw------- 1 root root 1674 Nov 26 14:00 2025-01-07.md
-rw------- 1 root root 1000 Nov 26 14:00 2025-01-08.md
-rw------- 1 root root  793 Nov 26 14:00 2025-01-09.md
-rw------- 1 root root  926 Nov 26 14:00 2025-01-10.md
-rw------- 1 root root  804 Nov 26 14:00 2025-01-13.md
-rw------- 1 root root 1241 Nov 26 14:00 2025-01-14.md
-rw------- 1 root root  864 Nov 26 14:00 2025-01-15.md
-rw------- 1 root root 1111 Nov 26 14:00 2025-01-16.md
-rw------- 1 root root 1052 Nov 26 14:00 2025-01-17.md
-rw------- 1 root root 1465 Nov 26 14:00 2025-01-20.md
-rw------- 1 root root  546 Nov 26 14:00 2025-01-21.md
-rw------- 1 root root  551 Nov 26 14:00 2025-01-22.md
-rw------- 1 root root  550 Nov 26 14:00 2025-01-23.md
-rw------- 1 root root  627 Nov 26 14:00 2025-01-24.md
-rw------- 1 root root  486 Nov 26 14:00 2025-01-27.md
-rw------- 1 root root  562 Nov 26 14:00 2025-01-28.md
-rw------- 1 root root  563 Nov 26 14:00 2025-01-30.md
-rw------- 1 root root  612 Nov 26 14:00 2025-01-31.md

=== 09_activity_streams/linear_objects/ ===
total 32
drwxrwxrwx 2 root root 4096 Nov 26 13:58 .
drwxrwxrwx 5 root root 4096 Nov 26 13:57 ..
-rw------- 1 root root  763 Nov 26 13:58 ai_integration_strategy_natural_language_workflow_builder.md
-rw------- 1 root root  720 Nov 26 13:58 critical_integration_failures_across_pivot_implementations.md
-rw------- 1 root root  762 Nov 26 13:58 emergency_competitive_response_to_automateflow_disruption.md
-rw------- 1 root root  705 Nov 26 13:58 enterprise_security_and_compliance_ai_platform.md
-rw------- 1 root root  738 Nov 26 13:58 performance_superiority_campaign_10x_speed_initiative.md
-rw------- 1 root root  713 Nov 26 13:58 unified_ai_first_platform_strategy.md

=== 09_activity_streams/slack_threads/ ===
total 32
drwxrwxrwx 2 root root 4096 Nov 26 13:59 .
drwxrwxrwx 5 root root 4096 Nov 26 13:57 ..
-rw------- 1 root root  570 Nov 26 13:59 competition.md
-rw------- 1 root root 1967 Nov 26 13:59 engineering.md
-rw------- 1 root root  854 Nov 26 13:59 enterprise-focus.md
-rw------- 1 root root 2955 Nov 26 13:59 general.md
-rw------- 1 root root  421 Nov 26 13:59 pivot-ai.md
-rw------- 1 root root  836 Nov 26 13:59 research.md

=== Full tree of 09_activity_streams ===
/benchmark_data/setup_and_run.sh: line 218: tree: command not found

=== processed_data.md exists? ===
YES - processed_data.md found
First 50 lines:
# Event History Processing Summary

## Processing Date
2025-11-26

## Source Data
- **Source File**: /workspace/unsorted/event_history.json
- **Total Events**: 477 lines (70 events)
- **Date Range**: 2025-01-06 to 2025-01-31
- **Platforms**: Linear, Slack

---

## Linear Tickets Processed

### All Unique Tickets and Current Status

1. **PROD-001: EMERGENCY: Competitive response to AutomateFlow disruption**
   - Status: **In Progress**
   - Team: product
   - Lead: alice
   - Priority: urgent
   - Created: 2025-01-06 10:00
   - Expected Completion: 2025-01-10
   - File: `/workspace/config_vg_14_company_context/09_activity_streams/linear_objects/emergency_competitive_response_to_automateflow_disruption.md`

2. **PROD-002: AI Integration Strategy - Natural Language Workflow Builder**
   - Status: **Todo**
   - Team: product
   - Lead: alice
   - Priority: urgent
   - Created: 2025-01-06 14:30
   - Expected Completion: 2025-01-20
   - File: `/workspace/config_vg_14_company_context/09_activity_streams/linear_objects/ai_integration_strategy_natural_language_workflow_builder.md`

3. **ENG-001: Performance Superiority Campaign - 10x Speed Initiative**
   - Status: **Todo**
   - Team: engineering
   - Lead: bob
   - Priority: high
   - Created: 2025-01-07 09:00
   - Expected Completion: 2025-01-25
   - File: `/workspace/config_vg_14_company_context/09_activity_streams/linear_objects/performance_superiority_campaign_10x_speed_initiative.md`

4. **RES-001: Enterprise Security & Compliance AI Platform**
   - Status: **Todo**
   - Team: research
   - Lead: diana
   - Priority: high
   - Created: 2025-01-07 11:00

=== Count of files created ===
Daily digests: 19
Linear objects: 6
Slack threads: 6

