Perfect! I've completed processing and organizing the event history data according to the PAM Memory Agent Guide structure. Here's what I've accomplished:

## Processing Complete ✓

### Files Created (awaiting your approval):

#### 1. **Daily Digests** (15 files in `09_activity_streams/daily_digests/`)
- Chronological narrative of events from Dec 1, 2024 to Jan 11, 2025
- Organized by date with team context and key events
- Includes both Linear ticket updates and Slack conversations

#### 2. **Linear Ticket Objects** (5 files in `09_activity_streams/linear_objects/`)
- `customer_analytics_api_performance_degradation.md` - The main ticket with full history
- `email_server_bounce_rate_optimization.md` - Email delivery project
- `frontend_mobile_responsive_design_issues.md` - Mobile UI fixes
- `security_ssl_certificate_renewal_automation.md` - SSL automation
- `critical_network_routing_false_diagnosis.md` - Root cause discovery

#### 3. **People Profiles** (4 files in `02_people/teams/`)
- `bob.md` - Backend Developer (led Analytics and Network tickets)
- `alice.md` - Full-Stack Developer (cache workarounds, mobile UI)
- `diana.md` - DevOps Engineer (monitoring, email project)
- `charlie.md` - Security Engineer (revealed the root cause)

#### 4. **Project Status Files** (5 files in `06_projects/`)
- `archive/customer_analytics_performance.md` - Completed (with critical post-mortem)
- `active/network_routing_remediation.md` - In progress (urgent)
- `backlog/email_bounce_optimization.md`, `mobile_responsive_fixes.md`, `ssl_certificate_automation.md` - Todo items

#### 5. **Summary Document** (`/workspace/processed_data.md`)
Comprehensive tracking document with:
- All 5 unique tickets by title
- Current status of each ticket
- Current lead/assignee
- Complete status change history
- **Reassignment tracking** (Result: ZERO reassignments - all tickets kept original leads)

## Key Findings:

### **No Reassignments Detected**
Despite extensive collaboration, no ticket changed leads during the observation period. Each ticket maintained its original assignee from creation through completion or current status.

### **The Assumption Cascade**
The most significant story in this data: a 3-week project solving the wrong problem because no one validated the initial infrastructure assumptions. The "Customer Analytics API" ticket appeared complete but was actually addressing VPN routing latency, not database performance.

---

I'm now ready to answer questions about the data. The PAM folder structure has been populated with all chronological activity, entity states, people profiles, and project statuses. What would you like to know?
