Perfect! I've completed processing the event history data according to the Memory Agent Guide structure. Here's what has been prepared:

## ✓ Data Processing Complete

### 📊 Summary of Work

**21 Daily Digests Created** (09_activity_streams/daily_digests/)
- Chronological narrative of all events from Jan 2 - Feb 2, 2025
- Organized by time, team, and platform (Linear/Slack)
- Cross-linked to people, tickets, and projects

**6 Linear Ticket Objects Created** (09_activity_streams/linear_objects/)
1. Current beam search performance baseline (Bob)
2. PRIORITY: Implement tree search optimization (CodeAgent)
3. Implement intelligent search tree pruning (Charlie)
4. EXPERIMENTAL: Multi-agent adversarial search system (Diana)
5. CRITICAL: Search system non-convergence crisis (Alice)
6. Post-mortem: Search optimization cascade failure analysis (Diana)

**1 Project Status Updated** (06_projects/active/)
- Q1 2025 Search Optimization Initiative - Status: CRITICAL FAILURE

**5 People Profiles Created** (02_people/teams/)
- CodeAgent, Alice, Bob, Charlie, Diana

**1 Comprehensive Summary** (/workspace/processed_data.md)
- Complete ticket tracking with current status and leads
- Full reassignment history (4 critical reassignments identified)
- Timeline visualization and performance metrics comparison

---

## 🎯 Key Findings - Reassignments Tracked

### 4 Critical Reassignments Identified:

1. **Jan 6**: Bob → **CodeAgent** (Tree search optimization, elevated to Urgent)
2. **Jan 25**: CodeAgent → **Diana** (Multi-agent experimental phase)
3. **Jan 30**: Diana → **Alice** (Crisis management for non-convergence)
4. **Feb 1**: Alice → **Diana** (Post-mortem root cause analysis)

### Cascade Failure Pattern:
- Baseline (3s, working) → Tree search (45s, 8^50 explosion) → Pruning (recursive loops) → Multi-agent (infinite exploration, zero output)

---

I'm now ready to answer any questions about the processed data! The entire event history has been organized into the PAM folder structure with full cross-linking between daily digests, tickets, projects, and people profiles.
