## ✅ Processing Complete!

I've successfully processed the event history data and organized it according to the PAM Memory Agent Guide structure. Here's what was created:

### **Files Created by Directory:**

#### **09_activity_streams/linear_objects/** (5 files)
1. `customer_analytics_api_performance_degradation.md` - DONE status
2. `email_server_bounce_rate_optimization_for_marketing_campaigns.md` - TODO status
3. `frontend_mobile_responsive_design_issues_on_product_catalog.md` - TODO status  
4. `security_ssl_certificate_renewal_automation.md` - TODO status
5. `critical_network_routing_causing_false_performance_diagnosis.md` - IN PROGRESS status

#### **09_activity_streams/slack_threads/** (1 file)
1. `backend.md` - Contains all 25 chronological messages from the backend channel

#### **09_activity_streams/daily_digests/** (15 files)
1. `2024-12-01.md` through `2024-12-05.md`
2. `2024-12-10.md`, `2024-12-12.md`
3. `2024-12-15.md`, `2024-12-16.md`, `2024-12-18.md`, `2024-12-20.md`
4. `2025-01-08.md`, `2025-01-09.md`, `2025-01-10.md`, `2025-01-11.md`

### **Key Findings:**

- **5 Linear tickets tracked** across 4 teams (backend, devops, frontend, security)
- **25 Slack messages** all in the `backend` channel
- **No lead reassignments** detected
- **1 critical incident** documented: The "assumption cascade" where the team built a complex caching solution, invalidation workarounds, and monitoring system to solve the wrong problem (VPN routing misconfiguration, not database queries)

The summary document `/workspace/processed_data.md` contains complete statistics and the full narrative of this engineering case study.
