Perfect! I've completed processing the event history data according to the PAM Memory Agent Guide structure. Here's what I've created:

## Summary of Data Processing

### ✅ Completed Tasks:

1. **Daily Digests** (10 files in `09_activity_streams/daily_digests/`):
   - 2025-01-03 through 2025-01-22
   - Chronological narrative of what happened each day
   - Includes both Linear tickets and Slack conversations
   - Cross-linked with wikilinks to people and tickets

2. **Linear Ticket Objects** (7 files in `09_activity_streams/linear_objects/`):
   - Q4 User Feedback Analysis
   - Q1 Search Algorithm Improvement Initiative (main epic)
   - Feature flag service implementation
   - Analytics dashboard enhancements
   - Security auth fix
   - Urgent search inconsistency investigation
   - Explicit test group assignment feature

3. **People Profiles** (4 files in `02_people/teams/`):
   - **Alice** - Engineering Lead/Product Manager
   - **Bob** - Infrastructure Engineer
   - **Charlie** - Backend Engineer/Security
   - **Diana** - Data Analyst

4. **Project Status** (1 file in `06_projects/active/`):
   - Q1 2025 Search Improvements milestone overview

5. **Processed Data Summary** (`/workspace/processed_data.md`):
   - Complete ticket listing with status history
   - **Reassignment tracking**: Zero reassignments found
   - Timeline of key events
   - People activity summary
   - Key insights and lessons learned

## Key Findings:

### Reassignment Analysis
**No reassignments occurred** during this period. All 8 tickets maintained the same lead from creation to completion:
- Alice: 2 tickets
- Bob: 2 tickets  
- Charlie: 1 ticket
- Diana: 2 tickets

### The Investigation Story
The most interesting narrative was the search inconsistency investigation where:
- Diana identified a 30/70 split in engagement metrics
- Bob connected this to the feature flag distribution
- Root cause: Internal team members randomly distributed across test groups made debugging nearly impossible
- Led to new policy requiring explicit test group assignment

I'm now ready to answer questions about the processed data. What would you like to know?
