Perfect! I've successfully processed the event history data according to the PAM Memory Agent Guide structure. Here's what I've completed:

## Processing Summary

### ✅ Files Created by Directory

**Linear Objects** (`09_activity_streams/linear_objects/`) - **7 files**:
1. `q4_user_feedback_analysis_search_system_issues.md`
2. `q1_search_algorithm_improvement_initiative.md`
3. `implement_feature_flag_service_for_search_algorithm_rollout.md`
4. `analytics_dashboard_add_conversion_tracking_widgets.md`
5. `security_fix_user_authentication_session_handling.md`
6. `urgent_search_results_inconsistent_across_users.md`
7. `implement_explicit_test_group_assignment_for_internal_team.md`

**Slack Threads** (`09_activity_streams/slack_threads/`) - **1 file**:
1. `engineering.md` (contains 15 chronological messages from #engineering channel)

**Daily Digests** (`09_activity_streams/daily_digests/`) - **13 files**:
- One file for each active date: 2025-01-03, 06, 08, 10, 12, 14, 16, 17, 18, 19, 20, 21, 22
- Each combines both Linear ticket activity and Slack conversations for that date

**Summary Document** - **1 file**:
- `/workspace/processed_data.md` - Complete summary with statistics and insights

**Total: 21 files created**

### Key Processing Details

1. **Linear tickets tracked** with status changes, priorities, and leads
2. **Slack messages organized** chronologically by channel with proper timestamps
3. **Daily digests** provide narrative view of what happened each day
4. **Cross-linking** implemented using `[[wikilinks]]` for people and tickets
5. **Reassignments detected**: No direct reassignments, but ticket #6 was assigned to diana for investigation

### Notable Insights from the Data

The event history tells the story of a search algorithm rollout that initially appeared to have bugs, but turned out to be feature flags working correctly. The key learning: random bucketing of internal team members into test groups made debugging nearly impossible, leading to a new policy for explicit test group assignments.

All files are now organized in the PAM Memory Agent structure and ready for AI navigation!
