Checking directory structure...

=== 09_activity_streams/daily_digests/ ===
total 60
drwxrwxrwx 2 root root 4096 Nov 26 15:59 .
drwxrwxrwx 5 root root 4096 Nov 26 15:56 ..
-rw------- 1 root root  536 Nov 26 15:59 2025-01-03.md
-rw------- 1 root root 1511 Nov 26 15:59 2025-01-06.md
-rw------- 1 root root  741 Nov 26 15:59 2025-01-08.md
-rw------- 1 root root  660 Nov 26 15:59 2025-01-10.md
-rw------- 1 root root  733 Nov 26 15:59 2025-01-12.md
-rw------- 1 root root  670 Nov 26 15:59 2025-01-14.md
-rw------- 1 root root  965 Nov 26 15:59 2025-01-16.md
-rw------- 1 root root 1308 Nov 26 15:59 2025-01-17.md
-rw------- 1 root root 1760 Nov 26 15:59 2025-01-18.md
-rw------- 1 root root 1553 Nov 26 15:59 2025-01-19.md
-rw------- 1 root root  899 Nov 26 15:59 2025-01-20.md
-rw------- 1 root root  513 Nov 26 15:59 2025-01-21.md
-rw------- 1 root root  784 Nov 26 15:59 2025-01-22.md

=== 09_activity_streams/linear_objects/ ===
total 36
drwxrwxrwx 2 root root 4096 Nov 26 15:57 .
drwxrwxrwx 5 root root 4096 Nov 26 15:56 ..
-rw------- 1 root root  781 Nov 26 15:57 analytics_dashboard_add_conversion_tracking_widgets.md
-rw------- 1 root root 1049 Nov 26 15:57 implement_explicit_test_group_assignment_for_internal_team.md
-rw------- 1 root root 1024 Nov 26 15:57 implement_feature_flag_service_for_search_algorithm_rollout.md
-rw------- 1 root root  878 Nov 26 15:57 q1_search_algorithm_improvement_initiative.md
-rw------- 1 root root  821 Nov 26 15:57 q4_user_feedback_analysis_search_system_issues.md
-rw------- 1 root root  830 Nov 26 15:57 security_fix_user_authentication_session_handling.md
-rw------- 1 root root 1886 Nov 26 15:57 urgent_search_results_inconsistent_across_users.md

=== 09_activity_streams/slack_threads/ ===
total 16
drwxrwxrwx 2 root root 4096 Nov 26 15:58 .
drwxrwxrwx 5 root root 4096 Nov 26 15:56 ..
-rw------- 1 root root 4871 Nov 26 15:58 engineering.md

=== Full tree of 09_activity_streams ===
/benchmark_data/setup_and_run.sh: line 218: tree: command not found

=== processed_data.md exists? ===
YES - processed_data.md found
First 50 lines:
# Event History Processing Summary

## Processing Overview
Processed 22 events from event_history.json covering the period from 2025-01-03 to 2025-01-22.

## Linear Tickets Summary

### All Unique Tickets (7 Total)

1. **Q4 User Feedback Analysis: Search System Issues**
   - Team: product
   - Lead: alice
   - Status: **done**
   - Priority: high
   - Created: 2025-01-03
   - File: `linear_objects/q4_user_feedback_analysis_search_system_issues.md`

2. **Q1 Search Algorithm Improvement Initiative**
   - Team: engineering
   - Lead: alice
   - Status: **in_progress**
   - Priority: high
   - Created: 2025-01-06
   - Timeline: 2025-01-06 to 2025-03-15
   - File: `linear_objects/q1_search_algorithm_improvement_initiative.md`

3. **Implement feature flag service for search algorithm rollout**
   - Team: engineering
   - Lead: bob
   - Status: **in_progress**
   - Priority: high
   - Created: 2025-01-08
   - Timeline: 2025-01-08 to 2025-01-15
   - File: `linear_objects/implement_feature_flag_service_for_search_algorithm_rollout.md`

4. **Analytics dashboard: Add conversion tracking widgets**
   - Team: data
   - Lead: diana
   - Status: **in_progress**
   - Priority: medium
   - Created: 2025-01-10
   - Timeline: 2025-01-10 to 2025-01-20
   - File: `linear_objects/analytics_dashboard_add_conversion_tracking_widgets.md`

5. **Security fix: User authentication session handling**
   - Team: engineering
   - Lead: charlie
   - Status: **done**
   - Priority: medium
   - Created: 2025-01-14

=== Count of files created ===
Daily digests: 13
Linear objects: 7
Slack threads: 1

