Based on my search through available communications (Slack channels, Linear tickets) and workspace files, I can provide you with an analysis of the stakeholder pressures, though the available evidence is limited:

## **Answer: Competitive Market Dynamics (Apache StreamFlow)**

### Evidence Found:

**1. Competitive Market Dynamics - PRIMARY DRIVER:**
- **TICK-0002**: "URGENT: Apache StreamFlow competitive threat analysis" - marked as URGENT priority
- Description: "Emergency competitive analysis of Apache StreamFlow open-source data pipeline platform. Direct threat to DataPipelineStudio's core value proposition with **85% feature parity and Apache 2.0 licensing**"
- Created: 2025-01-16 (5 days before the strategic initiative)

**2. Strategic Response:**
- **TICK-0004**: "STRATEGIC INITIATIVE: Open Core Architecture Implementation" 
- Explicitly states: "Response to Apache StreamFlow competitive threat"
- Created: 2025-01-21 (5 days after threat analysis)
- Priority: URGENT
- Timeline: 10-week implementation (January 21 - March 31, 2025)

**3. Baseline Context:**
- **TICK-0000** (Q4 2024 Review): Strong performance metrics
  - $2.8M ARR, 150+ enterprise customers, 95% retention rate
  - Existing customers showed **no pressure signals** at that time
  - Market position described as "solid"

### Conclusion:

The **competitive market dynamics** from Apache StreamFlow created the most pressure, evidenced by:
- Emergency "URGENT" threat analysis ticket
- 85% feature parity with Apache 2.0 licensing representing existential threat
- Direct causation: strategic initiative explicitly labeled as "Response to Apache StreamFlow competitive threat"
- No evidence of enterprise customer complaints or developer community demands in available records

**Note:** The available communication channels show limited discussion history. If there are additional meeting notes, emails, or documents outside the current workspace, those might contain more detailed stakeholder feedback that I haven't been able to access.
