## Processing Complete! ✅

I've successfully processed all event history data according to the PAM Memory Agent Guide structure. Here's what was created:

### 📁 Files Created

#### **09_activity_streams/linear_objects/** (8 ticket files)
1. `alternative_authentication_strategy_meeting.md`
2. `email_verification_service_implementation.md`
3. `multi_factor_authentication_with_email_verification.md`
4. `oauth_provider_configuration.md`
5. `oauth_security_vulnerability_assessment.md`
6. `security_review_of_oauth_implementation.md`
7. `security_validation_of_mfa_implementation.md`
8. `social_login_integration.md`

#### **09_activity_streams/daily_digests/** (13 daily activity files)
- `2024-01-15.md` through `2024-02-10.md`
- Each file contains all Linear events for that specific day with narrative summaries

#### **09_activity_streams/slack_threads/**
- No files created (no Slack data in event_history.json)

### 📊 Key Findings

**Total Events**: 16 Linear events processed  
**Date Range**: January 15 - February 10, 2024  
**Unique Tickets**: 8 tickets tracked

**Status Breakdown**:
- ✅ **Completed**: 4 tickets
- 🔄 **In Progress**: 2 tickets  
- ❌ **Cancelled**: 2 tickets (OAuth-related, replaced by MFA approach)

**Notable Story**: The data reveals a major security-driven pivot where the team cancelled OAuth social login implementation due to critical vulnerabilities and successfully transitioned to a secure MFA system with email verification.

### 📝 Summary Report

A comprehensive summary has been created at `/workspace/processed_data.md` containing:
- Complete ticket inventory with current status
- Team member assignments (Alice, Bob, Charlie, Diana)
- Timeline of events and strategic pivot
- Security insights and best practices demonstrated
- No lead reassignments detected

All files follow the PAM Memory Agent Guide structure with proper wikilinks, metadata, and chronological timelines.
