Checking directory structure...

=== 09_activity_streams/daily_digests/ ===
total 60
drwxrwxrwx 2 root root 4096 Nov 26 12:06 .
drwxrwxrwx 5 root root 4096 Nov 26 12:04 ..
-rw------- 1 root root  700 Nov 26 12:06 2024-01-15.md
-rw------- 1 root root  700 Nov 26 12:06 2024-01-16.md
-rw------- 1 root root  457 Nov 26 12:06 2024-01-18.md
-rw------- 1 root root  504 Nov 26 12:06 2024-01-20.md
-rw------- 1 root root 1056 Nov 26 12:06 2024-01-22.md
-rw------- 1 root root 1814 Nov 26 12:06 2024-01-23.md
-rw------- 1 root root 1178 Nov 26 12:06 2024-01-24.md
-rw------- 1 root root 1300 Nov 26 12:06 2024-01-25.md
-rw------- 1 root root  854 Nov 26 12:06 2024-01-26.md
-rw------- 1 root root  546 Nov 26 12:06 2024-01-28.md
-rw------- 1 root root  578 Nov 26 12:06 2024-01-30.md
-rw------- 1 root root 1106 Nov 26 12:06 2024-02-05.md
-rw------- 1 root root  966 Nov 26 12:06 2024-02-10.md

=== 09_activity_streams/linear_objects/ ===
total 40
drwxrwxrwx 2 root root 4096 Nov 26 12:05 .
drwxrwxrwx 5 root root 4096 Nov 26 12:04 ..
-rw------- 1 root root 1040 Nov 26 12:05 alternative_authentication_strategy_meeting.md
-rw------- 1 root root 1215 Nov 26 12:05 email_verification_service_implementation.md
-rw------- 1 root root 1444 Nov 26 12:05 multi_factor_authentication_with_email_verification.md
-rw------- 1 root root 1151 Nov 26 12:05 oauth_provider_configuration.md
-rw------- 1 root root 1367 Nov 26 12:05 oauth_security_vulnerability_assessment.md
-rw------- 1 root root 1375 Nov 26 12:05 security_review_of_oauth_implementation.md
-rw------- 1 root root 1190 Nov 26 12:05 security_validation_of_mfa_implementation.md
-rw------- 1 root root 1346 Nov 26 12:05 social_login_integration.md

=== 09_activity_streams/slack_threads/ ===
total 8
drwxrwxrwx 2 root root 4096 Nov 26 12:04 .
drwxrwxrwx 5 root root 4096 Nov 26 12:04 ..

=== Full tree of 09_activity_streams ===
/benchmark_data/setup_and_run.sh: line 218: tree: command not found

=== processed_data.md exists? ===
YES - processed_data.md found
First 50 lines:
# Event History Processing Summary

**Processing Date**: 2024-11-26
**Source File**: `/workspace/unsorted/event_history.json`
**Total Events Processed**: 16 events
**Date Range**: 2024-01-15 to 2024-02-10

---

## Processing Overview

All events from the event history have been successfully processed and organized according to the PAM Memory Agent Guide structure. The events tell a story of a major security-driven pivot in authentication strategy during Q1 2024.

---

## Unique Linear Tickets (8 Total)

### Active Tickets (1)
1. **Multi-factor authentication with email verification**
   - **Current Status**: In Progress
   - **Team**: Engineering
   - **Lead**: Alice
   - **Priority**: High
   - **Milestone**: Q1 2024 Auth Modernization
   - **File**: `linear_objects/multi_factor_authentication_with_email_verification.md`

### Completed Tickets (4)
2. **Email verification service implementation**
   - **Current Status**: Done
   - **Team**: Engineering
   - **Lead**: Bob
   - **Completed**: 2024-02-10
   - **File**: `linear_objects/email_verification_service_implementation.md`

3. **Security validation of MFA implementation**
   - **Current Status**: Done
   - **Team**: Security
   - **Lead**: Charlie
   - **Completed**: 2024-02-05
   - **File**: `linear_objects/security_validation_of_mfa_implementation.md`

4. **OAuth security vulnerability assessment**
   - **Current Status**: Done
   - **Team**: Security
   - **Lead**: Diana
   - **Completed**: 2024-01-23
   - **File**: `linear_objects/oauth_security_vulnerability_assessment.md`

5. **Alternative authentication strategy meeting**
   - **Current Status**: Done

=== Count of files created ===
Daily digests: 13
Linear objects: 8
Slack threads: 0

