## Processing Complete!

I've successfully processed the event history data and organized it according to the PAM Memory Agent Guide structure. Here's what was accomplished:

### Files Created

#### 09_activity_streams/linear_objects/ (8 files)
1. `alternative_authentication_strategy_meeting.md`
2. `email_verification_service_implementation.md`
3. `multi_factor_authentication_with_email_verification.md`
4. `oauth_provider_configuration.md`
5. `oauth_security_vulnerability_assessment.md`
6. `security_review_of_oauth_implementation.md`
7. `security_validation_of_mfa_implementation.md`
8. `social_login_integration.md`

#### 09_activity_streams/daily_digests/ (13 files)
1. `2024-01-15.md` through `2024-02-10.md`
   - Chronological narrative of all activity
   - 13 days with recorded events

#### 09_activity_streams/slack_threads/ (0 files)
- Directory exists but empty (no Slack data in source file)

### Summary Document
- **`/workspace/processed_data.md`** - Comprehensive summary including:
  - All 8 unique tickets with current status
  - Timeline of the Q1 2024 Auth Modernization project
  - Key insights about the OAuth→MFA pivot
  - Team member assignments
  - Statistics and metrics

### Key Findings

The data reveals a critical security-driven pivot in the authentication project:
- **Initial plan**: OAuth social login (cancelled due to security vulnerabilities)
- **New approach**: Multi-factor authentication with email verification
- **Teams involved**: Engineering (alice, bob) and Security (charlie, diana)
- **Timeline**: January 15 - February 10, 2024
- **Outcome**: Successful pivot with security approval

All files follow the PAM Memory Agent Guide structure with proper wikilink formatting for cross-referencing people, projects, and related tickets.
