Checking directory structure...

=== 09_activity_streams/daily_digests/ ===
total 60
drwxrwxrwx 2 root root 4096 Nov 26 12:02 .
drwxrwxrwx 5 root root 4096 Nov 26 12:00 ..
-rw------- 1 root root  399 Nov 26 12:02 2024-01-15.md
-rw------- 1 root root  373 Nov 26 12:02 2024-01-16.md
-rw------- 1 root root  271 Nov 26 12:02 2024-01-18.md
-rw------- 1 root root  254 Nov 26 12:02 2024-01-20.md
-rw------- 1 root root  513 Nov 26 12:02 2024-01-22.md
-rw------- 1 root root 1023 Nov 26 12:02 2024-01-23.md
-rw------- 1 root root  553 Nov 26 12:02 2024-01-24.md
-rw------- 1 root root  581 Nov 26 12:02 2024-01-25.md
-rw------- 1 root root  547 Nov 26 12:02 2024-01-26.md
-rw------- 1 root root  286 Nov 26 12:02 2024-01-28.md
-rw------- 1 root root  287 Nov 26 12:02 2024-01-30.md
-rw------- 1 root root  610 Nov 26 12:02 2024-02-05.md
-rw------- 1 root root  370 Nov 26 12:02 2024-02-10.md

=== 09_activity_streams/linear_objects/ ===
total 40
drwxrwxrwx 2 root root 4096 Nov 26 12:02 .
drwxrwxrwx 5 root root 4096 Nov 26 12:00 ..
-rw------- 1 root root  936 Nov 26 12:02 alternative_authentication_strategy_meeting.md
-rw------- 1 root root 1067 Nov 26 12:02 email_verification_service_implementation.md
-rw------- 1 root root 1264 Nov 26 12:02 multi_factor_authentication_with_email_verification.md
-rw------- 1 root root 1009 Nov 26 12:02 oauth_provider_configuration.md
-rw------- 1 root root 1007 Nov 26 12:02 oauth_security_vulnerability_assessment.md
-rw------- 1 root root 1036 Nov 26 12:02 security_review_of_oauth_implementation.md
-rw------- 1 root root  905 Nov 26 12:02 security_validation_of_mfa_implementation.md
-rw------- 1 root root 1211 Nov 26 12:02 social_login_integration.md

=== 09_activity_streams/slack_threads/ ===
total 8
drwxrwxrwx 2 root root 4096 Nov 26 12:00 .
drwxrwxrwx 5 root root 4096 Nov 26 12:00 ..

=== Full tree of 09_activity_streams ===
/benchmark_data/setup_and_run.sh: line 218: tree: command not found

=== processed_data.md exists? ===
YES - processed_data.md found
First 50 lines:
# Event History Processing Summary

**Processing Date**: 2024-11-26
**Source File**: /workspace/unsorted/event_history.json
**Total Events Processed**: 17

---

## Overview

This document summarizes the processing of event history data from Linear project management system covering the Q1 2024 Auth Modernization initiative. The data spans from January 15, 2024 to February 10, 2024.

---

## Unique Tickets and Current Status

### Active Tickets (1)

1. **Multi-factor authentication with email verification**
   - **Status**: in_progress
   - **Team**: engineering
   - **Lead**: alice
   - **Priority**: high
   - **Created**: 2024-01-25
   - **Last Updated**: 2024-01-28
   - **File**: `09_activity_streams/linear_objects/multi_factor_authentication_with_email_verification.md`

### Completed Tickets (4)

2. **OAuth security vulnerability assessment**
   - **Status**: done
   - **Team**: security
   - **Lead**: diana
   - **Priority**: urgent
   - **Created**: 2024-01-23
   - **Completed**: 2024-01-23 (same day)
   - **File**: `09_activity_streams/linear_objects/oauth_security_vulnerability_assessment.md`

3. **Alternative authentication strategy meeting**
   - **Status**: done
   - **Team**: engineering
   - **Lead**: alice
   - **Priority**: urgent
   - **Created**: 2024-01-24
   - **Completed**: 2024-01-24 (same day)
   - **File**: `09_activity_streams/linear_objects/alternative_authentication_strategy_meeting.md`

4. **Email verification service implementation**
   - **Status**: done
   - **Team**: engineering

=== Count of files created ===
Daily digests: 13
Linear objects: 8
Slack threads: 0

