Perfect! All files have been successfully created. Here's the complete summary:

## Processing Complete ✓

I've successfully processed the event history data and organized it according to the PAM Memory Agent Guide structure.

### Files Created by Directory:

#### **09_activity_streams/linear_objects/** (7 files)
1. `urgent_implement_user_activity_tracking_system_for_techcorp.md`
2. `backend_database_audit_trail_for_user_activity_tracking.md`
3. `frontend_user_behavior_analytics_and_heatmap_system.md`
4. `security_privacy_compliant_session_recording_system.md`
5. `gdpr_compliance_audit_data_processing_review.md`
6. `email_service_performance_issues_investigation.md`
7. `resolution_integrate_divergent_user_activity_tracking_systems.md`

#### **09_activity_streams/slack_threads/** (1 file)
1. `engineering.md` - Complete chronological log of 31 messages across all dates

#### **09_activity_streams/daily_digests/** (12 files)
1. `2025-04-01.md` - TechCorp crisis announcement
2. `2025-04-02.md` - Specification writing
3. `2025-04-03.md` - Three teams launch implementations
4. `2025-04-04.md` - GDPR audit added
5. `2025-04-07.md` - Progress updates
6. `2025-04-10.md` - Coordination check-in
7. `2025-04-12.md` - Continued optimism
8. `2025-04-15.md` - Email service investigation
9. `2025-04-18.md` - All systems complete
10. `2025-04-22.md` - Pre-demo confidence
11. `2025-05-06.md` - CRISIS DAY (16 messages)
12. `2025-05-07.md` - Resolution planning

### Summary Report
Created `/workspace/processed_data.md` with:
- Complete list of 7 unique tickets and their current status
- 1 channel (engineering) with 31 messages
- No lead reassignments detected
- Key insights about the specification ambiguity crisis
- Timeline analysis and root cause documentation

### Key Findings:
The event history documents a critical failure where three teams built incompatible "user activity tracking" systems due to ambiguous specifications:
- **Bob (Backend)**: Database audit logging
- **Diana (Frontend)**: Analytics dashboard with heatmaps  
- **Charlie (Security)**: Privacy-compliant session recording

The crisis was discovered 2 hours before the TechCorp demo on 2025-05-06, requiring an emergency integration effort led by Alice.
