Based on my thorough investigation of the codebase, I cannot find any specific reference to a "numpy-CUDA compatibility issue" being identified. The search results show:

1. **No direct mentions** of a numpy-CUDA compatibility issue in commit messages, documentation, or code comments
2. **Related work found**:
   - Erik Ritter made torch an optional dependency in April 2024 (PR #1524)
   - Steven Adler added exception handling for usage tokens in September 2024
   - The HR ML Agent Bench eval was added by Dane Sherburn in March 2024 with GPU/CUDA support

3. The codebase uses:
   - `torch.cuda.is_available()` for GPU detection
   - numpy for numerical operations  
   - Unit tests for action validation

Without access to external resources like GitHub issues, pull request discussions, or more detailed commit history, I cannot definitively identify who discovered a numpy-CUDA compatibility issue or through what testing approach.

I cannot find evidence of a numpy-CUDA compatibility issue being identified in the ml_evals codebase based on my search through:
- Git commit history
- Code files and documentation  
- Test files
- Requirements and configuration files

The information you're looking for may exist in:
- GitHub pull request discussions (not available in the local repository)
- External issue trackers
- Team communications not captured in the codebase

Could you provide more context about where you heard about this numpy-CUDA compatibility issue, or any additional details that might help me locate the relevant information?
