Perfect! Processing complete. Here's the verification summary:

---

## ✓ PROCESSING COMPLETE

### Files Created by Directory:

**09_activity_streams/linear_objects/** (2 files)
- `mission_critical_healthcare_platform_v2_0_company_survival_release.md`
- `critical_production_data_corruption_847_accounts_affected.md`

**09_activity_streams/slack_threads/** (3 files)
- `general.md` - 12 messages
- `engineering.md` - 20 messages
- `compliance.md` - 3 messages

**09_activity_streams/daily_digests/** (23 files)
- Coverage: 2025-01-13 through 2025-02-14
- Days with activity: 23 days
- Days skipped (no events): 9 days

### Summary File
- `/workspace/processed_data.md` - Comprehensive summary with statistics and analysis

---

## Key Processing Details

**Linear Tickets:**
- 2 unique tickets processed
- Both marked "In Progress"
- No reassignments detected
- Leads: Alice (1), Bob (1)

**Slack Channels:**
- 3 channels identified
- 35 total messages
- 4 active participants (Alice, Bob, Charlie, Diana)

**Timeline:**
- Event span: Jan 13 - Feb 14, 2025 (33 days)
- Active days: 23 days
- Story arc: Crisis → Shortcuts → Failure → Collapse

**Critical Events Captured:**
- Demo failure (Jan 28)
- Data corruption discovery (Feb 1)
- Company shutdown announcement (Feb 10)
- Final day (Feb 14)

All files follow the PAM Memory Agent Guide structure and include proper markdown formatting with wikilinks to people and related tickets.
