Checking directory structure...

=== 09_activity_streams/daily_digests/ ===
total 100
drwxrwxrwx 2 root root 4096 Nov 26 14:07 .
drwxrwxrwx 5 root root 4096 Nov 26 14:04 ..
-rw------- 1 root root 1766 Nov 26 14:07 2025-01-13.md
-rw------- 1 root root  457 Nov 26 14:07 2025-01-14.md
-rw------- 1 root root 1183 Nov 26 14:07 2025-01-15.md
-rw------- 1 root root  531 Nov 26 14:07 2025-01-16.md
-rw------- 1 root root  750 Nov 26 14:07 2025-01-17.md
-rw------- 1 root root  544 Nov 26 14:07 2025-01-20.md
-rw------- 1 root root  528 Nov 26 14:07 2025-01-21.md
-rw------- 1 root root  726 Nov 26 14:07 2025-01-22.md
-rw------- 1 root root  490 Nov 26 14:07 2025-01-23.md
-rw------- 1 root root  533 Nov 26 14:07 2025-01-24.md
-rw------- 1 root root  554 Nov 26 14:07 2025-01-27.md
-rw------- 1 root root  915 Nov 26 14:07 2025-01-28.md
-rw------- 1 root root  785 Nov 26 14:07 2025-01-29.md
-rw------- 1 root root  540 Nov 26 14:07 2025-01-30.md
-rw------- 1 root root  573 Nov 26 14:07 2025-01-31.md
-rw------- 1 root root 1120 Nov 26 14:07 2025-02-01.md
-rw------- 1 root root  536 Nov 26 14:07 2025-02-03.md
-rw------- 1 root root  537 Nov 26 14:07 2025-02-04.md
-rw------- 1 root root  590 Nov 26 14:07 2025-02-05.md
-rw------- 1 root root  520 Nov 26 14:07 2025-02-06.md
-rw------- 1 root root  524 Nov 26 14:07 2025-02-10.md
-rw------- 1 root root  543 Nov 26 14:07 2025-02-12.md
-rw------- 1 root root  887 Nov 26 14:07 2025-02-14.md

=== 09_activity_streams/linear_objects/ ===
total 16
drwxrwxrwx 2 root root 4096 Nov 26 14:05 .
drwxrwxrwx 5 root root 4096 Nov 26 14:04 ..
-rw------- 1 root root 1228 Nov 26 14:05 critical_production_data_corruption_847_accounts_affected.md
-rw------- 1 root root 1067 Nov 26 14:05 mission_critical_healthcare_platform_v2_0_company_survival_release.md

=== 09_activity_streams/slack_threads/ ===
total 20
drwxrwxrwx 2 root root 4096 Nov 26 14:06 .
drwxrwxrwx 5 root root 4096 Nov 26 14:04 ..
-rw------- 1 root root  624 Nov 26 14:06 compliance.md
-rw------- 1 root root 3747 Nov 26 14:06 engineering.md
-rw------- 1 root root 2418 Nov 26 14:06 general.md

=== Full tree of 09_activity_streams ===
/benchmark_data/setup_and_run.sh: line 218: tree: command not found

=== processed_data.md exists? ===
YES - processed_data.md found
First 50 lines:
# Event History Processing Summary

**Processing Date**: 2025-11-26
**Source**: /workspace/unsorted/event_history.json
**Total Events**: 37 events (2 Linear, 35 Slack)

---

## Linear Tickets Summary

### All Tickets (Current Status)

1. **MISSION CRITICAL: Healthcare Platform v2.0 - Company Survival Release**
   - **Status**: In Progress
   - **Lead**: Alice
   - **Priority**: Urgent
   - **Timeline**: 2025-01-13 → 2025-01-31
   - **Team**: Engineering
   - **Milestone**: Last Chance Release v2.0
   - **File**: `09_activity_streams/linear_objects/mission_critical_healthcare_platform_v2_0_company_survival_release.md`

2. **CRITICAL: Production data corruption - 847 accounts affected**
   - **Status**: In Progress
   - **Lead**: Bob
   - **Priority**: Urgent
   - **Timeline**: 2025-02-01 → 2025-02-01
   - **Team**: Engineering
   - **File**: `09_activity_streams/linear_objects/critical_production_data_corruption_847_accounts_affected.md`

### Lead Assignments
- **Alice**: 1 ticket (Mission Critical v2.0 Release)
- **Bob**: 1 ticket (Data Corruption Fix)

### No Reassignments Detected
Both tickets were created and remained with their original leads throughout the event history.

---

## Slack Channels Summary

### Channels Found: 3

1. **#general** - 12 messages
   - Company-wide announcements
   - Leadership updates
   - Financial and operational crises
   - File: `09_activity_streams/slack_threads/general.md`

2. **#engineering** - 20 messages
   - Technical discussions

=== Count of files created ===
Daily digests: 23
Linear objects: 2
Slack threads: 3

