## ✅ Processing Complete

I've successfully processed and organized all event history data according to the PAM Memory Agent Guide structure. Here's what was accomplished:

### 📊 **Files Created (16 total)**

#### **Linear Objects** (7 files)
Located in: `09_activity_streams/linear_objects/`
1. `critical_cve_2024_8847_security_response.md`
2. `release_v2_4_1_goldman_sachs_critical_go_live.md`
3. `emergency_jpmorgan_v2_3_9_security_breach_response.md`
4. `deploy_v2_4_2_security_patch.md`
5. `emergency_goldman_trading_latency_regression.md`
6. `crisis_response_multi_version_compatibility_matrix.md`
7. `system_audit_version_control_and_deployment_integrity.md`

#### **Slack Threads** (6 files)
Located in: `09_activity_streams/slack_threads/`
1. `security_alerts.md` - 7 messages
2. `releases.md` - 8 messages
3. `engineering.md` - 8 messages
4. `incident_response.md` - 3 messages
5. `customer_success.md` - 10 messages
6. `random.md` - 4 messages

#### **Daily Digests** (3 files)
Located in: `09_activity_streams/daily_digests/`
1. `2024-12-10.md` - Crisis day (27 events)
2. `2024-12-11.md` - Latency crisis (16 events)
3. `2024-12-12.md` - System contamination (10 events)

### 📈 **Processing Statistics**

- **Total Events**: 53 (8 Linear, 45 Slack)
- **Date Range**: Dec 10-12, 2024
- **Unique Tickets**: 7 (6 in_progress, 1 done)
- **Channels**: 6
- **Team Members**: 4 (alice, bob, charlie, diana)
- **Reassignments**: 0

### 🎯 **Key Findings**

**Current Status of All Tickets**:
- SEC-001: CVE Response - **in_progress** (charlie)
- REL-001: Goldman Release - **in_progress** (bob)
- SEC-002: JPMorgan Breach - **in_progress** (diana)
- SEC-003: v2.4.2 Patch - **done** ✅ (charlie)
- REL-002: Latency Regression - **in_progress** (bob)
- ENG-001: Compatibility Matrix - **in_progress** (alice)
- ENG-002: System Audit - **in_progress** (alice)

**Critical Issues Identified**:
1. System-wide version contamination affecting multiple banks
2. $2.3M financial loss for Goldman Sachs
3. JPMorgan security breach and legal threats
4. Deployment integrity crisis worse than original CVE

All data is now organized, cross-referenced with [[wikilinks]], and ready for analysis. The summary report is available at `/workspace/processed_data.md`.
