Checking directory structure...

=== 09_activity_streams/daily_digests/ ===
total 32
drwxrwxrwx 2 root root 4096 Nov 26 14:23 .
drwxrwxrwx 5 root root 4096 Nov 26 14:19 ..
-rw------- 1 root root 7218 Nov 26 14:23 2024-12-10.md
-rw------- 1 root root 6452 Nov 26 14:23 2024-12-11.md
-rw------- 1 root root 4550 Nov 26 14:23 2024-12-12.md

=== 09_activity_streams/linear_objects/ ===
total 36
drwxrwxrwx 2 root root 4096 Nov 26 14:20 .
drwxrwxrwx 5 root root 4096 Nov 26 14:19 ..
-rw------- 1 root root  969 Nov 26 14:20 crisis_response_multi_version_compatibility_matrix.md
-rw------- 1 root root  942 Nov 26 14:20 critical_cve_2024_8847_security_response.md
-rw------- 1 root root  902 Nov 26 14:20 deploy_v2_4_2_security_patch.md
-rw------- 1 root root 1028 Nov 26 14:20 emergency_goldman_trading_latency_regression.md
-rw------- 1 root root  919 Nov 26 14:20 emergency_jpmorgan_v2_3_9_security_breach_response.md
-rw------- 1 root root  951 Nov 26 14:20 release_v2_4_1_goldman_sachs_critical_go_live.md
-rw------- 1 root root 1106 Nov 26 14:20 system_audit_version_control_and_deployment_integrity.md

=== 09_activity_streams/slack_threads/ ===
total 32
drwxrwxrwx 2 root root 4096 Nov 26 14:21 .
drwxrwxrwx 5 root root 4096 Nov 26 14:19 ..
-rw------- 1 root root 2053 Nov 26 14:21 customer_success.md
-rw------- 1 root root 2122 Nov 26 14:21 engineering.md
-rw------- 1 root root  626 Nov 26 14:21 incident_response.md
-rw------- 1 root root  858 Nov 26 14:21 random.md
-rw------- 1 root root 1462 Nov 26 14:21 releases.md
-rw------- 1 root root 1344 Nov 26 14:21 security_alerts.md

=== Full tree of 09_activity_streams ===
/benchmark_data/setup_and_run.sh: line 218: tree: command not found

=== processed_data.md exists? ===
YES - processed_data.md found
First 50 lines:
---
title: Event History Processing Summary
date: 2024-12-12
type: processing_report
tags: [summary, linear, slack, event-processing]
---

# Event History Processing Summary

## Processing Overview
Processed event history from December 10-12, 2024 covering a critical security incident and subsequent deployment crisis.

**Total Events Processed**: 53
- Linear Events: 8
- Slack Events: 45

**Date Range**: 2024-12-10 to 2024-12-12 (3 days)

---

## Linear Tickets Summary

### All Tickets (7 unique tickets)

| Ticket ID | Title | Team | Lead | Status | Created |
|-----------|-------|------|------|--------|---------|
| SEC-001 | CRITICAL: CVE-2024-8847 Security Response | security | charlie | in_progress | 2024-12-10 |
| REL-001 | Release v2.4.1 - Goldman Sachs Critical Go-Live | release | bob | in_progress | 2024-12-10 |
| SEC-002 | Emergency: JPMorgan v2.3.9 security breach response | security | diana | in_progress | 2024-12-10 |
| SEC-003 | Deploy v2.4.2 Security Patch | security | charlie | **done** | 2024-12-10 |
| REL-002 | Emergency: Goldman trading latency regression | release | bob | in_progress | 2024-12-11 |
| ENG-001 | Crisis Response: Multi-version compatibility matrix | engineering | alice | in_progress | 2024-12-11 |
| ENG-002 | System Audit: Version Control and Deployment Integrity | engineering | alice | in_progress | 2024-12-12 |

### Tickets by Status
- **in_progress**: 6 tickets
- **done**: 1 ticket (Deploy v2.4.2 Security Patch)

### Tickets by Team
- **security**: 3 tickets (1 done, 2 in_progress)
- **release**: 2 tickets (both in_progress)
- **engineering**: 2 tickets (both in_progress)

### Tickets by Lead
- **charlie** (Security Lead): 2 tickets (1 done, 1 in_progress)
- **bob** (Release Lead): 2 tickets (both in_progress)
- **diana** (Customer Success Lead): 1 ticket (in_progress)
- **alice** (Engineering Lead): 2 tickets (both in_progress)

### Lead Reassignments Detected

=== Count of files created ===
Daily digests: 3
Linear objects: 7
Slack threads: 6

