Perfect! Processing complete. Here's the verification summary:

## ✅ Processing Complete

### Files Created by Directory:

#### **09_activity_streams/linear_objects/** (5 files)
1. `analyticsflow_api_intermittent_failures_3_5_error_rate.md`
2. `backup_data_source_integration_datavault_api.md`
3. `customer_data_inconsistencies_investigate_metric_discrepancies.md`
4. `new_team_member_onboarding_eve_joins_platform_team.md`
5. `system_architecture_simplification_remove_workaround_cascade.md`

#### **09_activity_streams/slack_threads/** (3 files)
1. `platform.md` - 32 messages
2. `engineering.md` - 9 messages
3. `research.md` - 3 messages

#### **09_activity_streams/daily_digests/** (22 files)
Daily digests for: Jan 6-23, 27-30, 2025

### Summary Document
- **`/workspace/processed_data.md`** - Comprehensive summary with:
  - All unique tickets and current status
  - All channels found
  - Message counts per channel
  - No reassignments detected
  - Key events timeline
  - Root cause analysis
  - Statistics and lessons learned

### Key Insights from Processing:

The event history tells a fascinating story of **emergent complexity** - a team that built increasingly sophisticated workarounds (retry logic → backup system → transformation layer → GC tuning → circuit breakers) to handle what they thought were API failures. 

New team member **eve** discovered the root cause: the original "failures" were simply geographic routing delays (5-10 seconds) from AnalyticsFlow's data center A/B testing. A simple **30-second timeout adjustment** would have prevented the entire cascade of complexity.

This demonstrates the critical importance of root cause investigation vs. symptom treatment - a key lesson now documented in the PAM memory system.
