Checking directory structure...

=== 09_activity_streams/daily_digests/ ===
total 96
drwxrwxrwx 2 root root 4096 Nov 26 15:05 .
drwxrwxrwx 5 root root 4096 Nov 26 15:01 ..
-rw------- 1 root root  823 Nov 26 15:05 2025-01-06.md
-rw------- 1 root root  389 Nov 26 15:05 2025-01-07.md
-rw------- 1 root root  483 Nov 26 15:05 2025-01-08.md
-rw------- 1 root root  463 Nov 26 15:05 2025-01-09.md
-rw------- 1 root root  404 Nov 26 15:05 2025-01-10.md
-rw------- 1 root root  384 Nov 26 15:05 2025-01-11.md
-rw------- 1 root root  351 Nov 26 15:05 2025-01-12.md
-rw------- 1 root root  415 Nov 26 15:05 2025-01-13.md
-rw------- 1 root root  447 Nov 26 15:05 2025-01-14.md
-rw------- 1 root root  563 Nov 26 15:05 2025-01-15.md
-rw------- 1 root root  551 Nov 26 15:05 2025-01-16.md
-rw------- 1 root root  516 Nov 26 15:05 2025-01-17.md
-rw------- 1 root root  408 Nov 26 15:05 2025-01-18.md
-rw------- 1 root root  406 Nov 26 15:05 2025-01-19.md
-rw------- 1 root root  402 Nov 26 15:05 2025-01-20.md
-rw------- 1 root root 1357 Nov 26 15:05 2025-01-21.md
-rw------- 1 root root  428 Nov 26 15:05 2025-01-22.md
-rw------- 1 root root  510 Nov 26 15:05 2025-01-23.md
-rw------- 1 root root 1341 Nov 26 15:05 2025-01-27.md
-rw------- 1 root root 1855 Nov 26 15:05 2025-01-28.md
-rw------- 1 root root  696 Nov 26 15:05 2025-01-29.md
-rw------- 1 root root  475 Nov 26 15:05 2025-01-30.md

=== 09_activity_streams/linear_objects/ ===
total 28
drwxrwxrwx 2 root root 4096 Nov 26 15:02 .
drwxrwxrwx 5 root root 4096 Nov 26 15:01 ..
-rw------- 1 root root 1019 Nov 26 15:02 analyticsflow_api_intermittent_failures_3_5_error_rate.md
-rw------- 1 root root  954 Nov 26 15:02 backup_data_source_integration_datavault_api.md
-rw------- 1 root root 1149 Nov 26 15:02 customer_data_inconsistencies_investigate_metric_discrepancies.md
-rw------- 1 root root  939 Nov 26 15:02 new_team_member_onboarding_eve_joins_platform_team.md
-rw------- 1 root root 1856 Nov 26 15:02 system_architecture_simplification_remove_workaround_cascade.md

=== 09_activity_streams/slack_threads/ ===
total 24
drwxrwxrwx 2 root root 4096 Nov 26 15:03 .
drwxrwxrwx 5 root root 4096 Nov 26 15:01 ..
-rw------- 1 root root 1880 Nov 26 15:03 engineering.md
-rw------- 1 root root 5557 Nov 26 15:03 platform.md
-rw------- 1 root root  672 Nov 26 15:03 research.md

=== Full tree of 09_activity_streams ===
/benchmark_data/setup_and_run.sh: line 218: tree: command not found

=== processed_data.md exists? ===
YES - processed_data.md found
First 50 lines:
---
title: Event History Processing Summary
date: 2025-01-30
processing_date: 2025-11-26
source: /workspace/unsorted/event_history.json
---

# Event History Processing Summary

## Overview
Processed 92 events spanning January 6-30, 2025, from Linear tickets and Slack messages across engineering, platform, and research teams.

## Linear Tickets Summary

### Total Tickets: 5

#### 1. AnalyticsFlow API intermittent failures - 3-5% error rate
- **Ticket ID**: analyticsflow_api_intermittent_failures_3_5_error_rate
- **Team**: Platform
- **Lead**: bob
- **Priority**: Medium
- **Status**: In Progress
- **Created**: 2025-01-06
- **Expected Finish**: 2025-01-10
- **File**: `09_activity_streams/linear_objects/analyticsflow_api_intermittent_failures_3_5_error_rate.md`

#### 2. Backup data source integration - DataVault API
- **Ticket ID**: backup_data_source_integration_datavault_api
- **Team**: Platform
- **Lead**: diana
- **Priority**: Medium
- **Status**: In Progress
- **Created**: 2025-01-09
- **Expected Finish**: 2025-01-15
- **File**: `09_activity_streams/linear_objects/backup_data_source_integration_datavault_api.md`

#### 3. Customer data inconsistencies - investigate metric discrepancies
- **Ticket ID**: customer_data_inconsistencies_investigate_metric_discrepancies
- **Team**: Engineering
- **Lead**: alice
- **Priority**: Urgent
- **Status**: In Progress
- **Created**: 2025-01-21
- **Expected Finish**: 2025-01-24
- **File**: `09_activity_streams/linear_objects/customer_data_inconsistencies_investigate_metric_discrepancies.md`

#### 4. New team member onboarding - eve joins platform team
- **Ticket ID**: new_team_member_onboarding_eve
- **Team**: Platform
- **Lead**: alice

=== Count of files created ===
Daily digests: 22
Linear objects: 5
Slack threads: 3

