Perfect! Let me create a final verification summary:

## ✅ PROCESSING COMPLETE

### Files Created by Directory:

#### **09_activity_streams/linear_objects/** (8 files)
1. `techcorp_integration_planning.md` - ENG-001, alice, high priority
2. `urgent_python_to_java_migration_assessment.md` - INT-001, bob, urgent
3. `emergency_alice_departure_knowledge_transfer.md` - ENG-002, bob, urgent
4. `java_migration_create_compatibility_layer.md` - INT-002, diana, high
5. `critical_techcorp_competitive_threat_discovery.md` - ENG-003, bob, urgent
6. `team_response_strategy_resist_or_comply.md` - ENG-004, bob, urgent
7. `java_migration_status_intentional_delays.md` - INT-003, diana, medium
8. `java_migration_final_status.md` - INT-004, bob, cancelled ⚠️

#### **09_activity_streams/slack_threads/** (3 files)
1. `engineering.md` - 32 messages (alice, bob, diana, charlie)
2. `research.md` - 4 messages (charlie)
3. `competition-intel.md` - 3 messages (charlie)

#### **09_activity_streams/daily_digests/** (37 files)
All days with activity from Nov 1 - Dec 15, 2024:
- Continuous: Nov 1, 3-15
- Weekly gaps: Nov 18-22, 25-30
- December: Dec 1-6, 9-10, 12-15

---

### Summary Statistics

**Total Events Processed**: 36
- Linear events: 10
- Slack events: 26

**Total Files Created**: 48
- Linear objects: 8
- Slack threads: 3
- Daily digests: 37

**Team Members**: 4 (alice, bob, diana, charlie)

**Channels**: 3 (engineering, research, competition-intel)

**Date Range**: 2024-11-01 to 2024-12-15 (45 days)

---

### Key Findings

**Unique Tickets**: 8 distinct Linear tickets tracked
- 7 remain in_progress
- 1 cancelled (Java Migration Final Status)

**Leadership Changes Detected**:
- Alice: Started as lead (ENG-001), departed Nov 15
- Bob: Assumed leadership, leads 5 tickets
- Diana: Leads 2 integration tickets

**Reassignments Detected**:
- Java migration project: alice → bob (after departure)
- Multiple related tickets created as crisis evolved

**Channels Activity**:
- engineering: 32 messages (highest activity)
- research: 4 messages
- competition-intel: 3 messages

---

### Summary Document

Created comprehensive summary at `/workspace/processed_data.md` containing:
- Complete ticket listing with current status
- All channels with message counts
- Leadership changes and reassignments
- Critical timeline of events
- Evidence documentation summary
- Files created inventory

All processing instructions have been completed successfully!
