Checking directory structure...

=== 09_activity_streams/daily_digests/ ===
total 156
drwxrwxrwx 2 root root 4096 Nov 26 14:15 .
drwxrwxrwx 5 root root 4096 Nov 26 14:10 ..
-rw------- 1 root root  901 Nov 26 14:14 2024-11-01.md
-rw------- 1 root root  874 Nov 26 14:14 2024-11-03.md
-rw------- 1 root root  498 Nov 26 14:14 2024-11-04.md
-rw------- 1 root root 1100 Nov 26 14:14 2024-11-05.md
-rw------- 1 root root  581 Nov 26 14:14 2024-11-06.md
-rw------- 1 root root  513 Nov 26 14:14 2024-11-07.md
-rw------- 1 root root  703 Nov 26 14:14 2024-11-08.md
-rw------- 1 root root  547 Nov 26 14:14 2024-11-09.md
-rw------- 1 root root  744 Nov 26 14:14 2024-11-10.md
-rw------- 1 root root  642 Nov 26 14:14 2024-11-11.md
-rw------- 1 root root  537 Nov 26 14:14 2024-11-12.md
-rw------- 1 root root  552 Nov 26 14:14 2024-11-13.md
-rw------- 1 root root  571 Nov 26 14:14 2024-11-14.md
-rw------- 1 root root  566 Nov 26 14:14 2024-11-15.md
-rw------- 1 root root  524 Nov 26 14:15 2024-11-18.md
-rw------- 1 root root  705 Nov 26 14:15 2024-11-19.md
-rw------- 1 root root  548 Nov 26 14:15 2024-11-20.md
-rw------- 1 root root  554 Nov 26 14:15 2024-11-21.md
-rw------- 1 root root  532 Nov 26 14:15 2024-11-22.md
-rw------- 1 root root 1345 Nov 26 14:15 2024-11-25.md
-rw------- 1 root root  830 Nov 26 14:15 2024-11-26.md
-rw------- 1 root root  595 Nov 26 14:15 2024-11-27.md
-rw------- 1 root root  505 Nov 26 14:15 2024-11-28.md
-rw------- 1 root root  654 Nov 26 14:15 2024-11-29.md
-rw------- 1 root root  546 Nov 26 14:15 2024-11-30.md
-rw------- 1 root root  524 Nov 26 14:15 2024-12-01.md
-rw------- 1 root root  555 Nov 26 14:15 2024-12-02.md
-rw------- 1 root root  556 Nov 26 14:15 2024-12-03.md
-rw------- 1 root root  560 Nov 26 14:15 2024-12-04.md
-rw------- 1 root root  635 Nov 26 14:15 2024-12-05.md
-rw------- 1 root root  728 Nov 26 14:15 2024-12-06.md
-rw------- 1 root root  558 Nov 26 14:15 2024-12-09.md
-rw------- 1 root root  570 Nov 26 14:15 2024-12-10.md
-rw------- 1 root root  543 Nov 26 14:15 2024-12-12.md
-rw------- 1 root root  547 Nov 26 14:15 2024-12-13.md
-rw------- 1 root root  581 Nov 26 14:15 2024-12-14.md
-rw------- 1 root root 1075 Nov 26 14:15 2024-12-15.md

=== 09_activity_streams/linear_objects/ ===
total 40
drwxrwxrwx 2 root root 4096 Nov 26 14:12 .
drwxrwxrwx 5 root root 4096 Nov 26 14:10 ..
-rw------- 1 root root 1381 Nov 26 14:11 critical_techcorp_competitive_threat_discovery.md
-rw------- 1 root root 1072 Nov 26 14:11 emergency_alice_departure_knowledge_transfer.md
-rw------- 1 root root 1174 Nov 26 14:11 java_migration_create_compatibility_layer.md
-rw------- 1 root root 2078 Nov 26 14:12 java_migration_final_status.md
-rw------- 1 root root 1349 Nov 26 14:12 java_migration_status_intentional_delays.md
-rw------- 1 root root 1432 Nov 26 14:12 team_response_strategy_resist_or_comply.md
-rw------- 1 root root  867 Nov 26 14:11 techcorp_integration_planning.md
-rw------- 1 root root  993 Nov 26 14:11 urgent_python_to_java_migration_assessment.md

=== 09_activity_streams/slack_threads/ ===
total 24
drwxrwxrwx 2 root root 4096 Nov 26 14:13 .
drwxrwxrwx 5 root root 4096 Nov 26 14:10 ..
-rw------- 1 root root  658 Nov 26 14:13 competition-intel.md
-rw------- 1 root root 6594 Nov 26 14:13 engineering.md
-rw------- 1 root root  893 Nov 26 14:13 research.md

=== Full tree of 09_activity_streams ===
/benchmark_data/setup_and_run.sh: line 218: tree: command not found

=== processed_data.md exists? ===
YES - processed_data.md found
First 50 lines:
---
title: Event History Processing Summary
date: 2024-11-26
processing_date: 2024-11-26
source: event_history.json
---

# Event History Processing Summary

## Overview
Processed 36 events from the TechCorp acquisition integration period (Nov 1 - Dec 15, 2024). Events span critical 45-day period from acquisition announcement through failed Java migration.

---

## Linear Tickets Summary

### All Tickets (10 total)

#### 1. TechCorp Integration Planning
- **Ticket ID**: ENG-001
- **Status**: in_progress
- **Lead**: alice
- **Priority**: high
- **Created**: 2024-11-01
- **Timeline**: Nov 1 - Nov 8
- **Milestone**: TechCorp Integration Phase 1
- **File**: `linear_objects/techcorp_integration_planning.md`

#### 2. URGENT: Python to Java migration assessment
- **Ticket ID**: INT-001
- **Status**: in_progress
- **Lead**: bob
- **Priority**: urgent
- **Created**: 2024-11-05
- **Timeline**: Nov 5 - Nov 12
- **Milestone**: TechCorp Integration Phase 1
- **File**: `linear_objects/urgent_python_to_java_migration_assessment.md`

#### 3. Emergency: Alice departure - knowledge transfer
- **Ticket ID**: ENG-002
- **Status**: in_progress
- **Lead**: bob (after alice)
- **Priority**: urgent
- **Created**: 2024-11-11
- **Timeline**: Nov 11 - Nov 15
- **File**: `linear_objects/emergency_alice_departure_knowledge_transfer.md`

#### 4. Java Migration: Create compatibility layer
- **Ticket ID**: INT-002
- **Status**: in_progress

=== Count of files created ===
Daily digests: 37
Linear objects: 8
Slack threads: 3

